# Mutoon Tarteel — recite log
# MUTOON_RECITE_BUILD=align-trust-v3
# build: {"tag":"MUTOON_RECITE_BUILD=align-trust-v3","alignTrustVersion":3,"appVersion":"1.0.2","commitGraceMs":1200,"maxSkipMissesPerStep":1,"expectLogMarkers":["commitGraceSkip","skipAheadMissesIgnored"],"dev":true}
# started: 2026-06-04T16:42:24.888Z
# file: file:///var/mobile/Containers/Data/Application/9410D506-338D-4AE8-AEBC-4F903F86C9E5/Documents/recite-logs/2026-06-04T16-42-24-888Z_tuhfat_al_atfal_cloud.log
# meta: {"matnId":"tuhfat_al_atfal","asrMode":"cloud","startIdx":0,"endIdx":121,"totalWords":558,"lineCount":122}

[MutoonRecite] BUILD_STAMP {"tag":"MUTOON_RECITE_BUILD=align-trust-v3","alignTrustVersion":3,"appVersion":"1.0.2","commitGraceMs":1200,"maxSkipMissesPerStep":1,"expectLogMarkers":["commitGraceSkip","skipAheadMissesIgnored"],"dev":true}

[MutoonRecite] fileLog.begin {"file":"file:///var/mobile/Containers/Data/Application/9410D506-338D-4AE8-AEBC-4F903F86C9E5/Documents/recite-logs/2026-06-04T16-42-24-888Z_tuhfat_al_atfal_cloud.log","dir":"file:///var/mobile/Containers/Data/Application/9410D506-338D-4AE8-AEBC-4F903F86C9E5/Documents/recite-logs/"}
[MutoonRecite] #1 session.build {"tag":"MUTOON_RECITE_BUILD=align-trust-v3","alignTrustVersion":3,"appVersion":"1.0.2","commitGraceMs":1200,"maxSkipMissesPerStep":1,"expectLogMarkers":["commitGraceSkip","skipAheadMissesIgnored"],"dev":true}
[MutoonRecite] #2 session.screen {"matnId":"tuhfat_al_atfal","startIdx":0,"endIdx":121,"totalWords":558,"lineCount":122,"asrMode":"cloud"}
[MutoonRecite] #3 session.load {"totalWords":558,"lines":122,"start":"يَقُولُ · رَاجِي · رَحْمَةِ · الْغَفُورِ · دَوْمًا · سُلَيْمَانُ"}
[MutoonRecite] #4 listen.start {"wordCursor":0,"remainingCount":558,"remaining":"يَقُولُ · رَاجِي · رَحْمَةِ · الْغَفُورِ · دَوْمًا · سُلَيْمَانُ · هُوَ · الْجَمْزُورِي · الْحَمْدُ · لِلَّهِ · مُصَلِّيًا · عَلَى … (+546 more)","provider":"cloud:deepgram","tag":"MUTOON_RECITE_BUILD=align-trust-v3","alignTrustVersion":3,"appVersion":"1.0.2","commitGraceMs":1200,"maxSkipMissesPerStep":1,"expectLogMarkers":["commitGraceSkip","skipAheadMissesIgnored"],"dev":true}
[MutoonRecite] #5 asr.start {"provider":"cloud:deepgram","contextualCount":32,"biasCount":60}
[MutoonRecite] #6 asr.cloudOpen {"vendor":"deepgram-nova-3","model":"nova-3","language":"ar","biasCount":60}
[MutoonRecite] #7 align.result {"source":"mic","isFinal":false,"monotonic":true,"anchor":0,"cursorBefore":0,"cursorAfter":1,"rawMatchedThrough":1,"matchedThrough":1,"relocalized":false,"recognized":"يقول","expectedFromAnchor":"يَقُولُ · رَاجِي · رَحْمَةِ · الْغَفُورِ · دَوْمًا · سُلَيْمَانُ · هُوَ · الْجَمْزُورِي · الْحَمْدُ · لِلَّهِ · مُصَلِّيًا · عَلَى","nextExpected":"رَاجِي","alignMistakes":0}
[MutoonRecite] #8 align.skipAhead {"source":"mic","fromCursor":0,"toCursor":1,"skipped":0}
[MutoonRecite] #9 align.result {"source":"mic","isFinal":false,"monotonic":true,"anchor":1,"cursorBefore":1,"cursorAfter":2,"rawMatchedThrough":1,"matchedThrough":1,"relocalized":false,"recognized":"يقول · راجي","expectedFromAnchor":"رَاجِي · رَحْمَةِ · الْغَفُورِ · دَوْمًا · سُلَيْمَانُ · هُوَ · الْجَمْزُورِي · الْحَمْدُ · لِلَّهِ · مُصَلِّيًا · عَلَى · مُحَمَّدٍ","nextExpected":"رَحْمَةِ","alignMistakes":0}
[MutoonRecite] #10 align.skipAhead {"source":"mic","fromCursor":1,"toCursor":2,"skipped":0}
[MutoonRecite] #11 align.result {"source":"mic","isFinal":false,"monotonic":true,"anchor":2,"cursorBefore":2,"cursorAfter":3,"rawMatchedThrough":1,"matchedThrough":1,"relocalized":false,"recognized":"يقول · راجي · رحمه","expectedFromAnchor":"رَحْمَةِ · الْغَفُورِ · دَوْمًا · سُلَيْمَانُ · هُوَ · الْجَمْزُورِي · الْحَمْدُ · لِلَّهِ · مُصَلِّيًا · عَلَى · مُحَمَّدٍ · وَآلِهِ","nextExpected":"الْغَفُورِ","alignMistakes":0}
[MutoonRecite] #12 align.skipAhead {"source":"mic","fromCursor":2,"toCursor":3,"skipped":0}
[MutoonRecite] #13 align.result {"source":"mic","isFinal":true,"monotonic":true,"anchor":3,"cursorBefore":3,"cursorAfter":3,"rawMatchedThrough":0,"matchedThrough":0,"relocalized":false,"recognized":"يقول · راجي · رحمه","expectedFromAnchor":"الْغَفُورِ · دَوْمًا · سُلَيْمَانُ · هُوَ · الْجَمْزُورِي · الْحَمْدُ · لِلَّهِ · مُصَلِّيًا · عَلَى · مُحَمَّدٍ · وَآلِهِ · وَمَنْ","nextExpected":"الْغَفُورِ","alignMistakes":0}
[MutoonRecite] #14 listen.segmentFinal {"wordCursor":3}
[MutoonRecite] #15 align.result {"source":"mic","isFinal":false,"monotonic":true,"anchor":3,"cursorBefore":3,"cursorAfter":4,"rawMatchedThrough":1,"matchedThrough":1,"relocalized":false,"recognized":"الغفور","expectedFromAnchor":"الْغَفُورِ · دَوْمًا · سُلَيْمَانُ · هُوَ · الْجَمْزُورِي · الْحَمْدُ · لِلَّهِ · مُصَلِّيًا · عَلَى · مُحَمَّدٍ · وَآلِهِ · وَمَنْ","nextExpected":"دَوْمًا","alignMistakes":0}
[MutoonRecite] #16 align.skipAhead {"source":"mic","fromCursor":3,"toCursor":4,"skipped":0}
[MutoonRecite] #17 align.result {"source":"mic","isFinal":false,"monotonic":true,"anchor":4,"cursorBefore":4,"cursorAfter":5,"rawMatchedThrough":1,"matchedThrough":1,"relocalized":false,"recognized":"الغفور · دوم","expectedFromAnchor":"دَوْمًا · سُلَيْمَانُ · هُوَ · الْجَمْزُورِي · الْحَمْدُ · لِلَّهِ · مُصَلِّيًا · عَلَى · مُحَمَّدٍ · وَآلِهِ · وَمَنْ · تَلَا","nextExpected":"سُلَيْمَانُ","alignMistakes":0}
[MutoonRecite] #18 align.skipAhead {"source":"mic","fromCursor":4,"toCursor":5,"skipped":0}
[MutoonRecite] #19 align.result {"source":"mic","isFinal":false,"monotonic":true,"anchor":5,"cursorBefore":5,"cursorAfter":5,"rawMatchedThrough":0,"matchedThrough":0,"relocalized":false,"recognized":"الغفور · دوما · سولا","expectedFromAnchor":"سُلَيْمَانُ · هُوَ · الْجَمْزُورِي · الْحَمْدُ · لِلَّهِ · مُصَلِّيًا · عَلَى · مُحَمَّدٍ · وَآلِهِ · وَمَنْ · تَلَا · وَبَعْدُ","nextExpected":"سُلَيْمَانُ","alignMistakes":0}
[MutoonRecite] #20 align.result {"source":"mic","isFinal":false,"monotonic":true,"anchor":5,"cursorBefore":5,"cursorAfter":6,"rawMatchedThrough":1,"matchedThrough":1,"relocalized":false,"recognized":"الغفور · دوما · سليمان","expectedFromAnchor":"سُلَيْمَانُ · هُوَ · الْجَمْزُورِي · الْحَمْدُ · لِلَّهِ · مُصَلِّيًا · عَلَى · مُحَمَّدٍ · وَآلِهِ · وَمَنْ · تَلَا · وَبَعْدُ","nextExpected":"هُوَ","alignMistakes":0}
[MutoonRecite] #21 align.skipAhead {"source":"mic","fromCursor":5,"toCursor":6,"skipped":0}
[MutoonRecite] #22 align.result {"source":"mic","isFinal":true,"monotonic":true,"anchor":6,"cursorBefore":6,"cursorAfter":6,"rawMatchedThrough":0,"matchedThrough":0,"relocalized":false,"recognized":"الغفور · دوما","expectedFromAnchor":"هُوَ · الْجَمْزُورِي · الْحَمْدُ · لِلَّهِ · مُصَلِّيًا · عَلَى · مُحَمَّدٍ · وَآلِهِ · وَمَنْ · تَلَا · وَبَعْدُ · هَذَا","nextExpected":"هُوَ","alignMistakes":0}
[MutoonRecite] #23 listen.segmentFinal {"wordCursor":6}
[MutoonRecite] #24 align.result {"source":"mic","isFinal":false,"monotonic":true,"anchor":6,"cursorBefore":6,"cursorAfter":8,"rawMatchedThrough":2,"matchedThrough":2,"relocalized":false,"recognized":"سليمان · هو · الجمزور","expectedFromAnchor":"هُوَ · الْجَمْزُورِي · الْحَمْدُ · لِلَّهِ · مُصَلِّيًا · عَلَى · مُحَمَّدٍ · وَآلِهِ · وَمَنْ · تَلَا · وَبَعْدُ · هَذَا","nextExpected":"الْحَمْدُ","alignMistakes":0}
[MutoonRecite] #25 align.skipAhead {"source":"mic","fromCursor":6,"toCursor":8,"skipped":0}
[MutoonRecite] #26 align.result {"source":"mic","isFinal":false,"monotonic":true,"anchor":8,"cursorBefore":8,"cursorAfter":8,"rawMatchedThrough":0,"matchedThrough":0,"relocalized":false,"recognized":"سليمان · والجمزوري","expectedFromAnchor":"الْحَمْدُ · لِلَّهِ · مُصَلِّيًا · عَلَى · مُحَمَّدٍ · وَآلِهِ · وَمَنْ · تَلَا · وَبَعْدُ · هَذَا · النَّظْمُ · لِلْمُرِيدِ","nextExpected":"الْحَمْدُ","alignMistakes":0}
[MutoonRecite] #27 align.result {"source":"mic","isFinal":true,"monotonic":true,"anchor":8,"cursorBefore":8,"cursorAfter":8,"rawMatchedThrough":0,"matchedThrough":0,"relocalized":false,"recognized":"سليمان · هو · الجمزوري","expectedFromAnchor":"الْحَمْدُ · لِلَّهِ · مُصَلِّيًا · عَلَى · مُحَمَّدٍ · وَآلِهِ · وَمَنْ · تَلَا · وَبَعْدُ · هَذَا · النَّظْمُ · لِلْمُرِيدِ","nextExpected":"الْحَمْدُ","alignMistakes":0}
[MutoonRecite] #28 listen.segmentFinal {"wordCursor":8}
[MutoonRecite] #29 align.result {"source":"mic","isFinal":false,"monotonic":true,"anchor":8,"cursorBefore":8,"cursorAfter":10,"rawMatchedThrough":2,"matchedThrough":2,"relocalized":false,"recognized":"الحمد · لله","expectedFromAnchor":"الْحَمْدُ · لِلَّهِ · مُصَلِّيًا · عَلَى · مُحَمَّدٍ · وَآلِهِ · وَمَنْ · تَلَا · وَبَعْدُ · هَذَا · النَّظْمُ · لِلْمُرِيدِ","nextExpected":"مُصَلِّيًا","alignMistakes":0}
[MutoonRecite] #30 align.skipAhead {"source":"mic","fromCursor":8,"toCursor":10,"skipped":0}
[MutoonRecite] #31 align.result {"source":"mic","isFinal":false,"monotonic":true,"anchor":10,"cursorBefore":10,"cursorAfter":11,"rawMatchedThrough":1,"matchedThrough":1,"relocalized":false,"recognized":"الحمد · لله · مصليا","expectedFromAnchor":"مُصَلِّيًا · عَلَى · مُحَمَّدٍ · وَآلِهِ · وَمَنْ · تَلَا · وَبَعْدُ · هَذَا · النَّظْمُ · لِلْمُرِيدِ · فِي · النُّونِ","nextExpected":"عَلَى","alignMistakes":0}
[MutoonRecite] #32 align.skipAhead {"source":"mic","fromCursor":10,"toCursor":11,"skipped":0}
[MutoonRecite] #33 asr.rebiasRequest {"cursor":12,"count":32}
[MutoonRecite] #34 asr.rebias {"provider":"cloud:deepgram","contextualCount":32,"biasCount":60}
[MutoonRecite] #35 align.result {"source":"mic","isFinal":true,"monotonic":true,"anchor":11,"cursorBefore":11,"cursorAfter":12,"rawMatchedThrough":1,"matchedThrough":1,"relocalized":false,"recognized":"الحمد · لله · مصليا · علي","expectedFromAnchor":"عَلَى · مُحَمَّدٍ · وَآلِهِ · وَمَنْ · تَلَا · وَبَعْدُ · هَذَا · النَّظْمُ · لِلْمُرِيدِ · فِي · النُّونِ · وَالتَّنْوِينِ","nextExpected":"مُحَمَّدٍ","alignMistakes":0}
[MutoonRecite] #36 align.skipAhead {"source":"mic","fromCursor":11,"toCursor":12,"skipped":0}
[MutoonRecite] #37 listen.segmentFinal {"wordCursor":12}
[MutoonRecite] #38 asr.cloudOpen {"vendor":"deepgram-nova-3","model":"nova-3","language":"ar","biasCount":60}
[MutoonRecite] #39 align.result {"source":"mic","isFinal":false,"monotonic":true,"anchor":12,"cursorBefore":12,"cursorAfter":13,"rawMatchedThrough":1,"matchedThrough":1,"relocalized":false,"recognized":"محمد","expectedFromAnchor":"مُحَمَّدٍ · وَآلِهِ · وَمَنْ · تَلَا · وَبَعْدُ · هَذَا · النَّظْمُ · لِلْمُرِيدِ · فِي · النُّونِ · وَالتَّنْوِينِ · وَالْمُدُودِ","nextExpected":"وَآلِهِ","alignMistakes":0}
[MutoonRecite] #40 align.skipAhead {"source":"mic","fromCursor":12,"toCursor":13,"skipped":0}
[MutoonRecite] #41 align.result {"source":"mic","isFinal":false,"monotonic":true,"anchor":13,"cursorBefore":13,"cursorAfter":15,"rawMatchedThrough":2,"matchedThrough":2,"relocalized":false,"recognized":"ومن","expectedFromAnchor":"وَآلِهِ · وَمَنْ · تَلَا · وَبَعْدُ · هَذَا · النَّظْمُ · لِلْمُرِيدِ · فِي · النُّونِ · وَالتَّنْوِينِ · وَالْمُدُودِ · سَمَّيْتُهُ","nextExpected":"تَلَا","alignMistakes":1}
[MutoonRecite] #42 WARN mistake {"kind":"missed","globalWordIndex":13,"expected":"وَآلِهِ","recognized":null,"lineIndex":3,"wordIndex":1,"partial":true}
[MutoonRecite] #43 align.skipAhead {"source":"mic","fromCursor":13,"toCursor":15,"skipped":0}
[MutoonRecite] #44 align.result {"source":"mic","isFinal":true,"monotonic":true,"anchor":15,"cursorBefore":15,"cursorAfter":15,"rawMatchedThrough":0,"matchedThrough":0,"relocalized":false,"recognized":"ومن","expectedFromAnchor":"تَلَا · وَبَعْدُ · هَذَا · النَّظْمُ · لِلْمُرِيدِ · فِي · النُّونِ · وَالتَّنْوِينِ · وَالْمُدُودِ · سَمَّيْتُهُ · بِتُحْفَةِ · الْأَطْفَالِ","nextExpected":"تَلَا","alignMistakes":0}
[MutoonRecite] #45 listen.segmentFinal {"wordCursor":15}
[MutoonRecite] #46 align.result {"source":"mic","isFinal":false,"monotonic":true,"anchor":15,"cursorBefore":15,"cursorAfter":18,"rawMatchedThrough":3,"matchedThrough":3,"relocalized":false,"recognized":"وبعد · هذا","expectedFromAnchor":"تَلَا · وَبَعْدُ · هَذَا · النَّظْمُ · لِلْمُرِيدِ · فِي · النُّونِ · وَالتَّنْوِينِ · وَالْمُدُودِ · سَمَّيْتُهُ · بِتُحْفَةِ · الْأَطْفَالِ","nextExpected":"النَّظْمُ","alignMistakes":1}
[MutoonRecite] #47 WARN mistake {"kind":"missed","globalWordIndex":15,"expected":"تَلَا","recognized":null,"lineIndex":3,"wordIndex":3,"partial":true}
[MutoonRecite] #48 align.skipAhead {"source":"mic","fromCursor":15,"toCursor":18,"skipped":0}
[MutoonRecite] #49 align.result {"source":"mic","isFinal":false,"monotonic":true,"anchor":18,"cursorBefore":18,"cursorAfter":20,"rawMatchedThrough":2,"matchedThrough":2,"relocalized":false,"recognized":"وبعد · هذا · المظلوم · للمريد","expectedFromAnchor":"النَّظْمُ · لِلْمُرِيدِ · فِي · النُّونِ · وَالتَّنْوِينِ · وَالْمُدُودِ · سَمَّيْتُهُ · بِتُحْفَةِ · الْأَطْفَالِ · عَنْ · شَيْخِنَا · الْمِيهِيِّ","nextExpected":"فِي","alignMistakes":1}
[MutoonRecite] #50 WARN mistake {"kind":"missed","globalWordIndex":18,"expected":"النَّظْمُ","recognized":null,"lineIndex":4,"wordIndex":2,"partial":true}
[MutoonRecite] #51 align.skipAhead {"source":"mic","fromCursor":18,"toCursor":20,"skipped":0}
[MutoonRecite] #52 align.result {"source":"mic","isFinal":true,"monotonic":true,"anchor":20,"cursorBefore":20,"cursorAfter":20,"rawMatchedThrough":0,"matchedThrough":0,"relocalized":false,"recognized":"وبعد · هذا · النظم · للمريد","expectedFromAnchor":"فِي · النُّونِ · وَالتَّنْوِينِ · وَالْمُدُودِ · سَمَّيْتُهُ · بِتُحْفَةِ · الْأَطْفَالِ · عَنْ · شَيْخِنَا · الْمِيهِيِّ · ذِي · الْكَمَالِ","nextExpected":"فِي","alignMistakes":0}
[MutoonRecite] #53 listen.segmentFinal {"wordCursor":20}
[MutoonRecite] #54 align.result {"source":"mic","isFinal":false,"monotonic":true,"anchor":20,"cursorBefore":20,"cursorAfter":22,"rawMatchedThrough":2,"matchedThrough":2,"relocalized":false,"recognized":"في · النون","expectedFromAnchor":"فِي · النُّونِ · وَالتَّنْوِينِ · وَالْمُدُودِ · سَمَّيْتُهُ · بِتُحْفَةِ · الْأَطْفَالِ · عَنْ · شَيْخِنَا · الْمِيهِيِّ · ذِي · الْكَمَالِ","nextExpected":"وَالتَّنْوِينِ","alignMistakes":0}
[MutoonRecite] #55 align.skipAhead {"source":"mic","fromCursor":20,"toCursor":22,"skipped":0}
[MutoonRecite] #56 align.result {"source":"mic","isFinal":false,"monotonic":true,"anchor":22,"cursorBefore":22,"cursorAfter":22,"rawMatchedThrough":0,"matchedThrough":0,"relocalized":false,"recognized":"في · النون · والتن","expectedFromAnchor":"وَالتَّنْوِينِ · وَالْمُدُودِ · سَمَّيْتُهُ · بِتُحْفَةِ · الْأَطْفَالِ · عَنْ · شَيْخِنَا · الْمِيهِيِّ · ذِي · الْكَمَالِ · أَرْجُو · بِهِ","nextExpected":"وَالتَّنْوِينِ","alignMistakes":0}
[MutoonRecite] #57 align.result {"source":"mic","isFinal":false,"monotonic":true,"anchor":22,"cursorBefore":22,"cursorAfter":23,"rawMatchedThrough":1,"matchedThrough":1,"relocalized":false,"recognized":"في · النون · والتنوين · وال","expectedFromAnchor":"وَالتَّنْوِينِ · وَالْمُدُودِ · سَمَّيْتُهُ · بِتُحْفَةِ · الْأَطْفَالِ · عَنْ · شَيْخِنَا · الْمِيهِيِّ · ذِي · الْكَمَالِ · أَرْجُو · بِهِ","nextExpected":"وَالْمُدُودِ","alignMistakes":0}
[MutoonRecite] #58 align.skipAhead {"source":"mic","fromCursor":22,"toCursor":23,"skipped":0}
[MutoonRecite] #59 asr.rebiasRequest {"cursor":24,"count":32}
[MutoonRecite] #60 asr.rebias {"provider":"cloud:deepgram","contextualCount":32,"biasCount":60}
[MutoonRecite] #61 align.result {"source":"mic","isFinal":false,"monotonic":true,"anchor":23,"cursorBefore":23,"cursorAfter":24,"rawMatchedThrough":1,"matchedThrough":1,"relocalized":false,"recognized":"في · النون · والتنوين · والمدود","expectedFromAnchor":"وَالْمُدُودِ · سَمَّيْتُهُ · بِتُحْفَةِ · الْأَطْفَالِ · عَنْ · شَيْخِنَا · الْمِيهِيِّ · ذِي · الْكَمَالِ · أَرْجُو · بِهِ · أَنْ","nextExpected":"سَمَّيْتُهُ","alignMistakes":0}
[MutoonRecite] #62 align.skipAhead {"source":"mic","fromCursor":23,"toCursor":24,"skipped":0}
[MutoonRecite] #63 asr.cloudOpen {"vendor":"deepgram-nova-3","model":"nova-3","language":"ar","biasCount":60}
[MutoonRecite] #64 align.result {"source":"mic","isFinal":true,"monotonic":true,"anchor":24,"cursorBefore":24,"cursorAfter":24,"rawMatchedThrough":0,"matchedThrough":0,"relocalized":false,"recognized":"في · النون · والتنوين · والمو","expectedFromAnchor":"سَمَّيْتُهُ · بِتُحْفَةِ · الْأَطْفَالِ · عَنْ · شَيْخِنَا · الْمِيهِيِّ · ذِي · الْكَمَالِ · أَرْجُو · بِهِ · أَنْ · يَنْفَعَ","nextExpected":"سَمَّيْتُهُ","alignMistakes":0}
[MutoonRecite] #65 listen.segmentFinal {"wordCursor":24}
[MutoonRecite] #66 align.result {"source":"mic","isFinal":true,"monotonic":true,"anchor":24,"cursorBefore":24,"cursorAfter":24,"rawMatchedThrough":0,"matchedThrough":0,"relocalized":false,"recognized":"وال","expectedFromAnchor":"سَمَّيْتُهُ · بِتُحْفَةِ · الْأَطْفَالِ · عَنْ · شَيْخِنَا · الْمِيهِيِّ · ذِي · الْكَمَالِ · أَرْجُو · بِهِ · أَنْ · يَنْفَعَ","nextExpected":"سَمَّيْتُهُ","alignMistakes":0}
[MutoonRecite] #67 listen.segmentFinal {"wordCursor":24}
[MutoonRecite] #68 align.result {"source":"mic","isFinal":false,"monotonic":true,"anchor":24,"cursorBefore":24,"cursorAfter":25,"rawMatchedThrough":1,"matchedThrough":1,"relocalized":false,"recognized":"سميت","expectedFromAnchor":"سَمَّيْتُهُ · بِتُحْفَةِ · الْأَطْفَالِ · عَنْ · شَيْخِنَا · الْمِيهِيِّ · ذِي · الْكَمَالِ · أَرْجُو · بِهِ · أَنْ · يَنْفَعَ","nextExpected":"بِتُحْفَةِ","alignMistakes":0}
[MutoonRecite] #69 align.skipAhead {"source":"mic","fromCursor":24,"toCursor":25,"skipped":0}
[MutoonRecite] #70 align.result {"source":"mic","isFinal":false,"monotonic":true,"anchor":25,"cursorBefore":25,"cursorAfter":26,"rawMatchedThrough":1,"matchedThrough":1,"relocalized":false,"recognized":"سميتوه · بتحفاه","expectedFromAnchor":"بِتُحْفَةِ · الْأَطْفَالِ · عَنْ · شَيْخِنَا · الْمِيهِيِّ · ذِي · الْكَمَالِ · أَرْجُو · بِهِ · أَنْ · يَنْفَعَ · الطُّلَّابَا","nextExpected":"الْأَطْفَالِ","alignMistakes":0}
[MutoonRecite] #71 align.skipAhead {"source":"mic","fromCursor":25,"toCursor":26,"skipped":0}
[MutoonRecite] #72 align.result {"source":"mic","isFinal":false,"monotonic":true,"anchor":26,"cursorBefore":26,"cursorAfter":27,"rawMatchedThrough":1,"matchedThrough":1,"relocalized":false,"recognized":"سميتوه · بتحفه · الاطفال","expectedFromAnchor":"الْأَطْفَالِ · عَنْ · شَيْخِنَا · الْمِيهِيِّ · ذِي · الْكَمَالِ · أَرْجُو · بِهِ · أَنْ · يَنْفَعَ · الطُّلَّابَا · وَالْأَجْرَ","nextExpected":"عَنْ","alignMistakes":0}
[MutoonRecite] #73 align.skipAhead {"source":"mic","fromCursor":26,"toCursor":27,"skipped":0}
[MutoonRecite] #74 align.result {"source":"mic","isFinal":true,"monotonic":true,"anchor":27,"cursorBefore":27,"cursorAfter":27,"rawMatchedThrough":0,"matchedThrough":0,"relocalized":false,"recognized":"سميته · بتحفاه · الاطفال","expectedFromAnchor":"عَنْ · شَيْخِنَا · الْمِيهِيِّ · ذِي · الْكَمَالِ · أَرْجُو · بِهِ · أَنْ · يَنْفَعَ · الطُّلَّابَا · وَالْأَجْرَ · وَالْقَبُولَ","nextExpected":"عَنْ","alignMistakes":0}
[MutoonRecite] #75 listen.segmentFinal {"wordCursor":27}
[MutoonRecite] #76 align.result {"source":"mic","isFinal":false,"monotonic":true,"anchor":27,"cursorBefore":27,"cursorAfter":29,"rawMatchedThrough":2,"matchedThrough":2,"relocalized":false,"recognized":"عن · شيخنا","expectedFromAnchor":"عَنْ · شَيْخِنَا · الْمِيهِيِّ · ذِي · الْكَمَالِ · أَرْجُو · بِهِ · أَنْ · يَنْفَعَ · الطُّلَّابَا · وَالْأَجْرَ · وَالْقَبُولَ","nextExpected":"الْمِيهِيِّ","alignMistakes":0}
[MutoonRecite] #77 align.skipAhead {"source":"mic","fromCursor":27,"toCursor":29,"skipped":0}
[MutoonRecite] #78 align.result {"source":"mic","isFinal":false,"monotonic":true,"anchor":29,"cursorBefore":29,"cursorAfter":30,"rawMatchedThrough":1,"matchedThrough":1,"relocalized":false,"recognized":"عن · شيخنا · الميهي","expectedFromAnchor":"الْمِيهِيِّ · ذِي · الْكَمَالِ · أَرْجُو · بِهِ · أَنْ · يَنْفَعَ · الطُّلَّابَا · وَالْأَجْرَ · وَالْقَبُولَ · وَالثَّوَابَا · لِلنُّونِ","nextExpected":"ذِي","alignMistakes":0}
[MutoonRecite] #79 align.skipAhead {"source":"mic","fromCursor":29,"toCursor":30,"skipped":0}
[MutoonRecite] #80 align.result {"source":"mic","isFinal":false,"monotonic":true,"anchor":30,"cursorBefore":30,"cursorAfter":31,"rawMatchedThrough":1,"matchedThrough":1,"relocalized":false,"recognized":"عن · شيخنا · الميهي · ذي · الكان","expectedFromAnchor":"ذِي · الْكَمَالِ · أَرْجُو · بِهِ · أَنْ · يَنْفَعَ · الطُّلَّابَا · وَالْأَجْرَ · وَالْقَبُولَ · وَالثَّوَابَا · لِلنُّونِ · إِنْ","nextExpected":"الْكَمَالِ","alignMistakes":0}
[MutoonRecite] #81 align.skipAhead {"source":"mic","fromCursor":30,"toCursor":31,"skipped":0}
[MutoonRecite] #82 align.result {"source":"mic","isFinal":false,"monotonic":true,"anchor":31,"cursorBefore":31,"cursorAfter":32,"rawMatchedThrough":1,"matchedThrough":1,"relocalized":false,"recognized":"عن · شيخنا · الميهي · ذي · الكمال","expectedFromAnchor":"الْكَمَالِ · أَرْجُو · بِهِ · أَنْ · يَنْفَعَ · الطُّلَّابَا · وَالْأَجْرَ · وَالْقَبُولَ · وَالثَّوَابَا · لِلنُّونِ · إِنْ · تَسْكُنْ","nextExpected":"أَرْجُو","alignMistakes":0}
[MutoonRecite] #83 align.skipAhead {"source":"mic","fromCursor":31,"toCursor":32,"skipped":0}
[MutoonRecite] #84 align.result {"source":"mic","isFinal":true,"monotonic":true,"anchor":32,"cursorBefore":32,"cursorAfter":32,"rawMatchedThrough":0,"matchedThrough":0,"relocalized":false,"recognized":"عن · شيخنا · الميهي · ذي · الكمال","expectedFromAnchor":"أَرْجُو · بِهِ · أَنْ · يَنْفَعَ · الطُّلَّابَا · وَالْأَجْرَ · وَالْقَبُولَ · وَالثَّوَابَا · لِلنُّونِ · إِنْ · تَسْكُنْ · وَلِلتَّنْوِينِ","nextExpected":"أَرْجُو","alignMistakes":0}
[MutoonRecite] #85 listen.segmentFinal {"wordCursor":32}
[MutoonRecite] #86 align.result {"source":"mic","isFinal":false,"monotonic":true,"anchor":32,"cursorBefore":32,"cursorAfter":34,"rawMatchedThrough":2,"matchedThrough":2,"relocalized":false,"recognized":"ارجو · به","expectedFromAnchor":"أَرْجُو · بِهِ · أَنْ · يَنْفَعَ · الطُّلَّابَا · وَالْأَجْرَ · وَالْقَبُولَ · وَالثَّوَابَا · لِلنُّونِ · إِنْ · تَسْكُنْ · وَلِلتَّنْوِينِ","nextExpected":"أَنْ","alignMistakes":0}
[MutoonRecite] #87 align.skipAhead {"source":"mic","fromCursor":32,"toCursor":34,"skipped":0}
[MutoonRecite] #88 asr.rebiasRequest {"cursor":36,"count":32}
[MutoonRecite] #89 asr.rebias {"provider":"cloud:deepgram","contextualCount":32,"biasCount":60}
[MutoonRecite] #90 align.result {"source":"mic","isFinal":false,"monotonic":true,"anchor":34,"cursorBefore":34,"cursorAfter":36,"rawMatchedThrough":2,"matchedThrough":2,"relocalized":false,"recognized":"ارجو · به · ان · ينفع","expectedFromAnchor":"أَنْ · يَنْفَعَ · الطُّلَّابَا · وَالْأَجْرَ · وَالْقَبُولَ · وَالثَّوَابَا · لِلنُّونِ · إِنْ · تَسْكُنْ · وَلِلتَّنْوِينِ · أَرْبَعُ · أَحْكَامٍ","nextExpected":"الطُّلَّابَا","alignMistakes":0}
[MutoonRecite] #91 align.skipAhead {"source":"mic","fromCursor":34,"toCursor":36,"skipped":0}
[MutoonRecite] #92 asr.cloudOpen {"vendor":"deepgram-nova-3","model":"nova-3","language":"ar","biasCount":60}
[MutoonRecite] #93 align.result {"source":"mic","isFinal":false,"monotonic":true,"anchor":36,"cursorBefore":36,"cursorAfter":36,"rawMatchedThrough":0,"matchedThrough":0,"relocalized":false,"recognized":"ارجو · به · ان · ينفع · قل","expectedFromAnchor":"الطُّلَّابَا · وَالْأَجْرَ · وَالْقَبُولَ · وَالثَّوَابَا · لِلنُّونِ · إِنْ · تَسْكُنْ · وَلِلتَّنْوِينِ · أَرْبَعُ · أَحْكَامٍ · فَخُذْ · تَبْيِينِي","nextExpected":"الطُّلَّابَا","alignMistakes":0}
[MutoonRecite] #94 align.result {"source":"mic","isFinal":false,"monotonic":true,"anchor":36,"cursorBefore":36,"cursorAfter":38,"rawMatchedThrough":2,"matchedThrough":2,"relocalized":false,"recognized":"والاجر · والاجر · وال","expectedFromAnchor":"الطُّلَّابَا · وَالْأَجْرَ · وَالْقَبُولَ · وَالثَّوَابَا · لِلنُّونِ · إِنْ · تَسْكُنْ · وَلِلتَّنْوِينِ · أَرْبَعُ · أَحْكَامٍ · فَخُذْ · تَبْيِينِي","nextExpected":"وَالْقَبُولَ","alignMistakes":1}
[MutoonRecite] #95 WARN mistake {"kind":"missed","globalWordIndex":36,"expected":"الطُّلَّابَا","recognized":null,"lineIndex":8,"wordIndex":4,"partial":true}
[MutoonRecite] #96 align.skipAhead {"source":"mic","fromCursor":36,"toCursor":38,"skipped":0}
[MutoonRecite] #97 align.result {"source":"mic","isFinal":false,"monotonic":true,"anchor":38,"cursorBefore":38,"cursorAfter":38,"rawMatchedThrough":0,"matchedThrough":0,"relocalized":false,"recognized":"والاجر · والقابلا","expectedFromAnchor":"وَالْقَبُولَ · وَالثَّوَابَا · لِلنُّونِ · إِنْ · تَسْكُنْ · وَلِلتَّنْوِينِ · أَرْبَعُ · أَحْكَامٍ · فَخُذْ · تَبْيِينِي · فَالْأَوَّلُ · الْإِظْهَارُ","nextExpected":"وَالْقَبُولَ","alignMistakes":0}
[MutoonRecite] #98 align.result {"source":"mic","isFinal":true,"monotonic":true,"anchor":38,"cursorBefore":38,"cursorAfter":38,"rawMatchedThrough":0,"matchedThrough":0,"relocalized":false,"recognized":"والاجر · والقابل · والثول","expectedFromAnchor":"وَالْقَبُولَ · وَالثَّوَابَا · لِلنُّونِ · إِنْ · تَسْكُنْ · وَلِلتَّنْوِينِ · أَرْبَعُ · أَحْكَامٍ · فَخُذْ · تَبْيِينِي · فَالْأَوَّلُ · الْإِظْهَارُ","nextExpected":"وَالْقَبُولَ","alignMistakes":0}
[MutoonRecite] #99 listen.segmentFinal {"wordCursor":38}
[MutoonRecite] #100 align.result {"source":"mic","isFinal":true,"monotonic":true,"anchor":38,"cursorBefore":38,"cursorAfter":40,"rawMatchedThrough":2,"matchedThrough":2,"relocalized":false,"recognized":"والثواب","expectedFromAnchor":"وَالْقَبُولَ · وَالثَّوَابَا · لِلنُّونِ · إِنْ · تَسْكُنْ · وَلِلتَّنْوِينِ · أَرْبَعُ · أَحْكَامٍ · فَخُذْ · تَبْيِينِي · فَالْأَوَّلُ · الْإِظْهَارُ","nextExpected":"لِلنُّونِ","alignMistakes":1}
[MutoonRecite] #101 WARN mistake {"kind":"missed","globalWordIndex":38,"expected":"وَالْقَبُولَ","recognized":null,"lineIndex":9,"wordIndex":1,"partial":false}
[MutoonRecite] #102 align.skipAhead {"source":"mic","fromCursor":38,"toCursor":40,"skipped":0}
[MutoonRecite] #103 listen.segmentFinal {"wordCursor":40}
[MutoonRecite] #104 align.result {"source":"mic","isFinal":false,"monotonic":true,"anchor":40,"cursorBefore":40,"cursorAfter":41,"rawMatchedThrough":1,"matchedThrough":1,"relocalized":false,"recognized":"النون · الساكنه","expectedFromAnchor":"لِلنُّونِ · إِنْ · تَسْكُنْ · وَلِلتَّنْوِينِ · أَرْبَعُ · أَحْكَامٍ · فَخُذْ · تَبْيِينِي · فَالْأَوَّلُ · الْإِظْهَارُ · قَبْلَ · أَحْرُفِ","nextExpected":"إِنْ","alignMistakes":0}
[MutoonRecite] #105 align.skipAhead {"source":"mic","fromCursor":40,"toCursor":41,"skipped":0}
[MutoonRecite] #106 align.result {"source":"mic","isFinal":true,"monotonic":true,"anchor":41,"cursorBefore":41,"cursorAfter":41,"rawMatchedThrough":0,"matchedThrough":0,"relocalized":false,"recognized":"النون · الساكنه · والتنيد","expectedFromAnchor":"إِنْ · تَسْكُنْ · وَلِلتَّنْوِينِ · أَرْبَعُ · أَحْكَامٍ · فَخُذْ · تَبْيِينِي · فَالْأَوَّلُ · الْإِظْهَارُ · قَبْلَ · أَحْرُفِ · لِلْحَلْقِ","nextExpected":"إِنْ","alignMistakes":0}
[MutoonRecite] #107 listen.segmentFinal {"wordCursor":41}
[MutoonRecite] #108 align.result {"source":"mic","isFinal":false,"monotonic":true,"anchor":41,"cursorBefore":41,"cursorAfter":41,"rawMatchedThrough":0,"matchedThrough":0,"relocalized":false,"recognized":"للنون","expectedFromAnchor":"إِنْ · تَسْكُنْ · وَلِلتَّنْوِينِ · أَرْبَعُ · أَحْكَامٍ · فَخُذْ · تَبْيِينِي · فَالْأَوَّلُ · الْإِظْهَارُ · قَبْلَ · أَحْرُفِ · لِلْحَلْقِ","nextExpected":"إِنْ","alignMistakes":0}
[MutoonRecite] #109 align.result {"source":"mic","isFinal":false,"monotonic":true,"anchor":41,"cursorBefore":41,"cursorAfter":43,"rawMatchedThrough":2,"matchedThrough":2,"relocalized":false,"recognized":"للنون · ان · تسكن","expectedFromAnchor":"إِنْ · تَسْكُنْ · وَلِلتَّنْوِينِ · أَرْبَعُ · أَحْكَامٍ · فَخُذْ · تَبْيِينِي · فَالْأَوَّلُ · الْإِظْهَارُ · قَبْلَ · أَحْرُفِ · لِلْحَلْقِ","nextExpected":"وَلِلتَّنْوِينِ","alignMistakes":0}
[MutoonRecite] #110 align.skipAhead {"source":"mic","fromCursor":41,"toCursor":43,"skipped":0}
[MutoonRecite] #111 align.result {"source":"mic","isFinal":true,"monotonic":true,"anchor":43,"cursorBefore":43,"cursorAfter":43,"rawMatchedThrough":0,"matchedThrough":0,"relocalized":false,"recognized":"للنون · تسكن · وال","expectedFromAnchor":"وَلِلتَّنْوِينِ · أَرْبَعُ · أَحْكَامٍ · فَخُذْ · تَبْيِينِي · فَالْأَوَّلُ · الْإِظْهَارُ · قَبْلَ · أَحْرُفِ · لِلْحَلْقِ · سِتٍّ · رُتِّبَتْ","nextExpected":"وَلِلتَّنْوِينِ","alignMistakes":0}
[MutoonRecite] #112 listen.segmentFinal {"wordCursor":43}
[MutoonRecite] #113 align.result {"source":"mic","isFinal":false,"monotonic":true,"anchor":43,"cursorBefore":43,"cursorAfter":43,"rawMatchedThrough":0,"matchedThrough":0,"relocalized":false,"recognized":"تنوين","expectedFromAnchor":"وَلِلتَّنْوِينِ · أَرْبَعُ · أَحْكَامٍ · فَخُذْ · تَبْيِينِي · فَالْأَوَّلُ · الْإِظْهَارُ · قَبْلَ · أَحْرُفِ · لِلْحَلْقِ · سِتٍّ · رُتِّبَتْ","nextExpected":"وَلِلتَّنْوِينِ","alignMistakes":0}
[MutoonRecite] #114 align.result {"source":"mic","isFinal":true,"monotonic":true,"anchor":43,"cursorBefore":43,"cursorAfter":43,"rawMatchedThrough":0,"matchedThrough":0,"relocalized":false,"recognized":"تنوين","expectedFromAnchor":"وَلِلتَّنْوِينِ · أَرْبَعُ · أَحْكَامٍ · فَخُذْ · تَبْيِينِي · فَالْأَوَّلُ · الْإِظْهَارُ · قَبْلَ · أَحْرُفِ · لِلْحَلْقِ · سِتٍّ · رُتِّبَتْ","nextExpected":"وَلِلتَّنْوِينِ","alignMistakes":0}
[MutoonRecite] #115 listen.segmentFinal {"wordCursor":43}
[MutoonRecite] #116 align.result {"source":"mic","isFinal":false,"monotonic":true,"anchor":43,"cursorBefore":43,"cursorAfter":45,"rawMatchedThrough":2,"matchedThrough":2,"relocalized":false,"recognized":"اربع · اح","expectedFromAnchor":"وَلِلتَّنْوِينِ · أَرْبَعُ · أَحْكَامٍ · فَخُذْ · تَبْيِينِي · فَالْأَوَّلُ · الْإِظْهَارُ · قَبْلَ · أَحْرُفِ · لِلْحَلْقِ · سِتٍّ · رُتِّبَتْ","nextExpected":"أَحْكَامٍ","alignMistakes":1}
[MutoonRecite] #117 WARN mistake {"kind":"missed","globalWordIndex":43,"expected":"وَلِلتَّنْوِينِ","recognized":null,"lineIndex":10,"wordIndex":3,"partial":true}
[MutoonRecite] #118 align.skipAhead {"source":"mic","fromCursor":43,"toCursor":45,"skipped":0}
[MutoonRecite] #119 align.result {"source":"mic","isFinal":false,"monotonic":true,"anchor":45,"cursorBefore":45,"cursorAfter":46,"rawMatchedThrough":1,"matchedThrough":1,"relocalized":false,"recognized":"اربع · احكام · ف","expectedFromAnchor":"أَحْكَامٍ · فَخُذْ · تَبْيِينِي · فَالْأَوَّلُ · الْإِظْهَارُ · قَبْلَ · أَحْرُفِ · لِلْحَلْقِ · سِتٍّ · رُتِّبَتْ · فَلْتَعْرِفِ · هَمْزٌ","nextExpected":"فَخُذْ","alignMistakes":0}
[MutoonRecite] #120 align.skipAhead {"source":"mic","fromCursor":45,"toCursor":46,"skipped":0}
[MutoonRecite] #121 align.result {"source":"mic","isFinal":false,"monotonic":true,"anchor":46,"cursorBefore":46,"cursorAfter":46,"rawMatchedThrough":0,"matchedThrough":0,"relocalized":false,"recognized":"اربع · احكام · فاخذت · به","expectedFromAnchor":"فَخُذْ · تَبْيِينِي · فَالْأَوَّلُ · الْإِظْهَارُ · قَبْلَ · أَحْرُفِ · لِلْحَلْقِ · سِتٍّ · رُتِّبَتْ · فَلْتَعْرِفِ · هَمْزٌ · فَهَاءٌ","nextExpected":"فَخُذْ","alignMistakes":0}
[MutoonRecite] #122 asr.rebiasRequest {"cursor":48,"count":32}
[MutoonRecite] #123 asr.rebias {"provider":"cloud:deepgram","contextualCount":32,"biasCount":60}
[MutoonRecite] #124 align.result {"source":"mic","isFinal":false,"monotonic":true,"anchor":46,"cursorBefore":46,"cursorAfter":48,"rawMatchedThrough":2,"matchedThrough":2,"relocalized":false,"recognized":"اربع · احكام · فاخذ · تبيين","expectedFromAnchor":"فَخُذْ · تَبْيِينِي · فَالْأَوَّلُ · الْإِظْهَارُ · قَبْلَ · أَحْرُفِ · لِلْحَلْقِ · سِتٍّ · رُتِّبَتْ · فَلْتَعْرِفِ · هَمْزٌ · فَهَاءٌ","nextExpected":"فَالْأَوَّلُ","alignMistakes":0}
[MutoonRecite] #125 align.skipAhead {"source":"mic","fromCursor":46,"toCursor":48,"skipped":0}
[MutoonRecite] #126 asr.cloudOpen {"vendor":"deepgram-nova-3","model":"nova-3","language":"ar","biasCount":60}
[MutoonRecite] #127 align.result {"source":"mic","isFinal":true,"monotonic":true,"anchor":48,"cursorBefore":48,"cursorAfter":48,"rawMatchedThrough":0,"matchedThrough":0,"relocalized":false,"recognized":"اربع · احكام · فاخذ","expectedFromAnchor":"فَالْأَوَّلُ · الْإِظْهَارُ · قَبْلَ · أَحْرُفِ · لِلْحَلْقِ · سِتٍّ · رُتِّبَتْ · فَلْتَعْرِفِ · هَمْزٌ · فَهَاءٌ · ثُمَّ · عَيْنٌ","nextExpected":"فَالْأَوَّلُ","alignMistakes":0}
[MutoonRecite] #128 listen.segmentFinal {"wordCursor":48}
[MutoonRecite] #129 align.result {"source":"mic","isFinal":true,"monotonic":true,"anchor":48,"cursorBefore":48,"cursorAfter":48,"rawMatchedThrough":0,"matchedThrough":0,"relocalized":false,"recognized":"تبييني","expectedFromAnchor":"فَالْأَوَّلُ · الْإِظْهَارُ · قَبْلَ · أَحْرُفِ · لِلْحَلْقِ · سِتٍّ · رُتِّبَتْ · فَلْتَعْرِفِ · هَمْزٌ · فَهَاءٌ · ثُمَّ · عَيْنٌ","nextExpected":"فَالْأَوَّلُ","alignMistakes":0}
[MutoonRecite] #130 listen.segmentFinal {"wordCursor":48}
[MutoonRecite] #131 align.result {"source":"mic","isFinal":false,"monotonic":true,"anchor":48,"cursorBefore":48,"cursorAfter":49,"rawMatchedThrough":1,"matchedThrough":1,"relocalized":false,"recognized":"اوال · الالال","expectedFromAnchor":"فَالْأَوَّلُ · الْإِظْهَارُ · قَبْلَ · أَحْرُفِ · لِلْحَلْقِ · سِتٍّ · رُتِّبَتْ · فَلْتَعْرِفِ · هَمْزٌ · فَهَاءٌ · ثُمَّ · عَيْنٌ","nextExpected":"الْإِظْهَارُ","alignMistakes":0}
[MutoonRecite] #132 align.skipAhead {"source":"mic","fromCursor":48,"toCursor":49,"skipped":0}
[MutoonRecite] #133 align.result {"source":"mic","isFinal":false,"monotonic":true,"anchor":49,"cursorBefore":49,"cursorAfter":50,"rawMatchedThrough":1,"matchedThrough":1,"relocalized":false,"recognized":"اوال · الاظهر","expectedFromAnchor":"الْإِظْهَارُ · قَبْلَ · أَحْرُفِ · لِلْحَلْقِ · سِتٍّ · رُتِّبَتْ · فَلْتَعْرِفِ · هَمْزٌ · فَهَاءٌ · ثُمَّ · عَيْنٌ · حَاءُ","nextExpected":"قَبْلَ","alignMistakes":0}
[MutoonRecite] #134 align.skipAhead {"source":"mic","fromCursor":49,"toCursor":50,"skipped":0}
[MutoonRecite] #135 align.result {"source":"mic","isFinal":false,"monotonic":true,"anchor":50,"cursorBefore":50,"cursorAfter":51,"rawMatchedThrough":1,"matchedThrough":1,"relocalized":false,"recognized":"الاظهار · قبل","expectedFromAnchor":"قَبْلَ · أَحْرُفِ · لِلْحَلْقِ · سِتٍّ · رُتِّبَتْ · فَلْتَعْرِفِ · هَمْزٌ · فَهَاءٌ · ثُمَّ · عَيْنٌ · حَاءُ · مُهْمَلَتَانِ","nextExpected":"أَحْرُفِ","alignMistakes":0}
[MutoonRecite] #136 align.skipAhead {"source":"mic","fromCursor":50,"toCursor":51,"skipped":0}
[MutoonRecite] #137 align.result {"source":"mic","isFinal":true,"monotonic":true,"anchor":51,"cursorBefore":51,"cursorAfter":52,"rawMatchedThrough":1,"matchedThrough":1,"relocalized":false,"recognized":"اوال · الاظهار · قبل · احرف","expectedFromAnchor":"أَحْرُفِ · لِلْحَلْقِ · سِتٍّ · رُتِّبَتْ · فَلْتَعْرِفِ · هَمْزٌ · فَهَاءٌ · ثُمَّ · عَيْنٌ · حَاءُ · مُهْمَلَتَانِ · ثُمَّ","nextExpected":"لِلْحَلْقِ","alignMistakes":0}
[MutoonRecite] #138 align.skipAhead {"source":"mic","fromCursor":51,"toCursor":52,"skipped":0}
[MutoonRecite] #139 listen.segmentFinal {"wordCursor":52}
[MutoonRecite] #140 align.result {"source":"mic","isFinal":false,"monotonic":true,"anchor":52,"cursorBefore":52,"cursorAfter":53,"rawMatchedThrough":1,"matchedThrough":1,"relocalized":false,"recognized":"للحلق","expectedFromAnchor":"لِلْحَلْقِ · سِتٍّ · رُتِّبَتْ · فَلْتَعْرِفِ · هَمْزٌ · فَهَاءٌ · ثُمَّ · عَيْنٌ · حَاءُ · مُهْمَلَتَانِ · ثُمَّ · غَيْنٌ","nextExpected":"سِتٍّ","alignMistakes":0}
[MutoonRecite] #141 align.skipAhead {"source":"mic","fromCursor":52,"toCursor":53,"skipped":0}
[MutoonRecite] #142 align.result {"source":"mic","isFinal":false,"monotonic":true,"anchor":53,"cursorBefore":53,"cursorAfter":54,"rawMatchedThrough":1,"matchedThrough":1,"relocalized":false,"recognized":"للحلق · ست","expectedFromAnchor":"سِتٍّ · رُتِّبَتْ · فَلْتَعْرِفِ · هَمْزٌ · فَهَاءٌ · ثُمَّ · عَيْنٌ · حَاءُ · مُهْمَلَتَانِ · ثُمَّ · غَيْنٌ · خَاءُ","nextExpected":"رُتِّبَتْ","alignMistakes":0}
[MutoonRecite] #143 align.skipAhead {"source":"mic","fromCursor":53,"toCursor":54,"skipped":0}
[MutoonRecite] #144 align.result {"source":"mic","isFinal":false,"monotonic":true,"anchor":54,"cursorBefore":54,"cursorAfter":55,"rawMatchedThrough":1,"matchedThrough":1,"relocalized":false,"recognized":"للحلق · ست · رتبت","expectedFromAnchor":"رُتِّبَتْ · فَلْتَعْرِفِ · هَمْزٌ · فَهَاءٌ · ثُمَّ · عَيْنٌ · حَاءُ · مُهْمَلَتَانِ · ثُمَّ · غَيْنٌ · خَاءُ · وَالثَّانِي","nextExpected":"فَلْتَعْرِفِ","alignMistakes":0}
[MutoonRecite] #145 align.skipAhead {"source":"mic","fromCursor":54,"toCursor":55,"skipped":0}
[MutoonRecite] #146 align.result {"source":"mic","isFinal":false,"monotonic":true,"anchor":55,"cursorBefore":55,"cursorAfter":56,"rawMatchedThrough":1,"matchedThrough":1,"relocalized":false,"recognized":"للحلق · ست · رتبت · فلتعرف","expectedFromAnchor":"فَلْتَعْرِفِ · هَمْزٌ · فَهَاءٌ · ثُمَّ · عَيْنٌ · حَاءُ · مُهْمَلَتَانِ · ثُمَّ · غَيْنٌ · خَاءُ · وَالثَّانِي · إِدْغَامٌ","nextExpected":"هَمْزٌ","alignMistakes":0}
[MutoonRecite] #147 align.skipAhead {"source":"mic","fromCursor":55,"toCursor":56,"skipped":0}
[MutoonRecite] #148 align.result {"source":"mic","isFinal":true,"monotonic":true,"anchor":56,"cursorBefore":56,"cursorAfter":56,"rawMatchedThrough":0,"matchedThrough":0,"relocalized":false,"recognized":"للحلق · ست · رتبت · فلتعرف","expectedFromAnchor":"هَمْزٌ · فَهَاءٌ · ثُمَّ · عَيْنٌ · حَاءُ · مُهْمَلَتَانِ · ثُمَّ · غَيْنٌ · خَاءُ · وَالثَّانِي · إِدْغَامٌ · بِسِتَّةٍ","nextExpected":"هَمْزٌ","alignMistakes":0}
[MutoonRecite] #149 listen.segmentFinal {"wordCursor":56}
[MutoonRecite] #150 align.result {"source":"mic","isFinal":false,"monotonic":true,"anchor":56,"cursorBefore":56,"cursorAfter":58,"rawMatchedThrough":2,"matchedThrough":2,"relocalized":false,"recognized":"همز · فهاء","expectedFromAnchor":"هَمْزٌ · فَهَاءٌ · ثُمَّ · عَيْنٌ · حَاءُ · مُهْمَلَتَانِ · ثُمَّ · غَيْنٌ · خَاءُ · وَالثَّانِي · إِدْغَامٌ · بِسِتَّةٍ","nextExpected":"ثُمَّ","alignMistakes":0}
[MutoonRecite] #151 align.skipAhead {"source":"mic","fromCursor":56,"toCursor":58,"skipped":0}
[MutoonRecite] #152 align.result {"source":"mic","isFinal":false,"monotonic":true,"anchor":58,"cursorBefore":58,"cursorAfter":59,"rawMatchedThrough":1,"matchedThrough":1,"relocalized":false,"recognized":"همز · فهاء · ثم","expectedFromAnchor":"ثُمَّ · عَيْنٌ · حَاءُ · مُهْمَلَتَانِ · ثُمَّ · غَيْنٌ · خَاءُ · وَالثَّانِي · إِدْغَامٌ · بِسِتَّةٍ · أَتَتْ · فِي","nextExpected":"عَيْنٌ","alignMistakes":0}
[MutoonRecite] #153 align.skipAhead {"source":"mic","fromCursor":58,"toCursor":59,"skipped":0}
[MutoonRecite] #154 asr.rebiasRequest {"cursor":60,"count":32}
[MutoonRecite] #155 asr.rebias {"provider":"cloud:deepgram","contextualCount":32,"biasCount":60}
[MutoonRecite] #156 align.result {"source":"mic","isFinal":false,"monotonic":true,"anchor":59,"cursorBefore":59,"cursorAfter":60,"rawMatchedThrough":1,"matchedThrough":1,"relocalized":false,"recognized":"همز · فهاء · ثم · عين","expectedFromAnchor":"عَيْنٌ · حَاءُ · مُهْمَلَتَانِ · ثُمَّ · غَيْنٌ · خَاءُ · وَالثَّانِي · إِدْغَامٌ · بِسِتَّةٍ · أَتَتْ · فِي · يَرْمَلُونَ","nextExpected":"حَاءُ","alignMistakes":0}
[MutoonRecite] #157 align.skipAhead {"source":"mic","fromCursor":59,"toCursor":60,"skipped":0}
[MutoonRecite] #158 asr.cloudOpen {"vendor":"deepgram-nova-3","model":"nova-3","language":"ar","biasCount":60}
[MutoonRecite] #159 align.result {"source":"mic","isFinal":true,"monotonic":true,"anchor":60,"cursorBefore":60,"cursorAfter":61,"rawMatchedThrough":1,"matchedThrough":1,"relocalized":false,"recognized":"همز · فهاء · ثم · عين · حاء","expectedFromAnchor":"حَاءُ · مُهْمَلَتَانِ · ثُمَّ · غَيْنٌ · خَاءُ · وَالثَّانِي · إِدْغَامٌ · بِسِتَّةٍ · أَتَتْ · فِي · يَرْمَلُونَ · عِنْدَهُمْ","nextExpected":"مُهْمَلَتَانِ","alignMistakes":0}
[MutoonRecite] #160 align.skipAhead {"source":"mic","fromCursor":60,"toCursor":61,"skipped":0}
[MutoonRecite] #161 listen.segmentFinal {"wordCursor":61}
[MutoonRecite] #162 align.result {"source":"mic","isFinal":false,"monotonic":true,"anchor":61,"cursorBefore":61,"cursorAfter":61,"rawMatchedThrough":0,"matchedThrough":0,"relocalized":false,"recognized":"مهملات","expectedFromAnchor":"مُهْمَلَتَانِ · ثُمَّ · غَيْنٌ · خَاءُ · وَالثَّانِي · إِدْغَامٌ · بِسِتَّةٍ · أَتَتْ · فِي · يَرْمَلُونَ · عِنْدَهُمْ · قَدْ","nextExpected":"مُهْمَلَتَانِ","alignMistakes":0}
[MutoonRecite] #163 align.result {"source":"mic","isFinal":true,"monotonic":true,"anchor":61,"cursorBefore":61,"cursorAfter":61,"rawMatchedThrough":0,"matchedThrough":0,"relocalized":false,"recognized":"عندون · عندون · خلهم","expectedFromAnchor":"مُهْمَلَتَانِ · ثُمَّ · غَيْنٌ · خَاءُ · وَالثَّانِي · إِدْغَامٌ · بِسِتَّةٍ · أَتَتْ · فِي · يَرْمَلُونَ · عِنْدَهُمْ · قَدْ","nextExpected":"مُهْمَلَتَانِ","alignMistakes":0}
[MutoonRecite] #164 listen.segmentFinal {"wordCursor":61}
[MutoonRecite] #165 align.result {"source":"mic","isFinal":true,"monotonic":true,"anchor":61,"cursorBefore":61,"cursorAfter":65,"rawMatchedThrough":4,"matchedThrough":4,"relocalized":false,"recognized":"خاء","expectedFromAnchor":"مُهْمَلَتَانِ · ثُمَّ · غَيْنٌ · خَاءُ · وَالثَّانِي · إِدْغَامٌ · بِسِتَّةٍ · أَتَتْ · فِي · يَرْمَلُونَ · عِنْدَهُمْ · قَدْ","nextExpected":"وَالثَّانِي","alignMistakes":3}
[MutoonRecite] #166 cursor.skipAheadMissesIgnored {"source":"mic","isFinal":true,"count":3,"fromCursor":61,"toCursor":65,"expected":"مُهْمَلَتَانِ · ثُمَّ · غَيْنٌ"}
[MutoonRecite] #167 align.skipAhead {"source":"mic","fromCursor":61,"toCursor":65,"skipped":0}
[MutoonRecite] #168 listen.segmentFinal {"wordCursor":65}
[MutoonRecite] #169 align.result {"source":"mic","isFinal":false,"monotonic":true,"anchor":65,"cursorBefore":65,"cursorAfter":67,"rawMatchedThrough":2,"matchedThrough":2,"relocalized":false,"recognized":"والثاني · ادغام","expectedFromAnchor":"وَالثَّانِي · إِدْغَامٌ · بِسِتَّةٍ · أَتَتْ · فِي · يَرْمَلُونَ · عِنْدَهُمْ · قَدْ · ثَبَتَتْ · لَكِنَّهَا · قِسْمَانِ · قِسْمٌ","nextExpected":"بِسِتَّةٍ","alignMistakes":0}
[MutoonRecite] #170 align.skipAhead {"source":"mic","fromCursor":65,"toCursor":67,"skipped":0}
[MutoonRecite] #171 align.result {"source":"mic","isFinal":false,"monotonic":true,"anchor":67,"cursorBefore":67,"cursorAfter":68,"rawMatchedThrough":1,"matchedThrough":1,"relocalized":false,"recognized":"والثاني · ادغام · بس","expectedFromAnchor":"بِسِتَّةٍ · أَتَتْ · فِي · يَرْمَلُونَ · عِنْدَهُمْ · قَدْ · ثَبَتَتْ · لَكِنَّهَا · قِسْمَانِ · قِسْمٌ · يُدْغَمَا · فِيهِ","nextExpected":"أَتَتْ","alignMistakes":0}
[MutoonRecite] #172 align.skipAhead {"source":"mic","fromCursor":67,"toCursor":68,"skipped":0}
[MutoonRecite] #173 align.result {"source":"mic","isFinal":true,"monotonic":true,"anchor":68,"cursorBefore":68,"cursorAfter":68,"rawMatchedThrough":0,"matchedThrough":0,"relocalized":false,"recognized":"والثاني · ادغام · بست","expectedFromAnchor":"أَتَتْ · فِي · يَرْمَلُونَ · عِنْدَهُمْ · قَدْ · ثَبَتَتْ · لَكِنَّهَا · قِسْمَانِ · قِسْمٌ · يُدْغَمَا · فِيهِ · بِغُنَّةٍ","nextExpected":"أَتَتْ","alignMistakes":0}
[MutoonRecite] #174 listen.segmentFinal {"wordCursor":68}
[MutoonRecite] #175 align.result {"source":"mic","isFinal":true,"monotonic":true,"anchor":68,"cursorBefore":68,"cursorAfter":69,"rawMatchedThrough":1,"matchedThrough":1,"relocalized":false,"recognized":"اتت","expectedFromAnchor":"أَتَتْ · فِي · يَرْمَلُونَ · عِنْدَهُمْ · قَدْ · ثَبَتَتْ · لَكِنَّهَا · قِسْمَانِ · قِسْمٌ · يُدْغَمَا · فِيهِ · بِغُنَّةٍ","nextExpected":"فِي","alignMistakes":0}
[MutoonRecite] #176 align.skipAhead {"source":"mic","fromCursor":68,"toCursor":69,"skipped":0}
[MutoonRecite] #177 listen.segmentFinal {"wordCursor":69}
[MutoonRecite] #178 align.result {"source":"mic","isFinal":false,"monotonic":true,"anchor":69,"cursorBefore":69,"cursorAfter":70,"rawMatchedThrough":1,"matchedThrough":1,"relocalized":false,"recognized":"في · يرم","expectedFromAnchor":"فِي · يَرْمَلُونَ · عِنْدَهُمْ · قَدْ · ثَبَتَتْ · لَكِنَّهَا · قِسْمَانِ · قِسْمٌ · يُدْغَمَا · فِيهِ · بِغُنَّةٍ · بِيَنْمُو","nextExpected":"يَرْمَلُونَ","alignMistakes":0}
[MutoonRecite] #179 align.skipAhead {"source":"mic","fromCursor":69,"toCursor":70,"skipped":0}
[MutoonRecite] #180 align.result {"source":"mic","isFinal":false,"monotonic":true,"anchor":70,"cursorBefore":70,"cursorAfter":70,"rawMatchedThrough":0,"matchedThrough":0,"relocalized":false,"recognized":"فيرما · فيرم","expectedFromAnchor":"يَرْمَلُونَ · عِنْدَهُمْ · قَدْ · ثَبَتَتْ · لَكِنَّهَا · قِسْمَانِ · قِسْمٌ · يُدْغَمَا · فِيهِ · بِغُنَّةٍ · بِيَنْمُو · عُلِمَا","nextExpected":"يَرْمَلُونَ","alignMistakes":0}
[MutoonRecite] #181 asr.rebiasRequest {"cursor":72,"count":32}
[MutoonRecite] #182 asr.rebias {"provider":"cloud:deepgram","contextualCount":32,"biasCount":60}
[MutoonRecite] #183 align.result {"source":"mic","isFinal":false,"monotonic":true,"anchor":70,"cursorBefore":70,"cursorAfter":72,"rawMatchedThrough":2,"matchedThrough":2,"relocalized":false,"recognized":"فيرما · فيرملون · عند","expectedFromAnchor":"يَرْمَلُونَ · عِنْدَهُمْ · قَدْ · ثَبَتَتْ · لَكِنَّهَا · قِسْمَانِ · قِسْمٌ · يُدْغَمَا · فِيهِ · بِغُنَّةٍ · بِيَنْمُو · عُلِمَا","nextExpected":"قَدْ","alignMistakes":0}
[MutoonRecite] #184 align.skipAhead {"source":"mic","fromCursor":70,"toCursor":72,"skipped":0}
[MutoonRecite] #185 asr.cloudOpen {"vendor":"deepgram-nova-3","model":"nova-3","language":"ar","biasCount":60}
[MutoonRecite] #186 align.result {"source":"mic","isFinal":false,"monotonic":true,"anchor":72,"cursorBefore":72,"cursorAfter":73,"rawMatchedThrough":1,"matchedThrough":1,"relocalized":false,"recognized":"فيرما · فيرملونا · عند · هم · قد","expectedFromAnchor":"قَدْ · ثَبَتَتْ · لَكِنَّهَا · قِسْمَانِ · قِسْمٌ · يُدْغَمَا · فِيهِ · بِغُنَّةٍ · بِيَنْمُو · عُلِمَا · إِلَّا · إِذَا","nextExpected":"ثَبَتَتْ","alignMistakes":0}
[MutoonRecite] #187 align.skipAhead {"source":"mic","fromCursor":72,"toCursor":73,"skipped":0}
[MutoonRecite] #188 align.result {"source":"mic","isFinal":false,"monotonic":true,"anchor":73,"cursorBefore":73,"cursorAfter":75,"rawMatchedThrough":2,"matchedThrough":2,"relocalized":false,"recognized":"لكنا","expectedFromAnchor":"ثَبَتَتْ · لَكِنَّهَا · قِسْمَانِ · قِسْمٌ · يُدْغَمَا · فِيهِ · بِغُنَّةٍ · بِيَنْمُو · عُلِمَا · إِلَّا · إِذَا · كَانَا","nextExpected":"قِسْمَانِ","alignMistakes":1}
[MutoonRecite] #189 WARN mistake {"kind":"missed","globalWordIndex":73,"expected":"ثَبَتَتْ","recognized":null,"lineIndex":17,"wordIndex":4,"partial":true}
[MutoonRecite] #190 align.skipAhead {"source":"mic","fromCursor":73,"toCursor":75,"skipped":0}
[MutoonRecite] #191 align.result {"source":"mic","isFinal":false,"monotonic":true,"anchor":75,"cursorBefore":75,"cursorAfter":76,"rawMatchedThrough":1,"matchedThrough":1,"relocalized":false,"recognized":"لكنها · قسمان","expectedFromAnchor":"قِسْمَانِ · قِسْمٌ · يُدْغَمَا · فِيهِ · بِغُنَّةٍ · بِيَنْمُو · عُلِمَا · إِلَّا · إِذَا · كَانَا · بِكَلِمَةٍ · فَلَا","nextExpected":"قِسْمٌ","alignMistakes":0}
[MutoonRecite] #192 align.skipAhead {"source":"mic","fromCursor":75,"toCursor":76,"skipped":0}
[MutoonRecite] #193 align.result {"source":"mic","isFinal":false,"monotonic":true,"anchor":76,"cursorBefore":76,"cursorAfter":77,"rawMatchedThrough":1,"matchedThrough":1,"relocalized":false,"recognized":"لكنها · قسمان · قسم","expectedFromAnchor":"قِسْمٌ · يُدْغَمَا · فِيهِ · بِغُنَّةٍ · بِيَنْمُو · عُلِمَا · إِلَّا · إِذَا · كَانَا · بِكَلِمَةٍ · فَلَا · تُدْغِمْ","nextExpected":"يُدْغَمَا","alignMistakes":0}
[MutoonRecite] #194 align.skipAhead {"source":"mic","fromCursor":76,"toCursor":77,"skipped":0}
[MutoonRecite] #195 align.result {"source":"mic","isFinal":false,"monotonic":true,"anchor":77,"cursorBefore":77,"cursorAfter":78,"rawMatchedThrough":1,"matchedThrough":1,"relocalized":false,"recognized":"لكنها · قسمان · قسم · يدغما","expectedFromAnchor":"يُدْغَمَا · فِيهِ · بِغُنَّةٍ · بِيَنْمُو · عُلِمَا · إِلَّا · إِذَا · كَانَا · بِكَلِمَةٍ · فَلَا · تُدْغِمْ · كَدُنْيَا","nextExpected":"فِيهِ","alignMistakes":0}
[MutoonRecite] #196 align.skipAhead {"source":"mic","fromCursor":77,"toCursor":78,"skipped":0}
[MutoonRecite] #197 align.result {"source":"mic","isFinal":true,"monotonic":true,"anchor":78,"cursorBefore":78,"cursorAfter":78,"rawMatchedThrough":0,"matchedThrough":0,"relocalized":false,"recognized":"لكنها · قسمان · قسم · يدغما","expectedFromAnchor":"فِيهِ · بِغُنَّةٍ · بِيَنْمُو · عُلِمَا · إِلَّا · إِذَا · كَانَا · بِكَلِمَةٍ · فَلَا · تُدْغِمْ · كَدُنْيَا · ثُمَّ","nextExpected":"فِيهِ","alignMistakes":0}
[MutoonRecite] #198 listen.segmentFinal {"wordCursor":78}
[MutoonRecite] #199 align.result {"source":"mic","isFinal":false,"monotonic":true,"anchor":78,"cursorBefore":78,"cursorAfter":79,"rawMatchedThrough":1,"matchedThrough":1,"relocalized":false,"recognized":"فيه · بءر","expectedFromAnchor":"فِيهِ · بِغُنَّةٍ · بِيَنْمُو · عُلِمَا · إِلَّا · إِذَا · كَانَا · بِكَلِمَةٍ · فَلَا · تُدْغِمْ · كَدُنْيَا · ثُمَّ","nextExpected":"بِغُنَّةٍ","alignMistakes":0}
[MutoonRecite] #200 align.skipAhead {"source":"mic","fromCursor":78,"toCursor":79,"skipped":0}
[MutoonRecite] #201 align.result {"source":"mic","isFinal":false,"monotonic":true,"anchor":79,"cursorBefore":79,"cursorAfter":79,"rawMatchedThrough":0,"matchedThrough":0,"relocalized":false,"recognized":"به","expectedFromAnchor":"بِغُنَّةٍ · بِيَنْمُو · عُلِمَا · إِلَّا · إِذَا · كَانَا · بِكَلِمَةٍ · فَلَا · تُدْغِمْ · كَدُنْيَا · ثُمَّ · صِنْوَانٍ","nextExpected":"بِغُنَّةٍ","alignMistakes":0}
[MutoonRecite] #202 align.result {"source":"mic","isFinal":true,"monotonic":true,"anchor":79,"cursorBefore":79,"cursorAfter":80,"rawMatchedThrough":1,"matchedThrough":1,"relocalized":false,"recognized":"فيه · بغنه · بينموعولما","expectedFromAnchor":"بِغُنَّةٍ · بِيَنْمُو · عُلِمَا · إِلَّا · إِذَا · كَانَا · بِكَلِمَةٍ · فَلَا · تُدْغِمْ · كَدُنْيَا · ثُمَّ · صِنْوَانٍ","nextExpected":"بِيَنْمُو","alignMistakes":0}
[MutoonRecite] #203 align.skipAhead {"source":"mic","fromCursor":79,"toCursor":80,"skipped":0}
[MutoonRecite] #204 listen.segmentFinal {"wordCursor":80}
[MutoonRecite] #205 align.result {"source":"mic","isFinal":false,"monotonic":true,"anchor":80,"cursorBefore":80,"cursorAfter":83,"rawMatchedThrough":3,"matchedThrough":3,"relocalized":false,"recognized":"الا","expectedFromAnchor":"بِيَنْمُو · عُلِمَا · إِلَّا · إِذَا · كَانَا · بِكَلِمَةٍ · فَلَا · تُدْغِمْ · كَدُنْيَا · ثُمَّ · صِنْوَانٍ · تَلَا","nextExpected":"إِذَا","alignMistakes":2}
[MutoonRecite] #206 cursor.skipAheadMissesIgnored {"source":"mic","isFinal":false,"count":2,"fromCursor":80,"toCursor":83,"expected":"بِيَنْمُو · عُلِمَا"}
[MutoonRecite] #207 align.skipAhead {"source":"mic","fromCursor":80,"toCursor":83,"skipped":0}
[MutoonRecite] #208 asr.rebiasRequest {"cursor":85,"count":32}
[MutoonRecite] #209 asr.rebias {"provider":"cloud:deepgram","contextualCount":32,"biasCount":60}
[MutoonRecite] #210 align.result {"source":"mic","isFinal":false,"monotonic":true,"anchor":83,"cursorBefore":83,"cursorAfter":85,"rawMatchedThrough":2,"matchedThrough":2,"relocalized":false,"recognized":"الا · اذا · كان","expectedFromAnchor":"إِذَا · كَانَا · بِكَلِمَةٍ · فَلَا · تُدْغِمْ · كَدُنْيَا · ثُمَّ · صِنْوَانٍ · تَلَا · وَالثَّانِي · إِدْغَامٌ · بِغَيْرِ","nextExpected":"بِكَلِمَةٍ","alignMistakes":0}
[MutoonRecite] #211 align.skipAhead {"source":"mic","fromCursor":83,"toCursor":85,"skipped":0}
[MutoonRecite] #212 asr.cloudOpen {"vendor":"deepgram-nova-3","model":"nova-3","language":"ar","biasCount":60}
[MutoonRecite] #213 align.result {"source":"mic","isFinal":false,"monotonic":true,"anchor":85,"cursorBefore":85,"cursorAfter":86,"rawMatchedThrough":1,"matchedThrough":1,"relocalized":false,"recognized":"الا · اذا · كانا · بكل","expectedFromAnchor":"بِكَلِمَةٍ · فَلَا · تُدْغِمْ · كَدُنْيَا · ثُمَّ · صِنْوَانٍ · تَلَا · وَالثَّانِي · إِدْغَامٌ · بِغَيْرِ · غُنَّةْ · فِي","nextExpected":"فَلَا","alignMistakes":0}
[MutoonRecite] #214 align.skipAhead {"source":"mic","fromCursor":85,"toCursor":86,"skipped":0}
[MutoonRecite] #215 align.result {"source":"mic","isFinal":true,"monotonic":true,"anchor":86,"cursorBefore":86,"cursorAfter":87,"rawMatchedThrough":1,"matchedThrough":1,"relocalized":false,"recognized":"لا · لا","expectedFromAnchor":"فَلَا · تُدْغِمْ · كَدُنْيَا · ثُمَّ · صِنْوَانٍ · تَلَا · وَالثَّانِي · إِدْغَامٌ · بِغَيْرِ · غُنَّةْ · فِي · لَامٍ","nextExpected":"تُدْغِمْ","alignMistakes":0}
[MutoonRecite] #216 align.skipAhead {"source":"mic","fromCursor":86,"toCursor":87,"skipped":0}
[MutoonRecite] #217 listen.segmentFinal {"wordCursor":87}
[MutoonRecite] #218 align.result {"source":"mic","isFinal":false,"monotonic":true,"anchor":87,"cursorBefore":87,"cursorAfter":88,"rawMatchedThrough":1,"matchedThrough":1,"relocalized":false,"recognized":"تدغم","expectedFromAnchor":"تُدْغِمْ · كَدُنْيَا · ثُمَّ · صِنْوَانٍ · تَلَا · وَالثَّانِي · إِدْغَامٌ · بِغَيْرِ · غُنَّةْ · فِي · لَامٍ · وَرَاءٍ","nextExpected":"كَدُنْيَا","alignMistakes":0}
[MutoonRecite] #219 align.skipAhead {"source":"mic","fromCursor":87,"toCursor":88,"skipped":0}
[MutoonRecite] #220 align.result {"source":"mic","isFinal":false,"monotonic":true,"anchor":88,"cursorBefore":88,"cursorAfter":89,"rawMatchedThrough":1,"matchedThrough":1,"relocalized":false,"recognized":"تدغنك · دنياي","expectedFromAnchor":"كَدُنْيَا · ثُمَّ · صِنْوَانٍ · تَلَا · وَالثَّانِي · إِدْغَامٌ · بِغَيْرِ · غُنَّةْ · فِي · لَامٍ · وَرَاءٍ · ثُمَّ","nextExpected":"ثُمَّ","alignMistakes":0}
[MutoonRecite] #221 align.skipAhead {"source":"mic","fromCursor":88,"toCursor":89,"skipped":0}
[MutoonRecite] #222 align.result {"source":"mic","isFinal":false,"monotonic":true,"anchor":89,"cursorBefore":89,"cursorAfter":90,"rawMatchedThrough":1,"matchedThrough":1,"relocalized":false,"recognized":"تدغمك · دنيا · ثم · صن","expectedFromAnchor":"ثُمَّ · صِنْوَانٍ · تَلَا · وَالثَّانِي · إِدْغَامٌ · بِغَيْرِ · غُنَّةْ · فِي · لَامٍ · وَرَاءٍ · ثُمَّ · كَرَّرَنَّهْ","nextExpected":"صِنْوَانٍ","alignMistakes":0}
[MutoonRecite] #223 align.skipAhead {"source":"mic","fromCursor":89,"toCursor":90,"skipped":0}
[MutoonRecite] #224 align.result {"source":"mic","isFinal":false,"monotonic":true,"anchor":90,"cursorBefore":90,"cursorAfter":92,"rawMatchedThrough":2,"matchedThrough":2,"relocalized":false,"recognized":"تدغمك · دنيا · ثم · صنوان · تلا","expectedFromAnchor":"صِنْوَانٍ · تَلَا · وَالثَّانِي · إِدْغَامٌ · بِغَيْرِ · غُنَّةْ · فِي · لَامٍ · وَرَاءٍ · ثُمَّ · كَرَّرَنَّهْ · وَالثَّالِثُ","nextExpected":"وَالثَّانِي","alignMistakes":0}
[MutoonRecite] #225 align.skipAhead {"source":"mic","fromCursor":90,"toCursor":92,"skipped":0}
[MutoonRecite] #226 align.result {"source":"mic","isFinal":true,"monotonic":true,"anchor":92,"cursorBefore":92,"cursorAfter":92,"rawMatchedThrough":0,"matchedThrough":0,"relocalized":false,"recognized":"تدغمك · دنيا · ثم · صنوان · تلا","expectedFromAnchor":"وَالثَّانِي · إِدْغَامٌ · بِغَيْرِ · غُنَّةْ · فِي · لَامٍ · وَرَاءٍ · ثُمَّ · كَرَّرَنَّهْ · وَالثَّالِثُ · الْإِقْلَابُ · عِنْدَ","nextExpected":"وَالثَّانِي","alignMistakes":0}
[MutoonRecite] #227 listen.segmentFinal {"wordCursor":92}
[MutoonRecite] #228 align.result {"source":"mic","isFinal":false,"monotonic":true,"anchor":92,"cursorBefore":92,"cursorAfter":93,"rawMatchedThrough":1,"matchedThrough":1,"relocalized":false,"recognized":"والث","expectedFromAnchor":"وَالثَّانِي · إِدْغَامٌ · بِغَيْرِ · غُنَّةْ · فِي · لَامٍ · وَرَاءٍ · ثُمَّ · كَرَّرَنَّهْ · وَالثَّالِثُ · الْإِقْلَابُ · عِنْدَ","nextExpected":"إِدْغَامٌ","alignMistakes":0}
[MutoonRecite] #229 align.skipAhead {"source":"mic","fromCursor":92,"toCursor":93,"skipped":0}
[MutoonRecite] #230 align.result {"source":"mic","isFinal":false,"monotonic":true,"anchor":93,"cursorBefore":93,"cursorAfter":93,"rawMatchedThrough":0,"matchedThrough":0,"relocalized":false,"recognized":"والثاني · ايضا","expectedFromAnchor":"إِدْغَامٌ · بِغَيْرِ · غُنَّةْ · فِي · لَامٍ · وَرَاءٍ · ثُمَّ · كَرَّرَنَّهْ · وَالثَّالِثُ · الْإِقْلَابُ · عِنْدَ · الْبَاءِ","nextExpected":"إِدْغَامٌ","alignMistakes":0}
[MutoonRecite] #231 align.result {"source":"mic","isFinal":false,"monotonic":true,"anchor":93,"cursorBefore":93,"cursorAfter":94,"rawMatchedThrough":1,"matchedThrough":1,"relocalized":false,"recognized":"والثاني · ادغام · به","expectedFromAnchor":"إِدْغَامٌ · بِغَيْرِ · غُنَّةْ · فِي · لَامٍ · وَرَاءٍ · ثُمَّ · كَرَّرَنَّهْ · وَالثَّالِثُ · الْإِقْلَابُ · عِنْدَ · الْبَاءِ","nextExpected":"بِغَيْرِ","alignMistakes":0}
[MutoonRecite] #232 align.skipAhead {"source":"mic","fromCursor":93,"toCursor":94,"skipped":0}
[MutoonRecite] #233 align.result {"source":"mic","isFinal":false,"monotonic":true,"anchor":94,"cursorBefore":94,"cursorAfter":96,"rawMatchedThrough":2,"matchedThrough":2,"relocalized":false,"recognized":"والثاني · ادغام · بغير · غن","expectedFromAnchor":"بِغَيْرِ · غُنَّةْ · فِي · لَامٍ · وَرَاءٍ · ثُمَّ · كَرَّرَنَّهْ · وَالثَّالِثُ · الْإِقْلَابُ · عِنْدَ · الْبَاءِ · مِيمًا","nextExpected":"فِي","alignMistakes":0}
[MutoonRecite] #234 align.skipAhead {"source":"mic","fromCursor":94,"toCursor":96,"skipped":0}
[MutoonRecite] #235 align.result {"source":"mic","isFinal":true,"monotonic":true,"anchor":96,"cursorBefore":96,"cursorAfter":96,"rawMatchedThrough":0,"matchedThrough":0,"relocalized":false,"recognized":"والثاني · ادغام · بغير · غنه","expectedFromAnchor":"فِي · لَامٍ · وَرَاءٍ · ثُمَّ · كَرَّرَنَّهْ · وَالثَّالِثُ · الْإِقْلَابُ · عِنْدَ · الْبَاءِ · مِيمًا · بِغُنَّةٍ · مَعَ","nextExpected":"فِي","alignMistakes":0}
[MutoonRecite] #236 listen.segmentFinal {"wordCursor":96}
[MutoonRecite] #237 align.result {"source":"mic","isFinal":true,"monotonic":true,"anchor":96,"cursorBefore":96,"cursorAfter":96,"rawMatchedThrough":0,"matchedThrough":0,"relocalized":false,"recognized":"غنه","expectedFromAnchor":"فِي · لَامٍ · وَرَاءٍ · ثُمَّ · كَرَّرَنَّهْ · وَالثَّالِثُ · الْإِقْلَابُ · عِنْدَ · الْبَاءِ · مِيمًا · بِغُنَّةٍ · مَعَ","nextExpected":"فِي","alignMistakes":0}
[MutoonRecite] #238 listen.segmentFinal {"wordCursor":96}
[MutoonRecite] #239 asr.rebiasRequest {"cursor":97,"count":32}
[MutoonRecite] #240 asr.rebias {"provider":"cloud:deepgram","contextualCount":32,"biasCount":60}
[MutoonRecite] #241 align.result {"source":"mic","isFinal":false,"monotonic":true,"anchor":96,"cursorBefore":96,"cursorAfter":97,"rawMatchedThrough":1,"matchedThrough":1,"relocalized":false,"recognized":"في · الله","expectedFromAnchor":"فِي · لَامٍ · وَرَاءٍ · ثُمَّ · كَرَّرَنَّهْ · وَالثَّالِثُ · الْإِقْلَابُ · عِنْدَ · الْبَاءِ · مِيمًا · بِغُنَّةٍ · مَعَ","nextExpected":"لَامٍ","alignMistakes":0}
[MutoonRecite] #242 align.skipAhead {"source":"mic","fromCursor":96,"toCursor":97,"skipped":0}
[MutoonRecite] #243 asr.cloudOpen {"vendor":"deepgram-nova-3","model":"nova-3","language":"ar","biasCount":60}
[MutoonRecite] #244 align.result {"source":"mic","isFinal":false,"monotonic":true,"anchor":97,"cursorBefore":97,"cursorAfter":100,"rawMatchedThrough":3,"matchedThrough":3,"relocalized":false,"recognized":"ثم · كلم","expectedFromAnchor":"لَامٍ · وَرَاءٍ · ثُمَّ · كَرَّرَنَّهْ · وَالثَّالِثُ · الْإِقْلَابُ · عِنْدَ · الْبَاءِ · مِيمًا · بِغُنَّةٍ · مَعَ · الْإِخْفَاءِ","nextExpected":"كَرَّرَنَّهْ","alignMistakes":2}
[MutoonRecite] #245 cursor.skipAheadMissesIgnored {"source":"mic","isFinal":false,"count":2,"fromCursor":97,"toCursor":100,"expected":"لَامٍ · وَرَاءٍ"}
[MutoonRecite] #246 align.skipAhead {"source":"mic","fromCursor":97,"toCursor":100,"skipped":0}
[MutoonRecite] #247 align.result {"source":"mic","isFinal":true,"monotonic":true,"anchor":100,"cursorBefore":100,"cursorAfter":101,"rawMatchedThrough":1,"matchedThrough":1,"relocalized":false,"recognized":"كررنه","expectedFromAnchor":"كَرَّرَنَّهْ · وَالثَّالِثُ · الْإِقْلَابُ · عِنْدَ · الْبَاءِ · مِيمًا · بِغُنَّةٍ · مَعَ · الْإِخْفَاءِ · وَالرَّابِعُ · الْإِخْفَاءُ · عِنْدَ","nextExpected":"وَالثَّالِثُ","alignMistakes":0}
[MutoonRecite] #248 align.skipAhead {"source":"mic","fromCursor":100,"toCursor":101,"skipped":0}
[MutoonRecite] #249 listen.segmentFinal {"wordCursor":101}
[MutoonRecite] #250 align.result {"source":"mic","isFinal":false,"monotonic":true,"anchor":101,"cursorBefore":101,"cursorAfter":102,"rawMatchedThrough":1,"matchedThrough":1,"relocalized":false,"recognized":"والثالث","expectedFromAnchor":"وَالثَّالِثُ · الْإِقْلَابُ · عِنْدَ · الْبَاءِ · مِيمًا · بِغُنَّةٍ · مَعَ · الْإِخْفَاءِ · وَالرَّابِعُ · الْإِخْفَاءُ · عِنْدَ · الْفَاضِلِ","nextExpected":"الْإِقْلَابُ","alignMistakes":0}
[MutoonRecite] #251 align.skipAhead {"source":"mic","fromCursor":101,"toCursor":102,"skipped":0}
[MutoonRecite] #252 align.result {"source":"mic","isFinal":false,"monotonic":true,"anchor":102,"cursorBefore":102,"cursorAfter":104,"rawMatchedThrough":2,"matchedThrough":2,"relocalized":false,"recognized":"والثالث · الاقلاب · عند","expectedFromAnchor":"الْإِقْلَابُ · عِنْدَ · الْبَاءِ · مِيمًا · بِغُنَّةٍ · مَعَ · الْإِخْفَاءِ · وَالرَّابِعُ · الْإِخْفَاءُ · عِنْدَ · الْفَاضِلِ · مِنَ","nextExpected":"الْبَاءِ","alignMistakes":0}
[MutoonRecite] #253 align.skipAhead {"source":"mic","fromCursor":102,"toCursor":104,"skipped":0}
[MutoonRecite] #254 align.result {"source":"mic","isFinal":false,"monotonic":true,"anchor":104,"cursorBefore":104,"cursorAfter":105,"rawMatchedThrough":1,"matchedThrough":1,"relocalized":false,"recognized":"والثالث · الاقلاب · عند · الباء","expectedFromAnchor":"الْبَاءِ · مِيمًا · بِغُنَّةٍ · مَعَ · الْإِخْفَاءِ · وَالرَّابِعُ · الْإِخْفَاءُ · عِنْدَ · الْفَاضِلِ · مِنَ · الْحُرُوفِ · وَاجِبٌ","nextExpected":"مِيمًا","alignMistakes":0}
[MutoonRecite] #255 align.skipAhead {"source":"mic","fromCursor":104,"toCursor":105,"skipped":0}
[MutoonRecite] #256 align.result {"source":"mic","isFinal":true,"monotonic":true,"anchor":105,"cursorBefore":105,"cursorAfter":105,"rawMatchedThrough":0,"matchedThrough":0,"relocalized":false,"recognized":"والثالث · الاقلاب · عند · الباء","expectedFromAnchor":"مِيمًا · بِغُنَّةٍ · مَعَ · الْإِخْفَاءِ · وَالرَّابِعُ · الْإِخْفَاءُ · عِنْدَ · الْفَاضِلِ · مِنَ · الْحُرُوفِ · وَاجِبٌ · لِلْفَاضِلِ","nextExpected":"مِيمًا","alignMistakes":0}
[MutoonRecite] #257 listen.segmentFinal {"wordCursor":105}
[MutoonRecite] #258 align.result {"source":"mic","isFinal":false,"monotonic":true,"anchor":105,"cursorBefore":105,"cursorAfter":105,"rawMatchedThrough":0,"matchedThrough":0,"relocalized":false,"recognized":"ميمن · ب","expectedFromAnchor":"مِيمًا · بِغُنَّةٍ · مَعَ · الْإِخْفَاءِ · وَالرَّابِعُ · الْإِخْفَاءُ · عِنْدَ · الْفَاضِلِ · مِنَ · الْحُرُوفِ · وَاجِبٌ · لِلْفَاضِلِ","nextExpected":"مِيمًا","alignMistakes":0}
[MutoonRecite] #259 align.result {"source":"mic","isFinal":false,"monotonic":true,"anchor":105,"cursorBefore":105,"cursorAfter":107,"rawMatchedThrough":2,"matchedThrough":2,"relocalized":false,"recognized":"ميمن · بغنات","expectedFromAnchor":"مِيمًا · بِغُنَّةٍ · مَعَ · الْإِخْفَاءِ · وَالرَّابِعُ · الْإِخْفَاءُ · عِنْدَ · الْفَاضِلِ · مِنَ · الْحُرُوفِ · وَاجِبٌ · لِلْفَاضِلِ","nextExpected":"مَعَ","alignMistakes":1}
[MutoonRecite] #260 WARN mistake {"kind":"missed","globalWordIndex":105,"expected":"مِيمًا","recognized":null,"lineIndex":25,"wordIndex":0,"partial":true}
[MutoonRecite] #261 align.skipAhead {"source":"mic","fromCursor":105,"toCursor":107,"skipped":0}
[MutoonRecite] #262 align.result {"source":"mic","isFinal":false,"monotonic":true,"anchor":107,"cursorBefore":107,"cursorAfter":108,"rawMatchedThrough":1,"matchedThrough":1,"relocalized":false,"recognized":"ميمن · بغنه · مع","expectedFromAnchor":"مَعَ · الْإِخْفَاءِ · وَالرَّابِعُ · الْإِخْفَاءُ · عِنْدَ · الْفَاضِلِ · مِنَ · الْحُرُوفِ · وَاجِبٌ · لِلْفَاضِلِ · فِي · خَمْسَةٍ","nextExpected":"الْإِخْفَاءِ","alignMistakes":0}
[MutoonRecite] #263 align.skipAhead {"source":"mic","fromCursor":107,"toCursor":108,"skipped":0}
[MutoonRecite] #264 asr.rebiasRequest {"cursor":109,"count":32}
[MutoonRecite] #265 asr.rebias {"provider":"cloud:deepgram","contextualCount":32,"biasCount":60}
[MutoonRecite] #266 align.result {"source":"mic","isFinal":false,"monotonic":true,"anchor":108,"cursorBefore":108,"cursorAfter":109,"rawMatchedThrough":1,"matchedThrough":1,"relocalized":false,"recognized":"ميمن · بغنه · مع · الاخفاء","expectedFromAnchor":"الْإِخْفَاءِ · وَالرَّابِعُ · الْإِخْفَاءُ · عِنْدَ · الْفَاضِلِ · مِنَ · الْحُرُوفِ · وَاجِبٌ · لِلْفَاضِلِ · فِي · خَمْسَةٍ · مِنْ","nextExpected":"وَالرَّابِعُ","alignMistakes":0}
[MutoonRecite] #267 align.skipAhead {"source":"mic","fromCursor":108,"toCursor":109,"skipped":0}
[MutoonRecite] #268 asr.cloudOpen {"vendor":"deepgram-nova-3","model":"nova-3","language":"ar","biasCount":60}
[MutoonRecite] #269 align.result {"source":"mic","isFinal":true,"monotonic":true,"anchor":109,"cursorBefore":109,"cursorAfter":109,"rawMatchedThrough":0,"matchedThrough":0,"relocalized":false,"recognized":"ميمن · بغنه · مع","expectedFromAnchor":"وَالرَّابِعُ · الْإِخْفَاءُ · عِنْدَ · الْفَاضِلِ · مِنَ · الْحُرُوفِ · وَاجِبٌ · لِلْفَاضِلِ · فِي · خَمْسَةٍ · مِنْ · بَعْدِ","nextExpected":"وَالرَّابِعُ","alignMistakes":0}
[MutoonRecite] #270 listen.segmentFinal {"wordCursor":109}
[MutoonRecite] #271 align.result {"source":"mic","isFinal":true,"monotonic":true,"anchor":109,"cursorBefore":109,"cursorAfter":109,"rawMatchedThrough":0,"matchedThrough":0,"relocalized":false,"recognized":"ما","expectedFromAnchor":"وَالرَّابِعُ · الْإِخْفَاءُ · عِنْدَ · الْفَاضِلِ · مِنَ · الْحُرُوفِ · وَاجِبٌ · لِلْفَاضِلِ · فِي · خَمْسَةٍ · مِنْ · بَعْدِ","nextExpected":"وَالرَّابِعُ","alignMistakes":0}
[MutoonRecite] #272 listen.segmentFinal {"wordCursor":109}
[MutoonRecite] #273 align.result {"source":"mic","isFinal":false,"monotonic":true,"anchor":109,"cursorBefore":109,"cursorAfter":111,"rawMatchedThrough":2,"matchedThrough":2,"relocalized":false,"recognized":"الاخفاء","expectedFromAnchor":"وَالرَّابِعُ · الْإِخْفَاءُ · عِنْدَ · الْفَاضِلِ · مِنَ · الْحُرُوفِ · وَاجِبٌ · لِلْفَاضِلِ · فِي · خَمْسَةٍ · مِنْ · بَعْدِ","nextExpected":"عِنْدَ","alignMistakes":1}
[MutoonRecite] #274 WARN mistake {"kind":"missed","globalWordIndex":109,"expected":"وَالرَّابِعُ","recognized":null,"lineIndex":26,"wordIndex":0,"partial":true}
[MutoonRecite] #275 align.skipAhead {"source":"mic","fromCursor":109,"toCursor":111,"skipped":0}
[MutoonRecite] #276 align.result {"source":"mic","isFinal":false,"monotonic":true,"anchor":111,"cursorBefore":111,"cursorAfter":112,"rawMatchedThrough":1,"matchedThrough":1,"relocalized":false,"recognized":"الاخفاء · عند","expectedFromAnchor":"عِنْدَ · الْفَاضِلِ · مِنَ · الْحُرُوفِ · وَاجِبٌ · لِلْفَاضِلِ · فِي · خَمْسَةٍ · مِنْ · بَعْدِ · عَشْرٍ · رَمْزُهَا","nextExpected":"الْفَاضِلِ","alignMistakes":0}
[MutoonRecite] #277 align.skipAhead {"source":"mic","fromCursor":111,"toCursor":112,"skipped":0}
[MutoonRecite] #278 align.result {"source":"mic","isFinal":false,"monotonic":true,"anchor":112,"cursorBefore":112,"cursorAfter":113,"rawMatchedThrough":1,"matchedThrough":1,"relocalized":false,"recognized":"الاخفاء · عند · الفاضل","expectedFromAnchor":"الْفَاضِلِ · مِنَ · الْحُرُوفِ · وَاجِبٌ · لِلْفَاضِلِ · فِي · خَمْسَةٍ · مِنْ · بَعْدِ · عَشْرٍ · رَمْزُهَا · فِي","nextExpected":"مِنَ","alignMistakes":0}
[MutoonRecite] #279 align.skipAhead {"source":"mic","fromCursor":112,"toCursor":113,"skipped":0}
[MutoonRecite] #280 align.result {"source":"mic","isFinal":true,"monotonic":true,"anchor":113,"cursorBefore":113,"cursorAfter":117,"rawMatchedThrough":4,"matchedThrough":4,"relocalized":false,"recognized":"الاخفاء · عند · الفاضل","expectedFromAnchor":"مِنَ · الْحُرُوفِ · وَاجِبٌ · لِلْفَاضِلِ · فِي · خَمْسَةٍ · مِنْ · بَعْدِ · عَشْرٍ · رَمْزُهَا · فِي · كَلِمِ","nextExpected":"فِي","alignMistakes":3}
[MutoonRecite] #281 cursor.skipAheadMissesIgnored {"source":"mic","isFinal":true,"count":3,"fromCursor":113,"toCursor":117,"expected":"مِنَ · الْحُرُوفِ · وَاجِبٌ"}
[MutoonRecite] #282 align.skipAhead {"source":"mic","fromCursor":113,"toCursor":117,"skipped":0}
[MutoonRecite] #283 listen.segmentFinal {"wordCursor":117}
[MutoonRecite] #284 align.result {"source":"mic","isFinal":false,"monotonic":true,"anchor":117,"cursorBefore":117,"cursorAfter":118,"rawMatchedThrough":1,"matchedThrough":1,"relocalized":false,"recognized":"من · الحور · في","expectedFromAnchor":"فِي · خَمْسَةٍ · مِنْ · بَعْدِ · عَشْرٍ · رَمْزُهَا · فِي · كَلِمِ · هَذَا · الْبَيْتِ · قَدْ · ضَمَّنْتُهَا","nextExpected":"خَمْسَةٍ","alignMistakes":0}
[MutoonRecite] #285 align.skipAhead {"source":"mic","fromCursor":117,"toCursor":118,"skipped":0}
[MutoonRecite] #286 align.result {"source":"mic","isFinal":false,"monotonic":true,"anchor":118,"cursorBefore":118,"cursorAfter":120,"rawMatchedThrough":2,"matchedThrough":2,"relocalized":false,"recognized":"من · الحور · في · واجب · للفاض","expectedFromAnchor":"خَمْسَةٍ · مِنْ · بَعْدِ · عَشْرٍ · رَمْزُهَا · فِي · كَلِمِ · هَذَا · الْبَيْتِ · قَدْ · ضَمَّنْتُهَا · صِفْ","nextExpected":"بَعْدِ","alignMistakes":1}
[MutoonRecite] #287 WARN mistake {"kind":"missed","globalWordIndex":118,"expected":"خَمْسَةٍ","recognized":null,"lineIndex":28,"wordIndex":1,"partial":true}
[MutoonRecite] #288 align.skipAhead {"source":"mic","fromCursor":118,"toCursor":120,"skipped":0}
[MutoonRecite] #289 asr.rebiasRequest {"cursor":124,"count":32}
[MutoonRecite] #290 asr.rebias {"provider":"cloud:deepgram","contextualCount":32,"biasCount":60}
[MutoonRecite] #291 align.result {"source":"mic","isFinal":true,"monotonic":true,"anchor":120,"cursorBefore":120,"cursorAfter":124,"rawMatchedThrough":4,"matchedThrough":4,"relocalized":false,"recognized":"من · الحور · في · واجب · للفاضل","expectedFromAnchor":"بَعْدِ · عَشْرٍ · رَمْزُهَا · فِي · كَلِمِ · هَذَا · الْبَيْتِ · قَدْ · ضَمَّنْتُهَا · صِفْ · ذَا · ثَنَا","nextExpected":"كَلِمِ","alignMistakes":3}
[MutoonRecite] #292 cursor.skipAheadMissesIgnored {"source":"mic","isFinal":true,"count":3,"fromCursor":120,"toCursor":124,"expected":"بَعْدِ · عَشْرٍ · رَمْزُهَا"}
[MutoonRecite] #293 align.skipAhead {"source":"mic","fromCursor":120,"toCursor":124,"skipped":0}
[MutoonRecite] #294 listen.segmentFinal {"wordCursor":124}
[MutoonRecite] #295 asr.cloudOpen {"vendor":"deepgram-nova-3","model":"nova-3","language":"ar","biasCount":60}
[MutoonRecite] #296 align.result {"source":"mic","isFinal":false,"monotonic":true,"anchor":124,"cursorBefore":124,"cursorAfter":124,"rawMatchedThrough":0,"matchedThrough":0,"relocalized":false,"recognized":"منبا","expectedFromAnchor":"كَلِمِ · هَذَا · الْبَيْتِ · قَدْ · ضَمَّنْتُهَا · صِفْ · ذَا · ثَنَا · كَمْ · جَادَ · شَخْصٌ · قَدْ","nextExpected":"كَلِمِ","alignMistakes":0}
[MutoonRecite] #297 align.result {"source":"mic","isFinal":false,"monotonic":true,"anchor":124,"cursorBefore":124,"cursorAfter":124,"rawMatchedThrough":0,"matchedThrough":0,"relocalized":false,"recognized":"من · بعد · عشر","expectedFromAnchor":"كَلِمِ · هَذَا · الْبَيْتِ · قَدْ · ضَمَّنْتُهَا · صِفْ · ذَا · ثَنَا · كَمْ · جَادَ · شَخْصٌ · قَدْ","nextExpected":"كَلِمِ","alignMistakes":0}
[MutoonRecite] #298 align.result {"source":"mic","isFinal":false,"monotonic":true,"anchor":124,"cursorBefore":124,"cursorAfter":124,"rawMatchedThrough":0,"matchedThrough":0,"relocalized":false,"recognized":"من · بعد · عشر · رمزها","expectedFromAnchor":"كَلِمِ · هَذَا · الْبَيْتِ · قَدْ · ضَمَّنْتُهَا · صِفْ · ذَا · ثَنَا · كَمْ · جَادَ · شَخْصٌ · قَدْ","nextExpected":"كَلِمِ","alignMistakes":0}
[MutoonRecite] #299 align.result {"source":"mic","isFinal":true,"monotonic":true,"anchor":124,"cursorBefore":124,"cursorAfter":124,"rawMatchedThrough":0,"matchedThrough":0,"relocalized":false,"recognized":"عشرها","expectedFromAnchor":"كَلِمِ · هَذَا · الْبَيْتِ · قَدْ · ضَمَّنْتُهَا · صِفْ · ذَا · ثَنَا · كَمْ · جَادَ · شَخْصٌ · قَدْ","nextExpected":"كَلِمِ","alignMistakes":0}
[MutoonRecite] #300 listen.segmentFinal {"wordCursor":124}
[MutoonRecite] #301 align.result {"source":"mic","isFinal":false,"monotonic":true,"anchor":124,"cursorBefore":124,"cursorAfter":129,"rawMatchedThrough":5,"matchedThrough":5,"relocalized":false,"recognized":"كلم · هذا · البيت · قد · ضمنت","expectedFromAnchor":"كَلِمِ · هَذَا · الْبَيْتِ · قَدْ · ضَمَّنْتُهَا · صِفْ · ذَا · ثَنَا · كَمْ · جَادَ · شَخْصٌ · قَدْ","nextExpected":"صِفْ","alignMistakes":0}
[MutoonRecite] #302 align.skipAhead {"source":"mic","fromCursor":124,"toCursor":129,"skipped":0}
[MutoonRecite] #303 align.result {"source":"mic","isFinal":true,"monotonic":true,"anchor":129,"cursorBefore":129,"cursorAfter":131,"rawMatchedThrough":2,"matchedThrough":2,"relocalized":false,"recognized":"في · كلم · هذا · البيت · قد · ضمنتها","expectedFromAnchor":"صِفْ · ذَا · ثَنَا · كَمْ · جَادَ · شَخْصٌ · قَدْ · سَمَّا · دُمْ · طَيِّبًا · زِدْ · فِي","nextExpected":"ثَنَا","alignMistakes":1}
[MutoonRecite] #304 WARN mistake {"kind":"missed","globalWordIndex":129,"expected":"صِفْ","recognized":null,"lineIndex":30,"wordIndex":0,"partial":false}
[MutoonRecite] #305 align.skipAhead {"source":"mic","fromCursor":129,"toCursor":131,"skipped":0}
[MutoonRecite] #306 listen.segmentFinal {"wordCursor":131}
[MutoonRecite] #307 align.result {"source":"mic","isFinal":false,"monotonic":true,"anchor":131,"cursorBefore":131,"cursorAfter":132,"rawMatchedThrough":1,"matchedThrough":1,"relocalized":false,"recognized":"صف · ذا · ثنا","expectedFromAnchor":"ثَنَا · كَمْ · جَادَ · شَخْصٌ · قَدْ · سَمَّا · دُمْ · طَيِّبًا · زِدْ · فِي · تُقًى · ضَعْ","nextExpected":"كَمْ","alignMistakes":0}
[MutoonRecite] #308 align.skipAhead {"source":"mic","fromCursor":131,"toCursor":132,"skipped":0}
[MutoonRecite] #309 align.result {"source":"mic","isFinal":false,"monotonic":true,"anchor":132,"cursorBefore":132,"cursorAfter":133,"rawMatchedThrough":1,"matchedThrough":1,"relocalized":false,"recognized":"ذا · ثنا · كم · داذا","expectedFromAnchor":"كَمْ · جَادَ · شَخْصٌ · قَدْ · سَمَّا · دُمْ · طَيِّبًا · زِدْ · فِي · تُقًى · ضَعْ · ظَالِمَا","nextExpected":"جَادَ","alignMistakes":0}
[MutoonRecite] #310 align.skipAhead {"source":"mic","fromCursor":132,"toCursor":133,"skipped":0}
[MutoonRecite] #311 asr.rebiasRequest {"cursor":136,"count":32}
[MutoonRecite] #312 asr.rebias {"provider":"cloud:deepgram","contextualCount":32,"biasCount":60}
[MutoonRecite] #313 align.result {"source":"mic","isFinal":false,"monotonic":true,"anchor":133,"cursorBefore":133,"cursorAfter":136,"rawMatchedThrough":3,"matchedThrough":3,"relocalized":false,"recognized":"ذا · ثانا · كم · دا · ذا · شخص · قد","expectedFromAnchor":"جَادَ · شَخْصٌ · قَدْ · سَمَّا · دُمْ · طَيِّبًا · زِدْ · فِي · تُقًى · ضَعْ · ظَالِمَا · وَغُنَّ","nextExpected":"سَمَّا","alignMistakes":1}
[MutoonRecite] #314 WARN mistake {"kind":"missed","globalWordIndex":133,"expected":"جَادَ","recognized":null,"lineIndex":30,"wordIndex":4,"partial":true}
[MutoonRecite] #315 align.skipAhead {"source":"mic","fromCursor":133,"toCursor":136,"skipped":0}
[MutoonRecite] #316 asr.cloudOpen {"vendor":"deepgram-nova-3","model":"nova-3","language":"ar","biasCount":60}
[MutoonRecite] #317 align.result {"source":"mic","isFinal":true,"monotonic":true,"anchor":136,"cursorBefore":136,"cursorAfter":137,"rawMatchedThrough":1,"matchedThrough":1,"relocalized":false,"recognized":"صف · ذا · ثاني · كم · داذا · شخص · قد · سما","expectedFromAnchor":"سَمَّا · دُمْ · طَيِّبًا · زِدْ · فِي · تُقًى · ضَعْ · ظَالِمَا · وَغُنَّ · مِيمًا · ثُمَّ · نُونًا","nextExpected":"دُمْ","alignMistakes":0}
[MutoonRecite] #318 align.skipAhead {"source":"mic","fromCursor":136,"toCursor":137,"skipped":0}
[MutoonRecite] #319 listen.segmentFinal {"wordCursor":137}
[MutoonRecite] #320 align.result {"source":"mic","isFinal":false,"monotonic":true,"anchor":137,"cursorBefore":137,"cursorAfter":139,"rawMatchedThrough":2,"matchedThrough":2,"relocalized":false,"recognized":"دم · طيبا","expectedFromAnchor":"دُمْ · طَيِّبًا · زِدْ · فِي · تُقًى · ضَعْ · ظَالِمَا · وَغُنَّ · مِيمًا · ثُمَّ · نُونًا · شُدِّدَا","nextExpected":"زِدْ","alignMistakes":0}
[MutoonRecite] #321 align.skipAhead {"source":"mic","fromCursor":137,"toCursor":139,"skipped":0}
[MutoonRecite] #322 align.result {"source":"mic","isFinal":false,"monotonic":true,"anchor":139,"cursorBefore":139,"cursorAfter":142,"rawMatchedThrough":3,"matchedThrough":3,"relocalized":false,"recognized":"في · توق","expectedFromAnchor":"زِدْ · فِي · تُقًى · ضَعْ · ظَالِمَا · وَغُنَّ · مِيمًا · ثُمَّ · نُونًا · شُدِّدَا · وَسَمِّ · كُلًّا","nextExpected":"ضَعْ","alignMistakes":1}
[MutoonRecite] #323 WARN mistake {"kind":"missed","globalWordIndex":139,"expected":"زِدْ","recognized":null,"lineIndex":31,"wordIndex":2,"partial":true}
[MutoonRecite] #324 align.skipAhead {"source":"mic","fromCursor":139,"toCursor":142,"skipped":0}
[MutoonRecite] #325 align.result {"source":"mic","isFinal":false,"monotonic":true,"anchor":142,"cursorBefore":142,"cursorAfter":142,"rawMatchedThrough":0,"matchedThrough":0,"relocalized":false,"recognized":"تق · ضعظال","expectedFromAnchor":"ضَعْ · ظَالِمَا · وَغُنَّ · مِيمًا · ثُمَّ · نُونًا · شُدِّدَا · وَسَمِّ · كُلًّا · حَرْفَ · غُنَّةٍ · بَدَا","nextExpected":"ضَعْ","alignMistakes":0}
[MutoonRecite] #326 align.result {"source":"mic","isFinal":true,"monotonic":true,"anchor":142,"cursorBefore":142,"cursorAfter":142,"rawMatchedThrough":0,"matchedThrough":0,"relocalized":false,"recognized":"تقي · ضالما","expectedFromAnchor":"ضَعْ · ظَالِمَا · وَغُنَّ · مِيمًا · ثُمَّ · نُونًا · شُدِّدَا · وَسَمِّ · كُلًّا · حَرْفَ · غُنَّةٍ · بَدَا","nextExpected":"ضَعْ","alignMistakes":0}
[MutoonRecite] #327 listen.segmentFinal {"wordCursor":142}
[MutoonRecite] #328 align.result {"source":"mic","isFinal":false,"monotonic":true,"anchor":142,"cursorBefore":142,"cursorAfter":143,"rawMatchedThrough":1,"matchedThrough":1,"relocalized":false,"recognized":"ضع · ظا","expectedFromAnchor":"ضَعْ · ظَالِمَا · وَغُنَّ · مِيمًا · ثُمَّ · نُونًا · شُدِّدَا · وَسَمِّ · كُلًّا · حَرْفَ · غُنَّةٍ · بَدَا","nextExpected":"ظَالِمَا","alignMistakes":0}
[MutoonRecite] #329 align.skipAhead {"source":"mic","fromCursor":142,"toCursor":143,"skipped":0}
[MutoonRecite] #330 align.result {"source":"mic","isFinal":true,"monotonic":true,"anchor":143,"cursorBefore":143,"cursorAfter":144,"rawMatchedThrough":1,"matchedThrough":1,"relocalized":false,"recognized":"ضع · ضع · ظالما","expectedFromAnchor":"ظَالِمَا · وَغُنَّ · مِيمًا · ثُمَّ · نُونًا · شُدِّدَا · وَسَمِّ · كُلًّا · حَرْفَ · غُنَّةٍ · بَدَا · وَالْمِيمُ","nextExpected":"وَغُنَّ","alignMistakes":0}
[MutoonRecite] #331 align.skipAhead {"source":"mic","fromCursor":143,"toCursor":144,"skipped":0}
[MutoonRecite] #332 listen.segmentFinal {"wordCursor":144}
[MutoonRecite] #333 listen.stop {"wordCursor":144,"totalWords":558,"mistakes":13}
