# Mutoon Tarteel — recite log
# MUTOON_RECITE_BUILD=align-trust-v4
# build: {"tag":"MUTOON_RECITE_BUILD=align-trust-v4","alignTrustVersion":4,"appVersion":"1.0.2","commitGraceMs":1200,"maxSkipMissesPerStep":1,"substitutionDetection":true,"omissionPolicy":"suppress","wordTimings":true,"reconcileAtStop":true,"expectLogMarkers":["commitGraceSkip","skipAheadMissesIgnored","heardStream","heardTimeline","reconciled"],"dev":true}
# started: 2026-07-08T16:28:37.276Z
# file: file:///var/mobile/Containers/Data/Application/6028960C-CF2F-47CF-B004-A88869565CD3/Documents/recite-logs/2026-07-08T16-28-37-276Z_tuhfat_al_atfal_cloud.log
# meta: {"matnId":"tuhfat_al_atfal","asrMode":"cloud","startIdx":0,"endIdx":121,"totalWords":558,"lineCount":122}

[MutoonRecite] BUILD_STAMP {"tag":"MUTOON_RECITE_BUILD=align-trust-v4","alignTrustVersion":4,"appVersion":"1.0.2","commitGraceMs":1200,"maxSkipMissesPerStep":1,"substitutionDetection":true,"omissionPolicy":"suppress","wordTimings":true,"reconcileAtStop":true,"expectLogMarkers":["commitGraceSkip","skipAheadMissesIgnored","heardStream","heardTimeline","reconciled"],"dev":true}

[MutoonRecite] fileLog.begin {"file":"file:///var/mobile/Containers/Data/Application/6028960C-CF2F-47CF-B004-A88869565CD3/Documents/recite-logs/2026-07-08T16-28-37-276Z_tuhfat_al_atfal_cloud.log","dir":"file:///var/mobile/Containers/Data/Application/6028960C-CF2F-47CF-B004-A88869565CD3/Documents/recite-logs/"}
[MutoonRecite] #1 session.build {"tag":"MUTOON_RECITE_BUILD=align-trust-v4","alignTrustVersion":4,"appVersion":"1.0.2","commitGraceMs":1200,"maxSkipMissesPerStep":1,"substitutionDetection":true,"omissionPolicy":"suppress","wordTimings":true,"reconcileAtStop":true,"expectLogMarkers":["commitGraceSkip","skipAheadMissesIgnored","heardStream","heardTimeline","reconciled"],"dev":true}
[MutoonRecite] #2 session.screen {"matnId":"tuhfat_al_atfal","startIdx":0,"endIdx":121,"totalWords":558,"lineCount":122,"asrMode":"cloud"}
[MutoonRecite] #3 session.load {"totalWords":558,"lines":122,"start":"يَقُولُ · رَاجِي · رَحْمَةِ · الْغَفُورِ · دَوْمًا · سُلَيْمَانُ"}
[MutoonRecite] #4 listen.start {"wordCursor":0,"remainingCount":558,"remaining":"يَقُولُ · رَاجِي · رَحْمَةِ · الْغَفُورِ · دَوْمًا · سُلَيْمَانُ · هُوَ · الْجَمْزُورِي · الْحَمْدُ · لِلَّهِ · مُصَلِّيًا · عَلَى … (+546 more)","provider":"cloud:deepgram","tag":"MUTOON_RECITE_BUILD=align-trust-v4","alignTrustVersion":4,"appVersion":"1.0.2","commitGraceMs":1200,"maxSkipMissesPerStep":1,"substitutionDetection":true,"omissionPolicy":"suppress","wordTimings":true,"reconcileAtStop":true,"expectLogMarkers":["commitGraceSkip","skipAheadMissesIgnored","heardStream","heardTimeline","reconciled"],"dev":true}
[MutoonRecite] #5 asr.start {"provider":"cloud:deepgram","contextualCount":32,"biasCount":60}
[MutoonRecite] #6 asr.cloudOpen {"vendor":"deepgram-nova-3","model":"nova-3","language":"ar","biasCount":60}
[MutoonRecite] #7 align.result {"source":"mic","isFinal":false,"monotonic":true,"anchor":0,"cursorBefore":0,"cursorAfter":0,"rawMatchedThrough":0,"matchedThrough":0,"relocalized":false,"recognized":"يا","expectedFromAnchor":"يَقُولُ · رَاجِي · رَحْمَةِ · الْغَفُورِ · دَوْمًا · سُلَيْمَانُ · هُوَ · الْجَمْزُورِي · الْحَمْدُ · لِلَّهِ · مُصَلِّيًا · عَلَى","nextExpected":"يَقُولُ","alignMistakes":0}
[MutoonRecite] #8 align.result {"source":"mic","isFinal":false,"monotonic":true,"anchor":0,"cursorBefore":0,"cursorAfter":0,"rawMatchedThrough":0,"matchedThrough":0,"relocalized":false,"recognized":"يا · قونوران","expectedFromAnchor":"يَقُولُ · رَاجِي · رَحْمَةِ · الْغَفُورِ · دَوْمًا · سُلَيْمَانُ · هُوَ · الْجَمْزُورِي · الْحَمْدُ · لِلَّهِ · مُصَلِّيًا · عَلَى","nextExpected":"يَقُولُ","alignMistakes":0}
[MutoonRecite] #9 align.result {"source":"mic","isFinal":false,"monotonic":true,"anchor":0,"cursorBefore":0,"cursorAfter":3,"rawMatchedThrough":3,"matchedThrough":3,"relocalized":false,"recognized":"يقول · راجي · رحمن","expectedFromAnchor":"يَقُولُ · رَاجِي · رَحْمَةِ · الْغَفُورِ · دَوْمًا · سُلَيْمَانُ · هُوَ · الْجَمْزُورِي · الْحَمْدُ · لِلَّهِ · مُصَلِّيًا · عَلَى","nextExpected":"الْغَفُورِ","alignMistakes":0}
[MutoonRecite] #10 align.skipAhead {"source":"mic","fromCursor":0,"toCursor":3,"skipped":0}
[MutoonRecite] #11 align.result {"source":"mic","isFinal":false,"monotonic":true,"anchor":3,"cursorBefore":3,"cursorAfter":4,"rawMatchedThrough":1,"matchedThrough":1,"relocalized":false,"recognized":"يقول · راجي · رحماتي · الغفور","expectedFromAnchor":"الْغَفُورِ · دَوْمًا · سُلَيْمَانُ · هُوَ · الْجَمْزُورِي · الْحَمْدُ · لِلَّهِ · مُصَلِّيًا · عَلَى · مُحَمَّدٍ · وَآلِهِ · وَمَنْ","nextExpected":"دَوْمًا","alignMistakes":0}
[MutoonRecite] #12 align.skipAhead {"source":"mic","fromCursor":3,"toCursor":4,"skipped":0}
[MutoonRecite] #13 align.result {"source":"mic","isFinal":true,"monotonic":true,"anchor":4,"cursorBefore":4,"cursorAfter":4,"rawMatchedThrough":0,"matchedThrough":0,"relocalized":false,"recognized":"يقول · رجي · رحماتي · الغفور","expectedFromAnchor":"دَوْمًا · سُلَيْمَانُ · هُوَ · الْجَمْزُورِي · الْحَمْدُ · لِلَّهِ · مُصَلِّيًا · عَلَى · مُحَمَّدٍ · وَآلِهِ · وَمَنْ · تَلَا","nextExpected":"دَوْمًا","alignMistakes":0}
[MutoonRecite] #14 listen.segmentFinal {"wordCursor":4}
[MutoonRecite] #15 session.reconcileLive {"live":0,"reconciled":0,"upTo":1,"asrDropsSuppressed":0,"matched":1,"mistakes":[]}
[MutoonRecite] #16 align.result {"source":"mic","isFinal":false,"monotonic":true,"anchor":4,"cursorBefore":4,"cursorAfter":5,"rawMatchedThrough":1,"matchedThrough":1,"relocalized":false,"recognized":"دوما","expectedFromAnchor":"دَوْمًا · سُلَيْمَانُ · هُوَ · الْجَمْزُورِي · الْحَمْدُ · لِلَّهِ · مُصَلِّيًا · عَلَى · مُحَمَّدٍ · وَآلِهِ · وَمَنْ · تَلَا","nextExpected":"سُلَيْمَانُ","alignMistakes":0}
[MutoonRecite] #17 align.skipAhead {"source":"mic","fromCursor":4,"toCursor":5,"skipped":0}
[MutoonRecite] #18 align.result {"source":"mic","isFinal":false,"monotonic":true,"anchor":5,"cursorBefore":5,"cursorAfter":6,"rawMatchedThrough":1,"matchedThrough":1,"relocalized":false,"recognized":"دوما · سليمان","expectedFromAnchor":"سُلَيْمَانُ · هُوَ · الْجَمْزُورِي · الْحَمْدُ · لِلَّهِ · مُصَلِّيًا · عَلَى · مُحَمَّدٍ · وَآلِهِ · وَمَنْ · تَلَا · وَبَعْدُ","nextExpected":"هُوَ","alignMistakes":0}
[MutoonRecite] #19 align.skipAhead {"source":"mic","fromCursor":5,"toCursor":6,"skipped":0}
[MutoonRecite] #20 align.result {"source":"mic","isFinal":false,"monotonic":true,"anchor":6,"cursorBefore":6,"cursorAfter":7,"rawMatchedThrough":1,"matchedThrough":1,"relocalized":false,"recognized":"دوما · سليمان · هو","expectedFromAnchor":"هُوَ · الْجَمْزُورِي · الْحَمْدُ · لِلَّهِ · مُصَلِّيًا · عَلَى · مُحَمَّدٍ · وَآلِهِ · وَمَنْ · تَلَا · وَبَعْدُ · هَذَا","nextExpected":"الْجَمْزُورِي","alignMistakes":0}
[MutoonRecite] #21 align.skipAhead {"source":"mic","fromCursor":6,"toCursor":7,"skipped":0}
[MutoonRecite] #22 align.result {"source":"mic","isFinal":true,"monotonic":true,"anchor":7,"cursorBefore":7,"cursorAfter":7,"rawMatchedThrough":0,"matchedThrough":0,"relocalized":false,"recognized":"دوما · سليمان · هو · الممزوري","expectedFromAnchor":"الْجَمْزُورِي · الْحَمْدُ · لِلَّهِ · مُصَلِّيًا · عَلَى · مُحَمَّدٍ · وَآلِهِ · وَمَنْ · تَلَا · وَبَعْدُ · هَذَا · النَّظْمُ","nextExpected":"الْجَمْزُورِي","alignMistakes":0}
[MutoonRecite] #23 listen.segmentFinal {"wordCursor":7}
[MutoonRecite] #24 session.reconcileLive {"live":0,"reconciled":0,"upTo":4,"asrDropsSuppressed":0,"matched":4,"mistakes":[]}
[MutoonRecite] #25 align.result {"source":"mic","isFinal":false,"monotonic":true,"anchor":7,"cursorBefore":7,"cursorAfter":10,"rawMatchedThrough":3,"matchedThrough":3,"relocalized":false,"recognized":"الحمد · لله","expectedFromAnchor":"الْجَمْزُورِي · الْحَمْدُ · لِلَّهِ · مُصَلِّيًا · عَلَى · مُحَمَّدٍ · وَآلِهِ · وَمَنْ · تَلَا · وَبَعْدُ · هَذَا · النَّظْمُ","nextExpected":"مُصَلِّيًا","alignMistakes":1}
[MutoonRecite] #26 cursor.skipAheadMissesIgnored {"source":"mic","isFinal":false,"count":1,"reason":"omissionPolicy","fromCursor":7,"toCursor":10,"expected":"الْجَمْزُورِي"}
[MutoonRecite] #27 align.skipAhead {"source":"mic","fromCursor":7,"toCursor":10,"skipped":0}
[MutoonRecite] #28 align.result {"source":"mic","isFinal":false,"monotonic":true,"anchor":10,"cursorBefore":10,"cursorAfter":11,"rawMatchedThrough":1,"matchedThrough":1,"relocalized":false,"recognized":"الحمد · لله · مصلي","expectedFromAnchor":"مُصَلِّيًا · عَلَى · مُحَمَّدٍ · وَآلِهِ · وَمَنْ · تَلَا · وَبَعْدُ · هَذَا · النَّظْمُ · لِلْمُرِيدِ · فِي · النُّونِ","nextExpected":"عَلَى","alignMistakes":0}
[MutoonRecite] #29 align.skipAhead {"source":"mic","fromCursor":10,"toCursor":11,"skipped":0}
[MutoonRecite] #30 asr.rebiasRequest {"cursor":12,"count":32}
[MutoonRecite] #31 asr.rebias {"provider":"cloud:deepgram","contextualCount":32,"biasCount":60}
[MutoonRecite] #32 align.result {"source":"mic","isFinal":false,"monotonic":true,"anchor":11,"cursorBefore":11,"cursorAfter":12,"rawMatchedThrough":1,"matchedThrough":1,"relocalized":false,"recognized":"الحمد · لله · مصليا · علي","expectedFromAnchor":"عَلَى · مُحَمَّدٍ · وَآلِهِ · وَمَنْ · تَلَا · وَبَعْدُ · هَذَا · النَّظْمُ · لِلْمُرِيدِ · فِي · النُّونِ · وَالتَّنْوِينِ","nextExpected":"مُحَمَّدٍ","alignMistakes":0}
[MutoonRecite] #33 align.skipAhead {"source":"mic","fromCursor":11,"toCursor":12,"skipped":0}
[MutoonRecite] #34 asr.cloudOpen {"vendor":"deepgram-nova-3","model":"nova-3","language":"ar","biasCount":60}
[MutoonRecite] #35 align.result {"source":"mic","isFinal":true,"monotonic":true,"anchor":12,"cursorBefore":12,"cursorAfter":13,"rawMatchedThrough":1,"matchedThrough":1,"relocalized":false,"recognized":"الحمد · لله · مصليا · علي","expectedFromAnchor":"مُحَمَّدٍ · وَآلِهِ · وَمَنْ · تَلَا · وَبَعْدُ · هَذَا · النَّظْمُ · لِلْمُرِيدِ · فِي · النُّونِ · وَالتَّنْوِينِ · وَالْمُدُودِ","nextExpected":"وَآلِهِ","alignMistakes":0}
[MutoonRecite] #36 align.skipAhead {"source":"mic","fromCursor":12,"toCursor":13,"skipped":0}
[MutoonRecite] #37 listen.segmentFinal {"wordCursor":13}
[MutoonRecite] #38 session.reconcileLive {"live":0,"reconciled":1,"upTo":10,"asrDropsSuppressed":0,"matched":9,"mistakes":[{"i":7,"kind":"wrong","expected":"الْجَمْزُورِي","heard":"الممزوري"}]}
[MutoonRecite] #39 align.result {"source":"mic","isFinal":false,"monotonic":true,"anchor":13,"cursorBefore":13,"cursorAfter":13,"rawMatchedThrough":0,"matchedThrough":0,"relocalized":false,"recognized":"محمد","expectedFromAnchor":"وَآلِهِ · وَمَنْ · تَلَا · وَبَعْدُ · هَذَا · النَّظْمُ · لِلْمُرِيدِ · فِي · النُّونِ · وَالتَّنْوِينِ · وَالْمُدُودِ · سَمَّيْتُهُ","nextExpected":"وَآلِهِ","alignMistakes":0}
[MutoonRecite] #40 align.result {"source":"mic","isFinal":false,"monotonic":true,"anchor":13,"cursorBefore":13,"cursorAfter":14,"rawMatchedThrough":1,"matchedThrough":1,"relocalized":false,"recognized":"محمد · وال","expectedFromAnchor":"وَآلِهِ · وَمَنْ · تَلَا · وَبَعْدُ · هَذَا · النَّظْمُ · لِلْمُرِيدِ · فِي · النُّونِ · وَالتَّنْوِينِ · وَالْمُدُودِ · سَمَّيْتُهُ","nextExpected":"وَمَنْ","alignMistakes":0}
[MutoonRecite] #41 align.skipAhead {"source":"mic","fromCursor":13,"toCursor":14,"skipped":0}
[MutoonRecite] #42 align.result {"source":"mic","isFinal":false,"monotonic":true,"anchor":14,"cursorBefore":14,"cursorAfter":15,"rawMatchedThrough":1,"matchedThrough":1,"relocalized":false,"recognized":"محمد · واله · ومن","expectedFromAnchor":"وَمَنْ · تَلَا · وَبَعْدُ · هَذَا · النَّظْمُ · لِلْمُرِيدِ · فِي · النُّونِ · وَالتَّنْوِينِ · وَالْمُدُودِ · سَمَّيْتُهُ · بِتُحْفَةِ","nextExpected":"تَلَا","alignMistakes":0}
[MutoonRecite] #43 align.skipAhead {"source":"mic","fromCursor":14,"toCursor":15,"skipped":0}
[MutoonRecite] #44 align.result {"source":"mic","isFinal":false,"monotonic":true,"anchor":15,"cursorBefore":15,"cursorAfter":16,"rawMatchedThrough":1,"matchedThrough":1,"relocalized":false,"recognized":"محمد · واله · ومن · تلا","expectedFromAnchor":"تَلَا · وَبَعْدُ · هَذَا · النَّظْمُ · لِلْمُرِيدِ · فِي · النُّونِ · وَالتَّنْوِينِ · وَالْمُدُودِ · سَمَّيْتُهُ · بِتُحْفَةِ · الْأَطْفَالِ","nextExpected":"وَبَعْدُ","alignMistakes":0}
[MutoonRecite] #45 align.skipAhead {"source":"mic","fromCursor":15,"toCursor":16,"skipped":0}
[MutoonRecite] #46 align.result {"source":"mic","isFinal":true,"monotonic":true,"anchor":16,"cursorBefore":16,"cursorAfter":16,"rawMatchedThrough":0,"matchedThrough":0,"relocalized":false,"recognized":"محمد · واله · ومن · تلا","expectedFromAnchor":"وَبَعْدُ · هَذَا · النَّظْمُ · لِلْمُرِيدِ · فِي · النُّونِ · وَالتَّنْوِينِ · وَالْمُدُودِ · سَمَّيْتُهُ · بِتُحْفَةِ · الْأَطْفَالِ · عَنْ","nextExpected":"وَبَعْدُ","alignMistakes":0}
[MutoonRecite] #47 listen.segmentFinal {"wordCursor":16}
[MutoonRecite] #48 session.reconcileLive {"live":1,"reconciled":1,"upTo":13,"asrDropsSuppressed":0,"matched":12,"mistakes":[{"i":7,"kind":"wrong","expected":"الْجَمْزُورِي","heard":"الممزوري"}]}
[MutoonRecite] #49 align.result {"source":"mic","isFinal":false,"monotonic":true,"anchor":16,"cursorBefore":16,"cursorAfter":17,"rawMatchedThrough":1,"matchedThrough":1,"relocalized":false,"recognized":"وبعد","expectedFromAnchor":"وَبَعْدُ · هَذَا · النَّظْمُ · لِلْمُرِيدِ · فِي · النُّونِ · وَالتَّنْوِينِ · وَالْمُدُودِ · سَمَّيْتُهُ · بِتُحْفَةِ · الْأَطْفَالِ · عَنْ","nextExpected":"هَذَا","alignMistakes":0}
[MutoonRecite] #50 align.skipAhead {"source":"mic","fromCursor":16,"toCursor":17,"skipped":0}
[MutoonRecite] #51 align.result {"source":"mic","isFinal":false,"monotonic":true,"anchor":17,"cursorBefore":17,"cursorAfter":19,"rawMatchedThrough":2,"matchedThrough":2,"relocalized":false,"recognized":"وبعد · ذلك · الن","expectedFromAnchor":"هَذَا · النَّظْمُ · لِلْمُرِيدِ · فِي · النُّونِ · وَالتَّنْوِينِ · وَالْمُدُودِ · سَمَّيْتُهُ · بِتُحْفَةِ · الْأَطْفَالِ · عَنْ · شَيْخِنَا","nextExpected":"لِلْمُرِيدِ","alignMistakes":1}
[MutoonRecite] #52 WARN mistake {"kind":"wrong","globalWordIndex":17,"expected":"هَذَا","recognized":"ذلك","lineIndex":4,"wordIndex":1,"partial":true}
[MutoonRecite] #53 align.skipAhead {"source":"mic","fromCursor":17,"toCursor":19,"skipped":0}
[MutoonRecite] #54 align.result {"source":"mic","isFinal":false,"monotonic":true,"anchor":19,"cursorBefore":19,"cursorAfter":19,"rawMatchedThrough":0,"matchedThrough":0,"relocalized":false,"recognized":"وبعد · ذلك · النظم · للم","expectedFromAnchor":"لِلْمُرِيدِ · فِي · النُّونِ · وَالتَّنْوِينِ · وَالْمُدُودِ · سَمَّيْتُهُ · بِتُحْفَةِ · الْأَطْفَالِ · عَنْ · شَيْخِنَا · الْمِيهِيِّ · ذِي","nextExpected":"لِلْمُرِيدِ","alignMistakes":0}
[MutoonRecite] #55 align.result {"source":"mic","isFinal":true,"monotonic":true,"anchor":19,"cursorBefore":19,"cursorAfter":19,"rawMatchedThrough":0,"matchedThrough":0,"relocalized":false,"recognized":"وبعد · ذلك · النظم","expectedFromAnchor":"لِلْمُرِيدِ · فِي · النُّونِ · وَالتَّنْوِينِ · وَالْمُدُودِ · سَمَّيْتُهُ · بِتُحْفَةِ · الْأَطْفَالِ · عَنْ · شَيْخِنَا · الْمِيهِيِّ · ذِي","nextExpected":"لِلْمُرِيدِ","alignMistakes":0}
[MutoonRecite] #56 listen.segmentFinal {"wordCursor":19}
[MutoonRecite] #57 session.reconcileLive {"live":2,"reconciled":1,"upTo":16,"asrDropsSuppressed":0,"matched":15,"mistakes":[{"i":7,"kind":"wrong","expected":"الْجَمْزُورِي","heard":"الممزوري"}]}
[MutoonRecite] #58 align.result {"source":"mic","isFinal":false,"monotonic":true,"anchor":19,"cursorBefore":19,"cursorAfter":20,"rawMatchedThrough":1,"matchedThrough":1,"relocalized":false,"recognized":"للمريد","expectedFromAnchor":"لِلْمُرِيدِ · فِي · النُّونِ · وَالتَّنْوِينِ · وَالْمُدُودِ · سَمَّيْتُهُ · بِتُحْفَةِ · الْأَطْفَالِ · عَنْ · شَيْخِنَا · الْمِيهِيِّ · ذِي","nextExpected":"فِي","alignMistakes":0}
[MutoonRecite] #59 align.skipAhead {"source":"mic","fromCursor":19,"toCursor":20,"skipped":0}
[MutoonRecite] #60 align.result {"source":"mic","isFinal":true,"monotonic":true,"anchor":20,"cursorBefore":20,"cursorAfter":20,"rawMatchedThrough":0,"matchedThrough":0,"relocalized":false,"recognized":"للمريد","expectedFromAnchor":"فِي · النُّونِ · وَالتَّنْوِينِ · وَالْمُدُودِ · سَمَّيْتُهُ · بِتُحْفَةِ · الْأَطْفَالِ · عَنْ · شَيْخِنَا · الْمِيهِيِّ · ذِي · الْكَمَالِ","nextExpected":"فِي","alignMistakes":0}
[MutoonRecite] #61 listen.segmentFinal {"wordCursor":20}
[MutoonRecite] #62 session.reconcileLive {"live":2,"reconciled":1,"upTo":17,"asrDropsSuppressed":0,"matched":16,"mistakes":[{"i":7,"kind":"wrong","expected":"الْجَمْزُورِي","heard":"الممزوري"}]}
[MutoonRecite] #63 align.result {"source":"mic","isFinal":false,"monotonic":true,"anchor":20,"cursorBefore":20,"cursorAfter":21,"rawMatchedThrough":1,"matchedThrough":1,"relocalized":false,"recognized":"في","expectedFromAnchor":"فِي · النُّونِ · وَالتَّنْوِينِ · وَالْمُدُودِ · سَمَّيْتُهُ · بِتُحْفَةِ · الْأَطْفَالِ · عَنْ · شَيْخِنَا · الْمِيهِيِّ · ذِي · الْكَمَالِ","nextExpected":"النُّونِ","alignMistakes":0}
[MutoonRecite] #64 align.skipAhead {"source":"mic","fromCursor":20,"toCursor":21,"skipped":0}
[MutoonRecite] #65 align.result {"source":"mic","isFinal":true,"monotonic":true,"anchor":21,"cursorBefore":21,"cursorAfter":22,"rawMatchedThrough":1,"matchedThrough":1,"relocalized":false,"recognized":"في · الميمي · والنوني · والت","expectedFromAnchor":"النُّونِ · وَالتَّنْوِينِ · وَالْمُدُودِ · سَمَّيْتُهُ · بِتُحْفَةِ · الْأَطْفَالِ · عَنْ · شَيْخِنَا · الْمِيهِيِّ · ذِي · الْكَمَالِ · أَرْجُو","nextExpected":"وَالتَّنْوِينِ","alignMistakes":0}
[MutoonRecite] #66 align.skipAhead {"source":"mic","fromCursor":21,"toCursor":22,"skipped":0}
[MutoonRecite] #67 listen.segmentFinal {"wordCursor":22}
[MutoonRecite] #68 session.reconcileLive {"live":2,"reconciled":2,"upTo":19,"asrDropsSuppressed":0,"matched":17,"mistakes":[{"i":7,"kind":"wrong","expected":"الْجَمْزُورِي","heard":"الممزوري"},{"i":17,"kind":"wrong","expected":"هَذَا","heard":"ذلك"}]}
[MutoonRecite] #69 align.result {"source":"mic","isFinal":false,"monotonic":true,"anchor":22,"cursorBefore":22,"cursorAfter":22,"rawMatchedThrough":0,"matchedThrough":0,"relocalized":false,"recognized":"والتمين","expectedFromAnchor":"وَالتَّنْوِينِ · وَالْمُدُودِ · سَمَّيْتُهُ · بِتُحْفَةِ · الْأَطْفَالِ · عَنْ · شَيْخِنَا · الْمِيهِيِّ · ذِي · الْكَمَالِ · أَرْجُو · بِهِ","nextExpected":"وَالتَّنْوِينِ","alignMistakes":0}
[MutoonRecite] #70 align.result {"source":"mic","isFinal":true,"monotonic":true,"anchor":22,"cursorBefore":22,"cursorAfter":22,"rawMatchedThrough":0,"matchedThrough":0,"relocalized":false,"recognized":"والتمين","expectedFromAnchor":"وَالتَّنْوِينِ · وَالْمُدُودِ · سَمَّيْتُهُ · بِتُحْفَةِ · الْأَطْفَالِ · عَنْ · شَيْخِنَا · الْمِيهِيِّ · ذِي · الْكَمَالِ · أَرْجُو · بِهِ","nextExpected":"وَالتَّنْوِينِ","alignMistakes":0}
[MutoonRecite] #71 listen.segmentFinal {"wordCursor":22}
[MutoonRecite] #72 session.reconcileLive {"live":2,"reconciled":2,"upTo":19,"asrDropsSuppressed":0,"matched":17,"mistakes":[{"i":7,"kind":"wrong","expected":"الْجَمْزُورِي","heard":"الممزوري"},{"i":17,"kind":"wrong","expected":"هَذَا","heard":"ذلك"}]}
[MutoonRecite] #73 align.result {"source":"mic","isFinal":false,"monotonic":true,"anchor":22,"cursorBefore":22,"cursorAfter":22,"rawMatchedThrough":0,"matchedThrough":0,"relocalized":false,"recognized":"احكام","expectedFromAnchor":"وَالتَّنْوِينِ · وَالْمُدُودِ · سَمَّيْتُهُ · بِتُحْفَةِ · الْأَطْفَالِ · عَنْ · شَيْخِنَا · الْمِيهِيِّ · ذِي · الْكَمَالِ · أَرْجُو · بِهِ","nextExpected":"وَالتَّنْوِينِ","alignMistakes":0}
[MutoonRecite] #74 align.result {"source":"mic","isFinal":true,"monotonic":true,"anchor":22,"cursorBefore":22,"cursorAfter":22,"rawMatchedThrough":0,"matchedThrough":0,"relocalized":false,"recognized":"احكام","expectedFromAnchor":"وَالتَّنْوِينِ · وَالْمُدُودِ · سَمَّيْتُهُ · بِتُحْفَةِ · الْأَطْفَالِ · عَنْ · شَيْخِنَا · الْمِيهِيِّ · ذِي · الْكَمَالِ · أَرْجُو · بِهِ","nextExpected":"وَالتَّنْوِينِ","alignMistakes":0}
[MutoonRecite] #75 listen.segmentFinal {"wordCursor":22}
[MutoonRecite] #76 session.reconcileLive {"live":2,"reconciled":2,"upTo":19,"asrDropsSuppressed":0,"matched":17,"mistakes":[{"i":7,"kind":"wrong","expected":"الْجَمْزُورِي","heard":"الممزوري"},{"i":17,"kind":"wrong","expected":"هَذَا","heard":"ذلك"}]}
[MutoonRecite] #77 asr.rebiasRequest {"cursor":25,"count":32}
[MutoonRecite] #78 asr.rebias {"provider":"cloud:deepgram","contextualCount":32,"biasCount":60}
[MutoonRecite] #79 align.result {"source":"mic","isFinal":false,"monotonic":true,"anchor":22,"cursorBefore":22,"cursorAfter":25,"rawMatchedThrough":3,"matchedThrough":3,"relocalized":false,"recognized":"سميته","expectedFromAnchor":"وَالتَّنْوِينِ · وَالْمُدُودِ · سَمَّيْتُهُ · بِتُحْفَةِ · الْأَطْفَالِ · عَنْ · شَيْخِنَا · الْمِيهِيِّ · ذِي · الْكَمَالِ · أَرْجُو · بِهِ","nextExpected":"بِتُحْفَةِ","alignMistakes":2}
[MutoonRecite] #80 cursor.skipAheadMissesIgnored {"source":"mic","isFinal":false,"count":2,"reason":"omissionPolicy","fromCursor":22,"toCursor":25,"expected":"وَالتَّنْوِينِ · وَالْمُدُودِ"}
[MutoonRecite] #81 align.skipAhead {"source":"mic","fromCursor":22,"toCursor":25,"skipped":0}
[MutoonRecite] #82 asr.cloudOpen {"vendor":"deepgram-nova-3","model":"nova-3","language":"ar","biasCount":60}
[MutoonRecite] #83 align.result {"source":"mic","isFinal":false,"monotonic":true,"anchor":25,"cursorBefore":25,"cursorAfter":30,"rawMatchedThrough":5,"matchedThrough":5,"relocalized":false,"recognized":"عن · شيخنا · الميهي","expectedFromAnchor":"بِتُحْفَةِ · الْأَطْفَالِ · عَنْ · شَيْخِنَا · الْمِيهِيِّ · ذِي · الْكَمَالِ · أَرْجُو · بِهِ · أَنْ · يَنْفَعَ · الطُّلَّابَا","nextExpected":"ذِي","alignMistakes":2}
[MutoonRecite] #84 cursor.skipAheadMissesIgnored {"source":"mic","isFinal":false,"count":2,"reason":"omissionPolicy","fromCursor":25,"toCursor":30,"expected":"بِتُحْفَةِ · الْأَطْفَالِ"}
[MutoonRecite] #85 align.skipAhead {"source":"mic","fromCursor":25,"toCursor":30,"skipped":0}
[MutoonRecite] #86 align.result {"source":"mic","isFinal":false,"monotonic":true,"anchor":30,"cursorBefore":30,"cursorAfter":30,"rawMatchedThrough":0,"matchedThrough":0,"relocalized":false,"recognized":"عن · شيخنا · المي","expectedFromAnchor":"ذِي · الْكَمَالِ · أَرْجُو · بِهِ · أَنْ · يَنْفَعَ · الطُّلَّابَا · وَالْأَجْرَ · وَالْقَبُولَ · وَالثَّوَابَا · لِلنُّونِ · إِنْ","nextExpected":"ذِي","alignMistakes":0}
[MutoonRecite] #87 align.result {"source":"mic","isFinal":true,"monotonic":true,"anchor":30,"cursorBefore":30,"cursorAfter":30,"rawMatchedThrough":0,"matchedThrough":0,"relocalized":false,"recognized":"عن · شيخنالمي","expectedFromAnchor":"ذِي · الْكَمَالِ · أَرْجُو · بِهِ · أَنْ · يَنْفَعَ · الطُّلَّابَا · وَالْأَجْرَ · وَالْقَبُولَ · وَالثَّوَابَا · لِلنُّونِ · إِنْ","nextExpected":"ذِي","alignMistakes":0}
[MutoonRecite] #88 listen.segmentFinal {"wordCursor":30}
[MutoonRecite] #89 session.reconcileLive {"live":2,"reconciled":5,"upTo":27,"asrDropsSuppressed":1,"matched":21,"mistakes":[{"i":7,"kind":"wrong","expected":"الْجَمْزُورِي","heard":"الممزوري"},{"i":17,"kind":"wrong","expected":"هَذَا","heard":"ذلك"},{"i":22,"kind":"wrong","expected":"وَالتَّنْوِينِ","heard":"والـت"},{"i":23,"kind":"wrong","expected":"وَالْمُدُودِ","heard":"وَالتّمِينِ"},{"i":26,"kind":"wrong","expected":"الْأَطْفَالِ","heard":"شيخنالمي"}]}
[MutoonRecite] #90 align.result {"source":"mic","isFinal":false,"monotonic":true,"anchor":30,"cursorBefore":30,"cursorAfter":32,"rawMatchedThrough":2,"matchedThrough":2,"relocalized":false,"recognized":"ذي · الكمال","expectedFromAnchor":"ذِي · الْكَمَالِ · أَرْجُو · بِهِ · أَنْ · يَنْفَعَ · الطُّلَّابَا · وَالْأَجْرَ · وَالْقَبُولَ · وَالثَّوَابَا · لِلنُّونِ · إِنْ","nextExpected":"أَرْجُو","alignMistakes":0}
[MutoonRecite] #91 align.skipAhead {"source":"mic","fromCursor":30,"toCursor":32,"skipped":0}
[MutoonRecite] #92 align.result {"source":"mic","isFinal":true,"monotonic":true,"anchor":32,"cursorBefore":32,"cursorAfter":32,"rawMatchedThrough":0,"matchedThrough":0,"relocalized":false,"recognized":"ذي · الكمال","expectedFromAnchor":"أَرْجُو · بِهِ · أَنْ · يَنْفَعَ · الطُّلَّابَا · وَالْأَجْرَ · وَالْقَبُولَ · وَالثَّوَابَا · لِلنُّونِ · إِنْ · تَسْكُنْ · وَلِلتَّنْوِينِ","nextExpected":"أَرْجُو","alignMistakes":0}
[MutoonRecite] #93 listen.segmentFinal {"wordCursor":32}
[MutoonRecite] #94 session.reconcileLive {"live":5,"reconciled":4,"upTo":29,"asrDropsSuppressed":2,"matched":23,"mistakes":[{"i":7,"kind":"wrong","expected":"الْجَمْزُورِي","heard":"الممزوري"},{"i":17,"kind":"wrong","expected":"هَذَا","heard":"ذلك"},{"i":22,"kind":"wrong","expected":"وَالتَّنْوِينِ","heard":"والـت"},{"i":23,"kind":"wrong","expected":"وَالْمُدُودِ","heard":"وَالتّمِينِ"}]}
[MutoonRecite] #95 align.result {"source":"mic","isFinal":false,"monotonic":true,"anchor":32,"cursorBefore":32,"cursorAfter":35,"rawMatchedThrough":3,"matchedThrough":3,"relocalized":false,"recognized":"به · ان","expectedFromAnchor":"أَرْجُو · بِهِ · أَنْ · يَنْفَعَ · الطُّلَّابَا · وَالْأَجْرَ · وَالْقَبُولَ · وَالثَّوَابَا · لِلنُّونِ · إِنْ · تَسْكُنْ · وَلِلتَّنْوِينِ","nextExpected":"يَنْفَعَ","alignMistakes":1}
[MutoonRecite] #96 cursor.skipAheadMissesIgnored {"source":"mic","isFinal":false,"count":1,"reason":"omissionPolicy","fromCursor":32,"toCursor":35,"expected":"أَرْجُو"}
[MutoonRecite] #97 align.skipAhead {"source":"mic","fromCursor":32,"toCursor":35,"skipped":0}
[MutoonRecite] #98 align.result {"source":"mic","isFinal":true,"monotonic":true,"anchor":35,"cursorBefore":35,"cursorAfter":36,"rawMatchedThrough":1,"matchedThrough":1,"relocalized":false,"recognized":"به · ان · ينفع","expectedFromAnchor":"يَنْفَعَ · الطُّلَّابَا · وَالْأَجْرَ · وَالْقَبُولَ · وَالثَّوَابَا · لِلنُّونِ · إِنْ · تَسْكُنْ · وَلِلتَّنْوِينِ · أَرْبَعُ · أَحْكَامٍ · فَخُذْ","nextExpected":"الطُّلَّابَا","alignMistakes":0}
[MutoonRecite] #99 align.skipAhead {"source":"mic","fromCursor":35,"toCursor":36,"skipped":0}
[MutoonRecite] #100 listen.segmentFinal {"wordCursor":36}
[MutoonRecite] #101 session.reconcileLive {"live":4,"reconciled":4,"upTo":33,"asrDropsSuppressed":4,"matched":25,"mistakes":[{"i":7,"kind":"wrong","expected":"الْجَمْزُورِي","heard":"الممزوري"},{"i":17,"kind":"wrong","expected":"هَذَا","heard":"ذلك"},{"i":22,"kind":"wrong","expected":"وَالتَّنْوِينِ","heard":"والـت"},{"i":23,"kind":"wrong","expected":"وَالْمُدُودِ","heard":"وَالتّمِينِ"}]}
[MutoonRecite] #102 asr.rebiasRequest {"cursor":37,"count":32}
[MutoonRecite] #103 asr.rebias {"provider":"cloud:deepgram","contextualCount":32,"biasCount":60}
[MutoonRecite] #104 align.result {"source":"mic","isFinal":false,"monotonic":true,"anchor":36,"cursorBefore":36,"cursorAfter":37,"rawMatchedThrough":1,"matchedThrough":1,"relocalized":false,"recognized":"الطلابا","expectedFromAnchor":"الطُّلَّابَا · وَالْأَجْرَ · وَالْقَبُولَ · وَالثَّوَابَا · لِلنُّونِ · إِنْ · تَسْكُنْ · وَلِلتَّنْوِينِ · أَرْبَعُ · أَحْكَامٍ · فَخُذْ · تَبْيِينِي","nextExpected":"وَالْأَجْرَ","alignMistakes":0}
[MutoonRecite] #105 align.skipAhead {"source":"mic","fromCursor":36,"toCursor":37,"skipped":0}
[MutoonRecite] #106 asr.cloudOpen {"vendor":"deepgram-nova-3","model":"nova-3","language":"ar","biasCount":60}
[MutoonRecite] #107 align.result {"source":"mic","isFinal":false,"monotonic":true,"anchor":37,"cursorBefore":37,"cursorAfter":37,"rawMatchedThrough":0,"matchedThrough":0,"relocalized":false,"recognized":"والالي","expectedFromAnchor":"وَالْأَجْرَ · وَالْقَبُولَ · وَالثَّوَابَا · لِلنُّونِ · إِنْ · تَسْكُنْ · وَلِلتَّنْوِينِ · أَرْبَعُ · أَحْكَامٍ · فَخُذْ · تَبْيِينِي · فَالْأَوَّلُ","nextExpected":"وَالْأَجْرَ","alignMistakes":0}
[MutoonRecite] #108 align.result {"source":"mic","isFinal":false,"monotonic":true,"anchor":37,"cursorBefore":37,"cursorAfter":38,"rawMatchedThrough":1,"matchedThrough":1,"relocalized":false,"recognized":"والاجري · والقل","expectedFromAnchor":"وَالْأَجْرَ · وَالْقَبُولَ · وَالثَّوَابَا · لِلنُّونِ · إِنْ · تَسْكُنْ · وَلِلتَّنْوِينِ · أَرْبَعُ · أَحْكَامٍ · فَخُذْ · تَبْيِينِي · فَالْأَوَّلُ","nextExpected":"وَالْقَبُولَ","alignMistakes":0}
[MutoonRecite] #109 align.skipAhead {"source":"mic","fromCursor":37,"toCursor":38,"skipped":0}
[MutoonRecite] #110 align.result {"source":"mic","isFinal":false,"monotonic":true,"anchor":38,"cursorBefore":38,"cursorAfter":40,"rawMatchedThrough":2,"matchedThrough":2,"relocalized":false,"recognized":"والاجري · والقلبا · والثوا","expectedFromAnchor":"وَالْقَبُولَ · وَالثَّوَابَا · لِلنُّونِ · إِنْ · تَسْكُنْ · وَلِلتَّنْوِينِ · أَرْبَعُ · أَحْكَامٍ · فَخُذْ · تَبْيِينِي · فَالْأَوَّلُ · الْإِظْهَارُ","nextExpected":"لِلنُّونِ","alignMistakes":1}
[MutoonRecite] #111 WARN mistake {"kind":"wrong","globalWordIndex":38,"expected":"وَالْقَبُولَ","recognized":"والقلبا","lineIndex":9,"wordIndex":1,"partial":true}
[MutoonRecite] #112 align.skipAhead {"source":"mic","fromCursor":38,"toCursor":40,"skipped":0}
[MutoonRecite] #113 align.result {"source":"mic","isFinal":false,"monotonic":true,"anchor":40,"cursorBefore":40,"cursorAfter":40,"rawMatchedThrough":0,"matchedThrough":0,"relocalized":false,"recognized":"والاجر · والقلب · والثواب","expectedFromAnchor":"لِلنُّونِ · إِنْ · تَسْكُنْ · وَلِلتَّنْوِينِ · أَرْبَعُ · أَحْكَامٍ · فَخُذْ · تَبْيِينِي · فَالْأَوَّلُ · الْإِظْهَارُ · قَبْلَ · أَحْرُفِ","nextExpected":"لِلنُّونِ","alignMistakes":0}
[MutoonRecite] #114 align.result {"source":"mic","isFinal":true,"monotonic":true,"anchor":40,"cursorBefore":40,"cursorAfter":40,"rawMatchedThrough":0,"matchedThrough":0,"relocalized":false,"recognized":"والاجري · والقلبا","expectedFromAnchor":"لِلنُّونِ · إِنْ · تَسْكُنْ · وَلِلتَّنْوِينِ · أَرْبَعُ · أَحْكَامٍ · فَخُذْ · تَبْيِينِي · فَالْأَوَّلُ · الْإِظْهَارُ · قَبْلَ · أَحْرُفِ","nextExpected":"لِلنُّونِ","alignMistakes":0}
[MutoonRecite] #115 listen.segmentFinal {"wordCursor":40}
[MutoonRecite] #116 session.reconcileLive {"live":5,"reconciled":4,"upTo":37,"asrDropsSuppressed":4,"matched":29,"mistakes":[{"i":7,"kind":"wrong","expected":"الْجَمْزُورِي","heard":"الممزوري"},{"i":17,"kind":"wrong","expected":"هَذَا","heard":"ذلك"},{"i":22,"kind":"wrong","expected":"وَالتَّنْوِينِ","heard":"والـت"},{"i":23,"kind":"wrong","expected":"وَالْمُدُودِ","heard":"وَالتّمِينِ"}]}
[MutoonRecite] #117 align.result {"source":"mic","isFinal":true,"monotonic":true,"anchor":40,"cursorBefore":40,"cursorAfter":40,"rawMatchedThrough":0,"matchedThrough":0,"relocalized":false,"recognized":"ثوابا","expectedFromAnchor":"لِلنُّونِ · إِنْ · تَسْكُنْ · وَلِلتَّنْوِينِ · أَرْبَعُ · أَحْكَامٍ · فَخُذْ · تَبْيِينِي · فَالْأَوَّلُ · الْإِظْهَارُ · قَبْلَ · أَحْرُفِ","nextExpected":"لِلنُّونِ","alignMistakes":0}
[MutoonRecite] #118 listen.segmentFinal {"wordCursor":40}
[MutoonRecite] #119 session.reconcileLive {"live":5,"reconciled":4,"upTo":37,"asrDropsSuppressed":4,"matched":29,"mistakes":[{"i":7,"kind":"wrong","expected":"الْجَمْزُورِي","heard":"الممزوري"},{"i":17,"kind":"wrong","expected":"هَذَا","heard":"ذلك"},{"i":22,"kind":"wrong","expected":"وَالتَّنْوِينِ","heard":"والـت"},{"i":23,"kind":"wrong","expected":"وَالْمُدُودِ","heard":"وَالتّمِينِ"}]}
[MutoonRecite] #120 align.result {"source":"mic","isFinal":false,"monotonic":true,"anchor":40,"cursorBefore":40,"cursorAfter":40,"rawMatchedThrough":0,"matchedThrough":0,"relocalized":false,"recognized":"لم","expectedFromAnchor":"لِلنُّونِ · إِنْ · تَسْكُنْ · وَلِلتَّنْوِينِ · أَرْبَعُ · أَحْكَامٍ · فَخُذْ · تَبْيِينِي · فَالْأَوَّلُ · الْإِظْهَارُ · قَبْلَ · أَحْرُفِ","nextExpected":"لِلنُّونِ","alignMistakes":0}
[MutoonRecite] #121 align.result {"source":"mic","isFinal":false,"monotonic":true,"anchor":40,"cursorBefore":40,"cursorAfter":42,"rawMatchedThrough":2,"matchedThrough":2,"relocalized":false,"recognized":"للنون · ان","expectedFromAnchor":"لِلنُّونِ · إِنْ · تَسْكُنْ · وَلِلتَّنْوِينِ · أَرْبَعُ · أَحْكَامٍ · فَخُذْ · تَبْيِينِي · فَالْأَوَّلُ · الْإِظْهَارُ · قَبْلَ · أَحْرُفِ","nextExpected":"تَسْكُنْ","alignMistakes":0}
[MutoonRecite] #122 align.skipAhead {"source":"mic","fromCursor":40,"toCursor":42,"skipped":0}
[MutoonRecite] #123 align.result {"source":"mic","isFinal":false,"monotonic":true,"anchor":42,"cursorBefore":42,"cursorAfter":43,"rawMatchedThrough":1,"matchedThrough":1,"relocalized":false,"recognized":"للنون · ان · تسكن · و","expectedFromAnchor":"تَسْكُنْ · وَلِلتَّنْوِينِ · أَرْبَعُ · أَحْكَامٍ · فَخُذْ · تَبْيِينِي · فَالْأَوَّلُ · الْإِظْهَارُ · قَبْلَ · أَحْرُفِ · لِلْحَلْقِ · سِتٍّ","nextExpected":"وَلِلتَّنْوِينِ","alignMistakes":0}
[MutoonRecite] #124 align.skipAhead {"source":"mic","fromCursor":42,"toCursor":43,"skipped":0}
[MutoonRecite] #125 align.result {"source":"mic","isFinal":true,"monotonic":true,"anchor":43,"cursorBefore":43,"cursorAfter":43,"rawMatchedThrough":0,"matchedThrough":0,"relocalized":false,"recognized":"للنون · ان · تسكن · وللت","expectedFromAnchor":"وَلِلتَّنْوِينِ · أَرْبَعُ · أَحْكَامٍ · فَخُذْ · تَبْيِينِي · فَالْأَوَّلُ · الْإِظْهَارُ · قَبْلَ · أَحْرُفِ · لِلْحَلْقِ · سِتٍّ · رُتِّبَتْ","nextExpected":"وَلِلتَّنْوِينِ","alignMistakes":0}
[MutoonRecite] #126 listen.segmentFinal {"wordCursor":43}
[MutoonRecite] #127 session.reconcileLive {"live":5,"reconciled":5,"upTo":40,"asrDropsSuppressed":4,"matched":31,"mistakes":[{"i":7,"kind":"wrong","expected":"الْجَمْزُورِي","heard":"الممزوري"},{"i":17,"kind":"wrong","expected":"هَذَا","heard":"ذلك"},{"i":22,"kind":"wrong","expected":"وَالتَّنْوِينِ","heard":"والـت"},{"i":23,"kind":"wrong","expected":"وَالْمُدُودِ","heard":"وَالتّمِينِ"},{"i":38,"kind":"wrong","expected":"وَالْقَبُولَ","heard":"والقلبا"}]}
[MutoonRecite] #128 align.result {"source":"mic","isFinal":false,"monotonic":true,"anchor":43,"cursorBefore":43,"cursorAfter":44,"rawMatchedThrough":1,"matchedThrough":1,"relocalized":false,"recognized":"وللت · تنوين","expectedFromAnchor":"وَلِلتَّنْوِينِ · أَرْبَعُ · أَحْكَامٍ · فَخُذْ · تَبْيِينِي · فَالْأَوَّلُ · الْإِظْهَارُ · قَبْلَ · أَحْرُفِ · لِلْحَلْقِ · سِتٍّ · رُتِّبَتْ","nextExpected":"أَرْبَعُ","alignMistakes":0}
[MutoonRecite] #129 align.skipAhead {"source":"mic","fromCursor":43,"toCursor":44,"skipped":0}
[MutoonRecite] #130 align.result {"source":"mic","isFinal":true,"monotonic":true,"anchor":44,"cursorBefore":44,"cursorAfter":44,"rawMatchedThrough":0,"matchedThrough":0,"relocalized":false,"recognized":"وللت · تنوين","expectedFromAnchor":"أَرْبَعُ · أَحْكَامٍ · فَخُذْ · تَبْيِينِي · فَالْأَوَّلُ · الْإِظْهَارُ · قَبْلَ · أَحْرُفِ · لِلْحَلْقِ · سِتٍّ · رُتِّبَتْ · فَلْتَعْرِفِ","nextExpected":"أَرْبَعُ","alignMistakes":0}
[MutoonRecite] #131 listen.segmentFinal {"wordCursor":44}
[MutoonRecite] #132 session.reconcileLive {"live":5,"reconciled":5,"upTo":41,"asrDropsSuppressed":4,"matched":32,"mistakes":[{"i":7,"kind":"wrong","expected":"الْجَمْزُورِي","heard":"الممزوري"},{"i":17,"kind":"wrong","expected":"هَذَا","heard":"ذلك"},{"i":22,"kind":"wrong","expected":"وَالتَّنْوِينِ","heard":"والـت"},{"i":23,"kind":"wrong","expected":"وَالْمُدُودِ","heard":"وَالتّمِينِ"},{"i":38,"kind":"wrong","expected":"وَالْقَبُولَ","heard":"والقلبا"}]}
[MutoonRecite] #133 align.result {"source":"mic","isFinal":false,"monotonic":true,"anchor":44,"cursorBefore":44,"cursorAfter":44,"rawMatchedThrough":0,"matchedThrough":0,"relocalized":false,"recognized":"ارمو","expectedFromAnchor":"أَرْبَعُ · أَحْكَامٍ · فَخُذْ · تَبْيِينِي · فَالْأَوَّلُ · الْإِظْهَارُ · قَبْلَ · أَحْرُفِ · لِلْحَلْقِ · سِتٍّ · رُتِّبَتْ · فَلْتَعْرِفِ","nextExpected":"أَرْبَعُ","alignMistakes":0}
[MutoonRecite] #134 align.result {"source":"mic","isFinal":true,"monotonic":true,"anchor":44,"cursorBefore":44,"cursorAfter":44,"rawMatchedThrough":0,"matchedThrough":0,"relocalized":false,"recognized":"ارموغ","expectedFromAnchor":"أَرْبَعُ · أَحْكَامٍ · فَخُذْ · تَبْيِينِي · فَالْأَوَّلُ · الْإِظْهَارُ · قَبْلَ · أَحْرُفِ · لِلْحَلْقِ · سِتٍّ · رُتِّبَتْ · فَلْتَعْرِفِ","nextExpected":"أَرْبَعُ","alignMistakes":0}
[MutoonRecite] #135 listen.segmentFinal {"wordCursor":44}
[MutoonRecite] #136 session.reconcileLive {"live":5,"reconciled":5,"upTo":41,"asrDropsSuppressed":4,"matched":32,"mistakes":[{"i":7,"kind":"wrong","expected":"الْجَمْزُورِي","heard":"الممزوري"},{"i":17,"kind":"wrong","expected":"هَذَا","heard":"ذلك"},{"i":22,"kind":"wrong","expected":"وَالتَّنْوِينِ","heard":"والـت"},{"i":23,"kind":"wrong","expected":"وَالْمُدُودِ","heard":"وَالتّمِينِ"},{"i":38,"kind":"wrong","expected":"وَالْقَبُولَ","heard":"والقلبا"}]}
[MutoonRecite] #137 align.result {"source":"mic","isFinal":false,"monotonic":true,"anchor":44,"cursorBefore":44,"cursorAfter":46,"rawMatchedThrough":2,"matchedThrough":2,"relocalized":false,"recognized":"اربع · احكام","expectedFromAnchor":"أَرْبَعُ · أَحْكَامٍ · فَخُذْ · تَبْيِينِي · فَالْأَوَّلُ · الْإِظْهَارُ · قَبْلَ · أَحْرُفِ · لِلْحَلْقِ · سِتٍّ · رُتِّبَتْ · فَلْتَعْرِفِ","nextExpected":"فَخُذْ","alignMistakes":0}
[MutoonRecite] #138 align.skipAhead {"source":"mic","fromCursor":44,"toCursor":46,"skipped":0}
[MutoonRecite] #139 align.result {"source":"mic","isFinal":false,"monotonic":true,"anchor":46,"cursorBefore":46,"cursorAfter":47,"rawMatchedThrough":1,"matchedThrough":1,"relocalized":false,"recognized":"اربع · احكام · فخذ","expectedFromAnchor":"فَخُذْ · تَبْيِينِي · فَالْأَوَّلُ · الْإِظْهَارُ · قَبْلَ · أَحْرُفِ · لِلْحَلْقِ · سِتٍّ · رُتِّبَتْ · فَلْتَعْرِفِ · هَمْزٌ · فَهَاءٌ","nextExpected":"تَبْيِينِي","alignMistakes":0}
[MutoonRecite] #140 align.skipAhead {"source":"mic","fromCursor":46,"toCursor":47,"skipped":0}
[MutoonRecite] #141 align.result {"source":"mic","isFinal":false,"monotonic":true,"anchor":47,"cursorBefore":47,"cursorAfter":47,"rawMatchedThrough":0,"matchedThrough":0,"relocalized":false,"recognized":"اربع · احكام · فخذت · بيني","expectedFromAnchor":"تَبْيِينِي · فَالْأَوَّلُ · الْإِظْهَارُ · قَبْلَ · أَحْرُفِ · لِلْحَلْقِ · سِتٍّ · رُتِّبَتْ · فَلْتَعْرِفِ · هَمْزٌ · فَهَاءٌ · ثُمَّ","nextExpected":"تَبْيِينِي","alignMistakes":0}
[MutoonRecite] #142 align.result {"source":"mic","isFinal":true,"monotonic":true,"anchor":47,"cursorBefore":47,"cursorAfter":47,"rawMatchedThrough":0,"matchedThrough":0,"relocalized":false,"recognized":"اربع · احكام · فخذ","expectedFromAnchor":"تَبْيِينِي · فَالْأَوَّلُ · الْإِظْهَارُ · قَبْلَ · أَحْرُفِ · لِلْحَلْقِ · سِتٍّ · رُتِّبَتْ · فَلْتَعْرِفِ · هَمْزٌ · فَهَاءٌ · ثُمَّ","nextExpected":"تَبْيِينِي","alignMistakes":0}
[MutoonRecite] #143 listen.segmentFinal {"wordCursor":47}
[MutoonRecite] #144 session.reconcileLive {"live":5,"reconciled":6,"upTo":44,"asrDropsSuppressed":4,"matched":34,"mistakes":[{"i":7,"kind":"wrong","expected":"الْجَمْزُورِي","heard":"الممزوري"},{"i":17,"kind":"wrong","expected":"هَذَا","heard":"ذلك"},{"i":22,"kind":"wrong","expected":"وَالتَّنْوِينِ","heard":"والـت"},{"i":23,"kind":"wrong","expected":"وَالْمُدُودِ","heard":"وَالتّمِينِ"},{"i":38,"kind":"wrong","expected":"وَالْقَبُولَ","heard":"والقلبا"},{"i":43,"kind":"wrong","expected":"وَلِلتَّنْوِينِ","heard":"وللت"}]}
[MutoonRecite] #145 align.result {"source":"mic","isFinal":true,"monotonic":true,"anchor":47,"cursorBefore":47,"cursorAfter":47,"rawMatchedThrough":0,"matchedThrough":0,"relocalized":false,"recognized":"بيني","expectedFromAnchor":"تَبْيِينِي · فَالْأَوَّلُ · الْإِظْهَارُ · قَبْلَ · أَحْرُفِ · لِلْحَلْقِ · سِتٍّ · رُتِّبَتْ · فَلْتَعْرِفِ · هَمْزٌ · فَهَاءٌ · ثُمَّ","nextExpected":"تَبْيِينِي","alignMistakes":0}
[MutoonRecite] #146 listen.segmentFinal {"wordCursor":47}
[MutoonRecite] #147 session.reconcileLive {"live":6,"reconciled":6,"upTo":44,"asrDropsSuppressed":4,"matched":34,"mistakes":[{"i":7,"kind":"wrong","expected":"الْجَمْزُورِي","heard":"الممزوري"},{"i":17,"kind":"wrong","expected":"هَذَا","heard":"ذلك"},{"i":22,"kind":"wrong","expected":"وَالتَّنْوِينِ","heard":"والـت"},{"i":23,"kind":"wrong","expected":"وَالْمُدُودِ","heard":"وَالتّمِينِ"},{"i":38,"kind":"wrong","expected":"وَالْقَبُولَ","heard":"والقلبا"},{"i":43,"kind":"wrong","expected":"وَلِلتَّنْوِينِ","heard":"وللت"}]}
[MutoonRecite] #148 align.result {"source":"mic","isFinal":false,"monotonic":true,"anchor":47,"cursorBefore":47,"cursorAfter":47,"rawMatchedThrough":0,"matchedThrough":0,"relocalized":false,"recognized":"فالثاني","expectedFromAnchor":"تَبْيِينِي · فَالْأَوَّلُ · الْإِظْهَارُ · قَبْلَ · أَحْرُفِ · لِلْحَلْقِ · سِتٍّ · رُتِّبَتْ · فَلْتَعْرِفِ · هَمْزٌ · فَهَاءٌ · ثُمَّ","nextExpected":"تَبْيِينِي","alignMistakes":0}
[MutoonRecite] #149 asr.rebiasRequest {"cursor":50,"count":32}
[MutoonRecite] #150 asr.rebias {"provider":"cloud:deepgram","contextualCount":32,"biasCount":60}
[MutoonRecite] #151 align.result {"source":"mic","isFinal":false,"monotonic":true,"anchor":47,"cursorBefore":47,"cursorAfter":50,"rawMatchedThrough":3,"matchedThrough":3,"relocalized":false,"recognized":"فالثاني · اظهار · في · غير","expectedFromAnchor":"تَبْيِينِي · فَالْأَوَّلُ · الْإِظْهَارُ · قَبْلَ · أَحْرُفِ · لِلْحَلْقِ · سِتٍّ · رُتِّبَتْ · فَلْتَعْرِفِ · هَمْزٌ · فَهَاءٌ · ثُمَّ","nextExpected":"قَبْلَ","alignMistakes":2}
[MutoonRecite] #152 cursor.skipAheadMissesIgnored {"source":"mic","isFinal":false,"count":2,"reason":"omissionPolicy","fromCursor":47,"toCursor":50,"expected":"تَبْيِينِي · فَالْأَوَّلُ"}
[MutoonRecite] #153 align.skipAhead {"source":"mic","fromCursor":47,"toCursor":50,"skipped":0}
[MutoonRecite] #154 asr.cloudOpen {"vendor":"deepgram-nova-3","model":"nova-3","language":"ar","biasCount":60}
[MutoonRecite] #155 align.result {"source":"mic","isFinal":true,"monotonic":true,"anchor":50,"cursorBefore":50,"cursorAfter":50,"rawMatchedThrough":0,"matchedThrough":0,"relocalized":false,"recognized":"فالثاني · اظهار · في · غير","expectedFromAnchor":"قَبْلَ · أَحْرُفِ · لِلْحَلْقِ · سِتٍّ · رُتِّبَتْ · فَلْتَعْرِفِ · هَمْزٌ · فَهَاءٌ · ثُمَّ · عَيْنٌ · حَاءُ · مُهْمَلَتَانِ","nextExpected":"قَبْلَ","alignMistakes":0}
[MutoonRecite] #156 listen.segmentFinal {"wordCursor":50}
[MutoonRecite] #157 session.reconcileLive {"live":6,"reconciled":6,"upTo":47,"asrDropsSuppressed":4,"matched":37,"mistakes":[{"i":7,"kind":"wrong","expected":"الْجَمْزُورِي","heard":"الممزوري"},{"i":17,"kind":"wrong","expected":"هَذَا","heard":"ذلك"},{"i":22,"kind":"wrong","expected":"وَالتَّنْوِينِ","heard":"والـت"},{"i":23,"kind":"wrong","expected":"وَالْمُدُودِ","heard":"وَالتّمِينِ"},{"i":38,"kind":"wrong","expected":"وَالْقَبُولَ","heard":"والقلبا"},{"i":43,"kind":"wrong","expected":"وَلِلتَّنْوِينِ","heard":"وللت"}]}
[MutoonRecite] #158 align.result {"source":"mic","isFinal":false,"monotonic":true,"anchor":50,"cursorBefore":50,"cursorAfter":50,"rawMatchedThrough":0,"matchedThrough":0,"relocalized":false,"recognized":"فالاوال","expectedFromAnchor":"قَبْلَ · أَحْرُفِ · لِلْحَلْقِ · سِتٍّ · رُتِّبَتْ · فَلْتَعْرِفِ · هَمْزٌ · فَهَاءٌ · ثُمَّ · عَيْنٌ · حَاءُ · مُهْمَلَتَانِ","nextExpected":"قَبْلَ","alignMistakes":0}
[MutoonRecite] #159 align.result {"source":"mic","isFinal":false,"monotonic":true,"anchor":50,"cursorBefore":50,"cursorAfter":51,"rawMatchedThrough":1,"matchedThrough":1,"relocalized":false,"recognized":"الاظهار · قبل","expectedFromAnchor":"قَبْلَ · أَحْرُفِ · لِلْحَلْقِ · سِتٍّ · رُتِّبَتْ · فَلْتَعْرِفِ · هَمْزٌ · فَهَاءٌ · ثُمَّ · عَيْنٌ · حَاءُ · مُهْمَلَتَانِ","nextExpected":"أَحْرُفِ","alignMistakes":0}
[MutoonRecite] #160 align.skipAhead {"source":"mic","fromCursor":50,"toCursor":51,"skipped":0}
[MutoonRecite] #161 align.result {"source":"mic","isFinal":false,"monotonic":true,"anchor":51,"cursorBefore":51,"cursorAfter":52,"rawMatchedThrough":1,"matchedThrough":1,"relocalized":false,"recognized":"الاظهار · قبل · احروفي","expectedFromAnchor":"أَحْرُفِ · لِلْحَلْقِ · سِتٍّ · رُتِّبَتْ · فَلْتَعْرِفِ · هَمْزٌ · فَهَاءٌ · ثُمَّ · عَيْنٌ · حَاءُ · مُهْمَلَتَانِ · ثُمَّ","nextExpected":"لِلْحَلْقِ","alignMistakes":0}
[MutoonRecite] #162 align.skipAhead {"source":"mic","fromCursor":51,"toCursor":52,"skipped":0}
[MutoonRecite] #163 align.result {"source":"mic","isFinal":true,"monotonic":true,"anchor":52,"cursorBefore":52,"cursorAfter":52,"rawMatchedThrough":0,"matchedThrough":0,"relocalized":false,"recognized":"الاظهار · قبل · احروفي","expectedFromAnchor":"لِلْحَلْقِ · سِتٍّ · رُتِّبَتْ · فَلْتَعْرِفِ · هَمْزٌ · فَهَاءٌ · ثُمَّ · عَيْنٌ · حَاءُ · مُهْمَلَتَانِ · ثُمَّ · غَيْنٌ","nextExpected":"لِلْحَلْقِ","alignMistakes":0}
[MutoonRecite] #164 listen.segmentFinal {"wordCursor":52}
[MutoonRecite] #165 session.reconcileLive {"live":6,"reconciled":7,"upTo":49,"asrDropsSuppressed":4,"matched":38,"mistakes":[{"i":7,"kind":"wrong","expected":"الْجَمْزُورِي","heard":"الممزوري"},{"i":17,"kind":"wrong","expected":"هَذَا","heard":"ذلك"},{"i":22,"kind":"wrong","expected":"وَالتَّنْوِينِ","heard":"والـت"},{"i":23,"kind":"wrong","expected":"وَالْمُدُودِ","heard":"وَالتّمِينِ"},{"i":38,"kind":"wrong","expected":"وَالْقَبُولَ","heard":"والقلبا"},{"i":43,"kind":"wrong","expected":"وَلِلتَّنْوِينِ","heard":"وللت"},{"i":47,"kind":"wrong","expected":"تَبْيِينِي","heard":"بيني"}]}
[MutoonRecite] #166 align.result {"source":"mic","isFinal":false,"monotonic":true,"anchor":52,"cursorBefore":52,"cursorAfter":52,"rawMatchedThrough":0,"matchedThrough":0,"relocalized":false,"recognized":"للسان","expectedFromAnchor":"لِلْحَلْقِ · سِتٍّ · رُتِّبَتْ · فَلْتَعْرِفِ · هَمْزٌ · فَهَاءٌ · ثُمَّ · عَيْنٌ · حَاءُ · مُهْمَلَتَانِ · ثُمَّ · غَيْنٌ","nextExpected":"لِلْحَلْقِ","alignMistakes":0}
[MutoonRecite] #167 align.result {"source":"mic","isFinal":true,"monotonic":true,"anchor":52,"cursorBefore":52,"cursorAfter":54,"rawMatchedThrough":2,"matchedThrough":2,"relocalized":false,"recognized":"للسان · ست","expectedFromAnchor":"لِلْحَلْقِ · سِتٍّ · رُتِّبَتْ · فَلْتَعْرِفِ · هَمْزٌ · فَهَاءٌ · ثُمَّ · عَيْنٌ · حَاءُ · مُهْمَلَتَانِ · ثُمَّ · غَيْنٌ","nextExpected":"رُتِّبَتْ","alignMistakes":1}
[MutoonRecite] #168 WARN mistake {"kind":"wrong","globalWordIndex":52,"expected":"لِلْحَلْقِ","recognized":"للسان","lineIndex":13,"wordIndex":0,"partial":false}
[MutoonRecite] #169 align.skipAhead {"source":"mic","fromCursor":52,"toCursor":54,"skipped":0}
[MutoonRecite] #170 listen.segmentFinal {"wordCursor":54}
[MutoonRecite] #171 session.reconcileLive {"live":8,"reconciled":7,"upTo":51,"asrDropsSuppressed":4,"matched":40,"mistakes":[{"i":7,"kind":"wrong","expected":"الْجَمْزُورِي","heard":"الممزوري"},{"i":17,"kind":"wrong","expected":"هَذَا","heard":"ذلك"},{"i":22,"kind":"wrong","expected":"وَالتَّنْوِينِ","heard":"والـت"},{"i":23,"kind":"wrong","expected":"وَالْمُدُودِ","heard":"وَالتّمِينِ"},{"i":38,"kind":"wrong","expected":"وَالْقَبُولَ","heard":"والقلبا"},{"i":43,"kind":"wrong","expected":"وَلِلتَّنْوِينِ","heard":"وللت"},{"i":47,"kind":"wrong","expected":"تَبْيِينِي","heard":"بيني"}]}
[MutoonRecite] #172 align.result {"source":"mic","isFinal":true,"monotonic":true,"anchor":54,"cursorBefore":54,"cursorAfter":55,"rawMatchedThrough":1,"matchedThrough":1,"relocalized":false,"recognized":"الرت","expectedFromAnchor":"رُتِّبَتْ · فَلْتَعْرِفِ · هَمْزٌ · فَهَاءٌ · ثُمَّ · عَيْنٌ · حَاءُ · مُهْمَلَتَانِ · ثُمَّ · غَيْنٌ · خَاءُ · وَالثَّانِي","nextExpected":"فَلْتَعْرِفِ","alignMistakes":0}
[MutoonRecite] #173 align.skipAhead {"source":"mic","fromCursor":54,"toCursor":55,"skipped":0}
[MutoonRecite] #174 listen.segmentFinal {"wordCursor":55}
[MutoonRecite] #175 session.reconcileLive {"live":8,"reconciled":7,"upTo":52,"asrDropsSuppressed":4,"matched":41,"mistakes":[{"i":7,"kind":"wrong","expected":"الْجَمْزُورِي","heard":"الممزوري"},{"i":17,"kind":"wrong","expected":"هَذَا","heard":"ذلك"},{"i":22,"kind":"wrong","expected":"وَالتَّنْوِينِ","heard":"والـت"},{"i":23,"kind":"wrong","expected":"وَالْمُدُودِ","heard":"وَالتّمِينِ"},{"i":38,"kind":"wrong","expected":"وَالْقَبُولَ","heard":"والقلبا"},{"i":43,"kind":"wrong","expected":"وَلِلتَّنْوِينِ","heard":"وللت"},{"i":47,"kind":"wrong","expected":"تَبْيِينِي","heard":"بيني"}]}
[MutoonRecite] #176 align.result {"source":"mic","isFinal":false,"monotonic":true,"anchor":55,"cursorBefore":55,"cursorAfter":55,"rawMatchedThrough":0,"matchedThrough":0,"relocalized":false,"recognized":"ف","expectedFromAnchor":"فَلْتَعْرِفِ · هَمْزٌ · فَهَاءٌ · ثُمَّ · عَيْنٌ · حَاءُ · مُهْمَلَتَانِ · ثُمَّ · غَيْنٌ · خَاءُ · وَالثَّانِي · إِدْغَامٌ","nextExpected":"فَلْتَعْرِفِ","alignMistakes":0}
[MutoonRecite] #177 align.result {"source":"mic","isFinal":true,"monotonic":true,"anchor":55,"cursorBefore":55,"cursorAfter":56,"rawMatchedThrough":1,"matchedThrough":1,"relocalized":false,"recognized":"فلتعرفي","expectedFromAnchor":"فَلْتَعْرِفِ · هَمْزٌ · فَهَاءٌ · ثُمَّ · عَيْنٌ · حَاءُ · مُهْمَلَتَانِ · ثُمَّ · غَيْنٌ · خَاءُ · وَالثَّانِي · إِدْغَامٌ","nextExpected":"هَمْزٌ","alignMistakes":0}
[MutoonRecite] #178 align.skipAhead {"source":"mic","fromCursor":55,"toCursor":56,"skipped":0}
[MutoonRecite] #179 listen.segmentFinal {"wordCursor":56}
[MutoonRecite] #180 session.reconcileLive {"live":8,"reconciled":8,"upTo":53,"asrDropsSuppressed":4,"matched":41,"mistakes":[{"i":7,"kind":"wrong","expected":"الْجَمْزُورِي","heard":"الممزوري"},{"i":17,"kind":"wrong","expected":"هَذَا","heard":"ذلك"},{"i":22,"kind":"wrong","expected":"وَالتَّنْوِينِ","heard":"والـت"},{"i":23,"kind":"wrong","expected":"وَالْمُدُودِ","heard":"وَالتّمِينِ"},{"i":38,"kind":"wrong","expected":"وَالْقَبُولَ","heard":"والقلبا"},{"i":43,"kind":"wrong","expected":"وَلِلتَّنْوِينِ","heard":"وللت"},{"i":47,"kind":"wrong","expected":"تَبْيِينِي","heard":"بيني"},{"i":52,"kind":"wrong","expected":"لِلْحَلْقِ","heard":"للسان"}]}
[MutoonRecite] #181 align.result {"source":"mic","isFinal":false,"monotonic":true,"anchor":56,"cursorBefore":56,"cursorAfter":57,"rawMatchedThrough":1,"matchedThrough":1,"relocalized":false,"recognized":"همزات","expectedFromAnchor":"هَمْزٌ · فَهَاءٌ · ثُمَّ · عَيْنٌ · حَاءُ · مُهْمَلَتَانِ · ثُمَّ · غَيْنٌ · خَاءُ · وَالثَّانِي · إِدْغَامٌ · بِسِتَّةٍ","nextExpected":"فَهَاءٌ","alignMistakes":0}
[MutoonRecite] #182 align.skipAhead {"source":"mic","fromCursor":56,"toCursor":57,"skipped":0}
[MutoonRecite] #183 align.result {"source":"mic","isFinal":false,"monotonic":true,"anchor":57,"cursorBefore":57,"cursorAfter":58,"rawMatchedThrough":1,"matchedThrough":1,"relocalized":false,"recognized":"همزات · فهاء","expectedFromAnchor":"فَهَاءٌ · ثُمَّ · عَيْنٌ · حَاءُ · مُهْمَلَتَانِ · ثُمَّ · غَيْنٌ · خَاءُ · وَالثَّانِي · إِدْغَامٌ · بِسِتَّةٍ · أَتَتْ","nextExpected":"ثُمَّ","alignMistakes":0}
[MutoonRecite] #184 align.skipAhead {"source":"mic","fromCursor":57,"toCursor":58,"skipped":0}
[MutoonRecite] #185 align.result {"source":"mic","isFinal":false,"monotonic":true,"anchor":58,"cursorBefore":58,"cursorAfter":59,"rawMatchedThrough":1,"matchedThrough":1,"relocalized":false,"recognized":"همزات · فاهاء · ثم · عند","expectedFromAnchor":"ثُمَّ · عَيْنٌ · حَاءُ · مُهْمَلَتَانِ · ثُمَّ · غَيْنٌ · خَاءُ · وَالثَّانِي · إِدْغَامٌ · بِسِتَّةٍ · أَتَتْ · فِي","nextExpected":"عَيْنٌ","alignMistakes":0}
[MutoonRecite] #186 align.skipAhead {"source":"mic","fromCursor":58,"toCursor":59,"skipped":0}
[MutoonRecite] #187 align.result {"source":"mic","isFinal":false,"monotonic":true,"anchor":59,"cursorBefore":59,"cursorAfter":61,"rawMatchedThrough":2,"matchedThrough":2,"relocalized":false,"recognized":"همزات · فهاء · ثم · عين · حاء","expectedFromAnchor":"عَيْنٌ · حَاءُ · مُهْمَلَتَانِ · ثُمَّ · غَيْنٌ · خَاءُ · وَالثَّانِي · إِدْغَامٌ · بِسِتَّةٍ · أَتَتْ · فِي · يَرْمَلُونَ","nextExpected":"مُهْمَلَتَانِ","alignMistakes":0}
[MutoonRecite] #188 align.skipAhead {"source":"mic","fromCursor":59,"toCursor":61,"skipped":0}
[MutoonRecite] #189 asr.rebiasRequest {"cursor":63,"count":32}
[MutoonRecite] #190 asr.rebias {"provider":"cloud:deepgram","contextualCount":32,"biasCount":60}
[MutoonRecite] #191 align.result {"source":"mic","isFinal":true,"monotonic":true,"anchor":61,"cursorBefore":61,"cursorAfter":63,"rawMatchedThrough":2,"matchedThrough":2,"relocalized":false,"recognized":"همزات · فاهاء · ثم · عين","expectedFromAnchor":"مُهْمَلَتَانِ · ثُمَّ · غَيْنٌ · خَاءُ · وَالثَّانِي · إِدْغَامٌ · بِسِتَّةٍ · أَتَتْ · فِي · يَرْمَلُونَ · عِنْدَهُمْ · قَدْ","nextExpected":"غَيْنٌ","alignMistakes":1}
[MutoonRecite] #192 WARN mistake {"kind":"wrong","globalWordIndex":61,"expected":"مُهْمَلَتَانِ","recognized":"فاهاء","lineIndex":15,"wordIndex":0,"partial":false}
[MutoonRecite] #193 align.skipAhead {"source":"mic","fromCursor":61,"toCursor":63,"skipped":0}
[MutoonRecite] #194 listen.segmentFinal {"wordCursor":63}
[MutoonRecite] #195 session.reconcileLive {"live":9,"reconciled":8,"upTo":60,"asrDropsSuppressed":4,"matched":48,"mistakes":[{"i":7,"kind":"wrong","expected":"الْجَمْزُورِي","heard":"الممزوري"},{"i":17,"kind":"wrong","expected":"هَذَا","heard":"ذلك"},{"i":22,"kind":"wrong","expected":"وَالتَّنْوِينِ","heard":"والـت"},{"i":23,"kind":"wrong","expected":"وَالْمُدُودِ","heard":"وَالتّمِينِ"},{"i":38,"kind":"wrong","expected":"وَالْقَبُولَ","heard":"والقلبا"},{"i":43,"kind":"wrong","expected":"وَلِلتَّنْوِينِ","heard":"وللت"},{"i":47,"kind":"wrong","expected":"تَبْيِينِي","heard":"بيني"},{"i":52,"kind":"wrong","expected":"لِلْحَلْقِ","heard":"للسان"}]}
[MutoonRecite] #196 asr.cloudOpen {"vendor":"deepgram-nova-3","model":"nova-3","language":"ar","biasCount":60}
[MutoonRecite] #197 align.result {"source":"mic","isFinal":true,"monotonic":true,"anchor":63,"cursorBefore":63,"cursorAfter":63,"rawMatchedThrough":0,"matchedThrough":0,"relocalized":false,"recognized":"حاءوا","expectedFromAnchor":"غَيْنٌ · خَاءُ · وَالثَّانِي · إِدْغَامٌ · بِسِتَّةٍ · أَتَتْ · فِي · يَرْمَلُونَ · عِنْدَهُمْ · قَدْ · ثَبَتَتْ · لَكِنَّهَا","nextExpected":"غَيْنٌ","alignMistakes":0}
[MutoonRecite] #198 listen.segmentFinal {"wordCursor":63}
[MutoonRecite] #199 session.reconcileLive {"live":9,"reconciled":8,"upTo":60,"asrDropsSuppressed":4,"matched":48,"mistakes":[{"i":7,"kind":"wrong","expected":"الْجَمْزُورِي","heard":"الممزوري"},{"i":17,"kind":"wrong","expected":"هَذَا","heard":"ذلك"},{"i":22,"kind":"wrong","expected":"وَالتَّنْوِينِ","heard":"والـت"},{"i":23,"kind":"wrong","expected":"وَالْمُدُودِ","heard":"وَالتّمِينِ"},{"i":38,"kind":"wrong","expected":"وَالْقَبُولَ","heard":"والقلبا"},{"i":43,"kind":"wrong","expected":"وَلِلتَّنْوِينِ","heard":"وللت"},{"i":47,"kind":"wrong","expected":"تَبْيِينِي","heard":"بيني"},{"i":52,"kind":"wrong","expected":"لِلْحَلْقِ","heard":"للسان"}]}
[MutoonRecite] #200 align.result {"source":"mic","isFinal":false,"monotonic":true,"anchor":63,"cursorBefore":63,"cursorAfter":63,"rawMatchedThrough":0,"matchedThrough":0,"relocalized":false,"recognized":"مهما","expectedFromAnchor":"غَيْنٌ · خَاءُ · وَالثَّانِي · إِدْغَامٌ · بِسِتَّةٍ · أَتَتْ · فِي · يَرْمَلُونَ · عِنْدَهُمْ · قَدْ · ثَبَتَتْ · لَكِنَّهَا","nextExpected":"غَيْنٌ","alignMistakes":0}
[MutoonRecite] #201 align.result {"source":"mic","isFinal":false,"monotonic":true,"anchor":63,"cursorBefore":63,"cursorAfter":63,"rawMatchedThrough":0,"matchedThrough":0,"relocalized":false,"recognized":"مهملتان","expectedFromAnchor":"غَيْنٌ · خَاءُ · وَالثَّانِي · إِدْغَامٌ · بِسِتَّةٍ · أَتَتْ · فِي · يَرْمَلُونَ · عِنْدَهُمْ · قَدْ · ثَبَتَتْ · لَكِنَّهَا","nextExpected":"غَيْنٌ","alignMistakes":0}
[MutoonRecite] #202 align.result {"source":"mic","isFinal":false,"monotonic":true,"anchor":63,"cursorBefore":63,"cursorAfter":63,"rawMatchedThrough":0,"matchedThrough":0,"relocalized":false,"recognized":"ثم","expectedFromAnchor":"غَيْنٌ · خَاءُ · وَالثَّانِي · إِدْغَامٌ · بِسِتَّةٍ · أَتَتْ · فِي · يَرْمَلُونَ · عِنْدَهُمْ · قَدْ · ثَبَتَتْ · لَكِنَّهَا","nextExpected":"غَيْنٌ","alignMistakes":0}
[MutoonRecite] #203 align.result {"source":"mic","isFinal":false,"monotonic":true,"anchor":63,"cursorBefore":63,"cursorAfter":64,"rawMatchedThrough":1,"matchedThrough":1,"relocalized":false,"recognized":"ثم · غين","expectedFromAnchor":"غَيْنٌ · خَاءُ · وَالثَّانِي · إِدْغَامٌ · بِسِتَّةٍ · أَتَتْ · فِي · يَرْمَلُونَ · عِنْدَهُمْ · قَدْ · ثَبَتَتْ · لَكِنَّهَا","nextExpected":"خَاءُ","alignMistakes":0}
[MutoonRecite] #204 align.skipAhead {"source":"mic","fromCursor":63,"toCursor":64,"skipped":0}
[MutoonRecite] #205 align.result {"source":"mic","isFinal":false,"monotonic":true,"anchor":64,"cursorBefore":64,"cursorAfter":64,"rawMatchedThrough":0,"matchedThrough":0,"relocalized":false,"recognized":"ثم · غين · فا","expectedFromAnchor":"خَاءُ · وَالثَّانِي · إِدْغَامٌ · بِسِتَّةٍ · أَتَتْ · فِي · يَرْمَلُونَ · عِنْدَهُمْ · قَدْ · ثَبَتَتْ · لَكِنَّهَا · قِسْمَانِ","nextExpected":"خَاءُ","alignMistakes":0}
[MutoonRecite] #206 align.result {"source":"mic","isFinal":true,"monotonic":true,"anchor":64,"cursorBefore":64,"cursorAfter":65,"rawMatchedThrough":1,"matchedThrough":1,"relocalized":false,"recognized":"ثم · غين · فاء","expectedFromAnchor":"خَاءُ · وَالثَّانِي · إِدْغَامٌ · بِسِتَّةٍ · أَتَتْ · فِي · يَرْمَلُونَ · عِنْدَهُمْ · قَدْ · ثَبَتَتْ · لَكِنَّهَا · قِسْمَانِ","nextExpected":"وَالثَّانِي","alignMistakes":0}
[MutoonRecite] #207 align.skipAhead {"source":"mic","fromCursor":64,"toCursor":65,"skipped":0}
[MutoonRecite] #208 listen.segmentFinal {"wordCursor":65}
[MutoonRecite] #209 session.reconcileLive {"live":9,"reconciled":8,"upTo":62,"asrDropsSuppressed":4,"matched":50,"mistakes":[{"i":7,"kind":"wrong","expected":"الْجَمْزُورِي","heard":"الممزوري"},{"i":17,"kind":"wrong","expected":"هَذَا","heard":"ذلك"},{"i":22,"kind":"wrong","expected":"وَالتَّنْوِينِ","heard":"والـت"},{"i":23,"kind":"wrong","expected":"وَالْمُدُودِ","heard":"وَالتّمِينِ"},{"i":38,"kind":"wrong","expected":"وَالْقَبُولَ","heard":"والقلبا"},{"i":43,"kind":"wrong","expected":"وَلِلتَّنْوِينِ","heard":"وللت"},{"i":47,"kind":"wrong","expected":"تَبْيِينِي","heard":"بيني"},{"i":52,"kind":"wrong","expected":"لِلْحَلْقِ","heard":"للسان"}]}
[MutoonRecite] #210 listen.stop {"wordCursor":65,"totalWords":558,"mistakes":8}
[MutoonRecite] #211 session.heardStream {"count":120,"wordCursor":65,"tokens":"تلا وبعد ذلك الن وبعد ذلك النظم للم وبعد ذلك النظم للمريد للمريد في الميمي والنوني والت والتمين والتمين احكام احكام سميته عن شيخنا الميهي عن شيخنا المي عن شيخنالمي ذي الكمال ذي الكمال به ان ينفع الطلابا والالي والاجري والقل والاجري والقلبا والثوا والاجر والقلب والثواب والاجري والقلبا ثوابا لم للنون ان تسكن و للنون ان تسكن وللت وللت تنوين وللت تنوين ارمو ارموغ اربع احكام فخذ اربع احكام فخذت بيني اربع احكام فخذ بيني فالثاني اظهار في غير فالثاني اظهار في غير فالاوال الاظهار قبل احروفي الاظهار قبل احروفي للسان ست الرت ف فلتعرفي همزات فهاء همزات فاهاء ثم عند همزات فهاء ثم عين حاء همزات فاهاء ثم عين حاءوا مهما مهملتان ثم غين فا ثم غين فاء"}
[MutoonRecite] #212 session.heardTimeline {"count":70,"words":[{"w":"يَقُولُ","t0":0.8,"t1":1.76,"c":0.874},{"w":"رَجِي","t0":2.08,"t1":2.48,"c":0.706},{"w":"رَحْمَاتِي","t0":2.48,"t1":3.6,"c":0.858},{"w":"الغفور","t0":3.6,"t1":4.24,"c":0.692},{"w":"دوما","t0":5.69,"t1":6.33,"c":0.917},{"w":"سليمان","t0":6.33,"t1":7.37,"c":0.996},{"w":"هو","t0":7.37,"t1":8.33,"c":0.492},{"w":"الممزوري","t0":8.33,"t1":9.85,"c":0.966},{"w":"الحمد","t0":11.24,"t1":11.72,"c":0.71},{"w":"لله","t0":11.72,"t1":13,"c":0.992},{"w":"مصليًا","t0":13.24,"t1":14.68,"c":0.728},{"w":"على","t0":14.68,"t1":15.16,"c":0.854},{"w":"محمد","t0":18.377,"t1":19.657,"c":0.95},{"w":"وآله","t0":19.977,"t1":21.257,"c":0.849},{"w":"ومن","t0":21.337,"t1":21.817,"c":0.988},{"w":"تلا","t0":21.817,"t1":22.377,"c":0.994},{"w":"وبعد","t0":24.187,"t1":24.987,"c":0.972},{"w":"ذلك","t0":24.987,"t1":25.707,"c":0.985},{"w":"النظم","t0":26.267,"t1":26.827,"c":0.722},{"w":"للمريد","t0":27.297,"t1":28.417,"c":0.994},{"w":"في","t0":30.557,"t1":30.877,"c":0.986},{"w":"الميمي","t0":30.877,"t1":31.757,"c":0.822},{"w":"والنُّونِي","t0":31.757,"t1":32.637,"c":0.794},{"w":"والـت","t0":32.637,"t1":32.957,"c":0.602},{"w":"وَالتّمِينِ","t0":33.027,"t1":33.987,"c":0.617},{"w":"أحكام","t0":35.937,"t1":36.737,"c":0.904},{"w":"سميته","t0":37.327,"t1":38.367,"c":0.999},{"w":"عن","t0":42.412,"t1":42.812,"c":0.446},{"w":"شيخنالمي","t0":42.812,"t1":44.492,"c":0.827},{"w":"ذي","t0":44.722,"t1":45.922,"c":0.962},{"w":"الكمال","t0":45.922,"t1":46.882,"c":0.998},{"w":"به","t0":49.832,"t1":50.472,"c":0.988},{"w":"أن","t0":50.472,"t1":50.792,"c":0.849},{"w":"ينفع","t0":50.792,"t1":51.672,"c":0.999},{"w":"الطلابا","t0":51.962,"t1":53.162,"c":0.747},{"w":"والأجرى","t0":55.205,"t1":56.245,"c":0.815},{"w":"والقلبا","t0":56.245,"t1":57.365,"c":0.831},{"w":"ثوابا","t0":57.825,"t1":59.345,"c":0.805},{"w":"للنون","t0":60.845,"t1":61.805,"c":0.992},{"w":"إن","t0":61.805,"t1":62.125,"c":0.831},{"w":"تسكن","t0":62.125,"t1":63.005,"c":0.981},{"w":"وللت","t0":63.005,"t1":63.645,"c":0.982},{"w":"وللت","t0":63.695,"t1":63.855,"c":0.852},{"w":"تنوين","t0":63.855,"t1":64.655,"c":0.67},{"w":"أرموغ","t0":66.645,"t1":67.605,"c":0.849},{"w":"اربع","t0":69.395,"t1":70.115,"c":0.274},{"w":"احكام","t0":70.115,"t1":70.675,"c":0.372},{"w":"فخذ","t0":70.675,"t1":71.475,"c":0.516},{"w":"بيني","t0":71.905,"t1":72.945,"c":0.883},{"w":"فَالثَّانِي","t0":74.295,"t1":75.255,"c":0.931},{"w":"إظهارٌ","t0":75.255,"t1":76.375,"c":0.882},{"w":"في","t0":76.375,"t1":76.695,"c":0.613},{"w":"غَيْرِ","t0":76.695,"t1":77.175,"c":0.996},{"w":"فالأوال","t0":78.555,"t1":79.355,"c":0.859},{"w":"الإظهار","t0":79.726,"t1":80.766,"c":0.783},{"w":"قبل","t0":80.766,"t1":81.566,"c":0.981},{"w":"أحروفي","t0":81.566,"t1":82.366,"c":0.925},{"w":"للسان","t0":83.846,"t1":84.726,"c":0.722},{"w":"ست","t0":84.726,"t1":85.126,"c":0.914},{"w":"الرت","t0":85.396,"t1":85.956,"c":0.316},{"w":"فلتعرفي","t0":86.466,"t1":87.906,"c":0.867},{"w":"همزاتٌ","t0":89.216,"t1":90.336,"c":0.915},{"w":"فاهاءٌ","t0":90.336,"t1":91.376,"c":0.669},{"w":"ثم","t0":91.376,"t1":91.936,"c":0.949},{"w":"عينٌ","t0":91.936,"t1":92.656,"c":0.866},{"w":"حاءوا","t0":92.816,"t1":93.936,"c":0.867},{"w":"مهملتان","t0":94.926,"t1":96.446,"c":0.939},{"w":"ثُمَّ","t0":97.784,"t1":98.664,"c":0.898},{"w":"غَيْنٌ","t0":99.224,"t1":100.424,"c":0.877},{"w":"فَاءٌ","t0":100.424,"t1":101.704,"c":0.485}]}
[MutoonRecite] #213 session.reconciled {"live":8,"reconciled":8,"upTo":65,"asrDropsSuppressed":4,"matched":53,"mistakes":[{"i":7,"kind":"wrong","expected":"الْجَمْزُورِي","heard":"الممزوري"},{"i":17,"kind":"wrong","expected":"هَذَا","heard":"ذلك"},{"i":22,"kind":"wrong","expected":"وَالتَّنْوِينِ","heard":"والـت"},{"i":23,"kind":"wrong","expected":"وَالْمُدُودِ","heard":"وَالتّمِينِ"},{"i":38,"kind":"wrong","expected":"وَالْقَبُولَ","heard":"والقلبا"},{"i":43,"kind":"wrong","expected":"وَلِلتَّنْوِينِ","heard":"وللت"},{"i":47,"kind":"wrong","expected":"تَبْيِينِي","heard":"بيني"},{"i":52,"kind":"wrong","expected":"لِلْحَلْقِ","heard":"للسان"}]}

# ended: 2026-07-08T16:35:09.654Z
# meta: {"matnId":"tuhfat_al_atfal","asrMode":"cloud","startIdx":0,"endIdx":121,"totalWords":558,"lineCount":122}
