# Mutoon Tarteel — recite log
# MUTOON_RECITE_BUILD=align-trust-v4
# build: {"tag":"MUTOON_RECITE_BUILD=align-trust-v4","alignTrustVersion":4,"appVersion":"1.0.2","commitGraceMs":1200,"maxSkipMissesPerStep":1,"substitutionDetection":true,"omissionPolicy":"suppress","wordTimings":true,"reconcileAtStop":true,"expectLogMarkers":["commitGraceSkip","skipAheadMissesIgnored","heardStream","heardTimeline","reconciled"],"dev":true}
# started: 2026-07-08T16:26:59.235Z
# file: file:///var/mobile/Containers/Data/Application/6028960C-CF2F-47CF-B004-A88869565CD3/Documents/recite-logs/2026-07-08T16-26-59-234Z_tuhfat_al_atfal_cloud.log
# meta: {"matnId":"tuhfat_al_atfal","asrMode":"cloud","startIdx":0,"endIdx":121,"totalWords":558,"lineCount":122}

[MutoonRecite] BUILD_STAMP {"tag":"MUTOON_RECITE_BUILD=align-trust-v4","alignTrustVersion":4,"appVersion":"1.0.2","commitGraceMs":1200,"maxSkipMissesPerStep":1,"substitutionDetection":true,"omissionPolicy":"suppress","wordTimings":true,"reconcileAtStop":true,"expectLogMarkers":["commitGraceSkip","skipAheadMissesIgnored","heardStream","heardTimeline","reconciled"],"dev":true}

[MutoonRecite] fileLog.begin {"file":"file:///var/mobile/Containers/Data/Application/6028960C-CF2F-47CF-B004-A88869565CD3/Documents/recite-logs/2026-07-08T16-26-59-234Z_tuhfat_al_atfal_cloud.log","dir":"file:///var/mobile/Containers/Data/Application/6028960C-CF2F-47CF-B004-A88869565CD3/Documents/recite-logs/"}
[MutoonRecite] #1 session.build {"tag":"MUTOON_RECITE_BUILD=align-trust-v4","alignTrustVersion":4,"appVersion":"1.0.2","commitGraceMs":1200,"maxSkipMissesPerStep":1,"substitutionDetection":true,"omissionPolicy":"suppress","wordTimings":true,"reconcileAtStop":true,"expectLogMarkers":["commitGraceSkip","skipAheadMissesIgnored","heardStream","heardTimeline","reconciled"],"dev":true}
[MutoonRecite] #2 session.screen {"matnId":"tuhfat_al_atfal","startIdx":0,"endIdx":121,"totalWords":558,"lineCount":122,"asrMode":"cloud"}
[MutoonRecite] #3 session.load {"totalWords":558,"lines":122,"start":"يَقُولُ · رَاجِي · رَحْمَةِ · الْغَفُورِ · دَوْمًا · سُلَيْمَانُ"}
[MutoonRecite] #4 listen.start {"wordCursor":0,"remainingCount":558,"remaining":"يَقُولُ · رَاجِي · رَحْمَةِ · الْغَفُورِ · دَوْمًا · سُلَيْمَانُ · هُوَ · الْجَمْزُورِي · الْحَمْدُ · لِلَّهِ · مُصَلِّيًا · عَلَى … (+546 more)","provider":"cloud:deepgram","tag":"MUTOON_RECITE_BUILD=align-trust-v4","alignTrustVersion":4,"appVersion":"1.0.2","commitGraceMs":1200,"maxSkipMissesPerStep":1,"substitutionDetection":true,"omissionPolicy":"suppress","wordTimings":true,"reconcileAtStop":true,"expectLogMarkers":["commitGraceSkip","skipAheadMissesIgnored","heardStream","heardTimeline","reconciled"],"dev":true}
[MutoonRecite] #5 asr.start {"provider":"cloud:deepgram","contextualCount":32,"biasCount":60}
[MutoonRecite] #6 asr.cloudOpen {"vendor":"deepgram-nova-3","model":"nova-3","language":"ar","biasCount":60}
[MutoonRecite] #7 listen.stop {"wordCursor":0,"totalWords":558,"mistakes":0}
[MutoonRecite] #8 session.heardStream {"count":0,"wordCursor":0,"tokens":""}
[MutoonRecite] #9 listen.start {"wordCursor":0,"remainingCount":558,"remaining":"يَقُولُ · رَاجِي · رَحْمَةِ · الْغَفُورِ · دَوْمًا · سُلَيْمَانُ · هُوَ · الْجَمْزُورِي · الْحَمْدُ · لِلَّهِ · مُصَلِّيًا · عَلَى … (+546 more)","provider":"cloud:deepgram","tag":"MUTOON_RECITE_BUILD=align-trust-v4","alignTrustVersion":4,"appVersion":"1.0.2","commitGraceMs":1200,"maxSkipMissesPerStep":1,"substitutionDetection":true,"omissionPolicy":"suppress","wordTimings":true,"reconcileAtStop":true,"expectLogMarkers":["commitGraceSkip","skipAheadMissesIgnored","heardStream","heardTimeline","reconciled"],"dev":true}
[MutoonRecite] #10 asr.start {"provider":"cloud:deepgram","contextualCount":32,"biasCount":60}
[MutoonRecite] #11 asr.cloudOpen {"vendor":"deepgram-nova-3","model":"nova-3","language":"ar","biasCount":60}
[MutoonRecite] #12 align.result {"source":"mic","isFinal":false,"monotonic":true,"anchor":0,"cursorBefore":0,"cursorAfter":1,"rawMatchedThrough":1,"matchedThrough":1,"relocalized":false,"recognized":"يقول","expectedFromAnchor":"يَقُولُ · رَاجِي · رَحْمَةِ · الْغَفُورِ · دَوْمًا · سُلَيْمَانُ · هُوَ · الْجَمْزُورِي · الْحَمْدُ · لِلَّهِ · مُصَلِّيًا · عَلَى","nextExpected":"رَاجِي","alignMistakes":0}
[MutoonRecite] #13 align.skipAhead {"source":"mic","fromCursor":0,"toCursor":1,"skipped":0}
[MutoonRecite] #14 align.result {"source":"mic","isFinal":false,"monotonic":true,"anchor":1,"cursorBefore":1,"cursorAfter":3,"rawMatchedThrough":2,"matchedThrough":2,"relocalized":false,"recognized":"يقول · راجي · رحمه","expectedFromAnchor":"رَاجِي · رَحْمَةِ · الْغَفُورِ · دَوْمًا · سُلَيْمَانُ · هُوَ · الْجَمْزُورِي · الْحَمْدُ · لِلَّهِ · مُصَلِّيًا · عَلَى · مُحَمَّدٍ","nextExpected":"الْغَفُورِ","alignMistakes":0}
[MutoonRecite] #15 align.skipAhead {"source":"mic","fromCursor":1,"toCursor":3,"skipped":0}
[MutoonRecite] #16 align.result {"source":"mic","isFinal":false,"monotonic":true,"anchor":3,"cursorBefore":3,"cursorAfter":3,"rawMatchedThrough":0,"matchedThrough":0,"relocalized":false,"recognized":"يقول · راجي · رحمه · الغرام","expectedFromAnchor":"الْغَفُورِ · دَوْمًا · سُلَيْمَانُ · هُوَ · الْجَمْزُورِي · الْحَمْدُ · لِلَّهِ · مُصَلِّيًا · عَلَى · مُحَمَّدٍ · وَآلِهِ · وَمَنْ","nextExpected":"الْغَفُورِ","alignMistakes":0}
[MutoonRecite] #17 align.result {"source":"mic","isFinal":false,"monotonic":true,"anchor":3,"cursorBefore":3,"cursorAfter":4,"rawMatchedThrough":1,"matchedThrough":1,"relocalized":false,"recognized":"يقول · راجي · رحمه · الغفور","expectedFromAnchor":"الْغَفُورِ · دَوْمًا · سُلَيْمَانُ · هُوَ · الْجَمْزُورِي · الْحَمْدُ · لِلَّهِ · مُصَلِّيًا · عَلَى · مُحَمَّدٍ · وَآلِهِ · وَمَنْ","nextExpected":"دَوْمًا","alignMistakes":0}
[MutoonRecite] #18 align.skipAhead {"source":"mic","fromCursor":3,"toCursor":4,"skipped":0}
[MutoonRecite] #19 align.result {"source":"mic","isFinal":true,"monotonic":true,"anchor":4,"cursorBefore":4,"cursorAfter":4,"rawMatchedThrough":0,"matchedThrough":0,"relocalized":false,"recognized":"يقول · راجي · رحمه · الغفور","expectedFromAnchor":"دَوْمًا · سُلَيْمَانُ · هُوَ · الْجَمْزُورِي · الْحَمْدُ · لِلَّهِ · مُصَلِّيًا · عَلَى · مُحَمَّدٍ · وَآلِهِ · وَمَنْ · تَلَا","nextExpected":"دَوْمًا","alignMistakes":0}
[MutoonRecite] #20 listen.segmentFinal {"wordCursor":4}
[MutoonRecite] #21 session.reconcileLive {"live":0,"reconciled":0,"upTo":1,"asrDropsSuppressed":0,"matched":1,"mistakes":[]}
[MutoonRecite] #22 align.result {"source":"mic","isFinal":false,"monotonic":true,"anchor":4,"cursorBefore":4,"cursorAfter":6,"rawMatchedThrough":2,"matchedThrough":2,"relocalized":false,"recognized":"دوما · سليمان","expectedFromAnchor":"دَوْمًا · سُلَيْمَانُ · هُوَ · الْجَمْزُورِي · الْحَمْدُ · لِلَّهِ · مُصَلِّيًا · عَلَى · مُحَمَّدٍ · وَآلِهِ · وَمَنْ · تَلَا","nextExpected":"هُوَ","alignMistakes":0}
[MutoonRecite] #23 align.skipAhead {"source":"mic","fromCursor":4,"toCursor":6,"skipped":0}
[MutoonRecite] #24 align.result {"source":"mic","isFinal":false,"monotonic":true,"anchor":6,"cursorBefore":6,"cursorAfter":7,"rawMatchedThrough":1,"matchedThrough":1,"relocalized":false,"recognized":"دوما · سليمان · هو","expectedFromAnchor":"هُوَ · الْجَمْزُورِي · الْحَمْدُ · لِلَّهِ · مُصَلِّيًا · عَلَى · مُحَمَّدٍ · وَآلِهِ · وَمَنْ · تَلَا · وَبَعْدُ · هَذَا","nextExpected":"الْجَمْزُورِي","alignMistakes":0}
[MutoonRecite] #25 align.skipAhead {"source":"mic","fromCursor":6,"toCursor":7,"skipped":0}
[MutoonRecite] #26 align.result {"source":"mic","isFinal":false,"monotonic":true,"anchor":7,"cursorBefore":7,"cursorAfter":8,"rawMatchedThrough":1,"matchedThrough":1,"relocalized":false,"recognized":"دوما · سليمان · هو · الجمزور","expectedFromAnchor":"الْجَمْزُورِي · الْحَمْدُ · لِلَّهِ · مُصَلِّيًا · عَلَى · مُحَمَّدٍ · وَآلِهِ · وَمَنْ · تَلَا · وَبَعْدُ · هَذَا · النَّظْمُ","nextExpected":"الْحَمْدُ","alignMistakes":0}
[MutoonRecite] #27 align.skipAhead {"source":"mic","fromCursor":7,"toCursor":8,"skipped":0}
[MutoonRecite] #28 align.result {"source":"mic","isFinal":false,"monotonic":true,"anchor":8,"cursorBefore":8,"cursorAfter":8,"rawMatchedThrough":0,"matchedThrough":0,"relocalized":false,"recognized":"دوما · سليمان · هو · الجمزوري","expectedFromAnchor":"الْحَمْدُ · لِلَّهِ · مُصَلِّيًا · عَلَى · مُحَمَّدٍ · وَآلِهِ · وَمَنْ · تَلَا · وَبَعْدُ · هَذَا · النَّظْمُ · لِلْمُرِيدِ","nextExpected":"الْحَمْدُ","alignMistakes":0}
[MutoonRecite] #29 align.result {"source":"mic","isFinal":true,"monotonic":true,"anchor":8,"cursorBefore":8,"cursorAfter":8,"rawMatchedThrough":0,"matchedThrough":0,"relocalized":false,"recognized":"دوما · سليمان · هو · الجمزوري","expectedFromAnchor":"الْحَمْدُ · لِلَّهِ · مُصَلِّيًا · عَلَى · مُحَمَّدٍ · وَآلِهِ · وَمَنْ · تَلَا · وَبَعْدُ · هَذَا · النَّظْمُ · لِلْمُرِيدِ","nextExpected":"الْحَمْدُ","alignMistakes":0}
[MutoonRecite] #30 listen.segmentFinal {"wordCursor":8}
[MutoonRecite] #31 session.reconcileLive {"live":0,"reconciled":0,"upTo":5,"asrDropsSuppressed":0,"matched":5,"mistakes":[]}
[MutoonRecite] #32 align.result {"source":"mic","isFinal":false,"monotonic":true,"anchor":8,"cursorBefore":8,"cursorAfter":10,"rawMatchedThrough":2,"matchedThrough":2,"relocalized":false,"recognized":"الحمد · لله","expectedFromAnchor":"الْحَمْدُ · لِلَّهِ · مُصَلِّيًا · عَلَى · مُحَمَّدٍ · وَآلِهِ · وَمَنْ · تَلَا · وَبَعْدُ · هَذَا · النَّظْمُ · لِلْمُرِيدِ","nextExpected":"مُصَلِّيًا","alignMistakes":0}
[MutoonRecite] #33 align.skipAhead {"source":"mic","fromCursor":8,"toCursor":10,"skipped":0}
[MutoonRecite] #34 align.result {"source":"mic","isFinal":false,"monotonic":true,"anchor":10,"cursorBefore":10,"cursorAfter":11,"rawMatchedThrough":1,"matchedThrough":1,"relocalized":false,"recognized":"الحمد · لله · مصلي","expectedFromAnchor":"مُصَلِّيًا · عَلَى · مُحَمَّدٍ · وَآلِهِ · وَمَنْ · تَلَا · وَبَعْدُ · هَذَا · النَّظْمُ · لِلْمُرِيدِ · فِي · النُّونِ","nextExpected":"عَلَى","alignMistakes":0}
[MutoonRecite] #35 align.skipAhead {"source":"mic","fromCursor":10,"toCursor":11,"skipped":0}
[MutoonRecite] #36 asr.rebiasRequest {"cursor":13,"count":32}
[MutoonRecite] #37 asr.rebias {"provider":"cloud:deepgram","contextualCount":32,"biasCount":60}
[MutoonRecite] #38 align.result {"source":"mic","isFinal":false,"monotonic":true,"anchor":11,"cursorBefore":11,"cursorAfter":13,"rawMatchedThrough":2,"matchedThrough":2,"relocalized":false,"recognized":"الحمد · لله · مصليا · عام","expectedFromAnchor":"عَلَى · مُحَمَّدٍ · وَآلِهِ · وَمَنْ · تَلَا · وَبَعْدُ · هَذَا · النَّظْمُ · لِلْمُرِيدِ · فِي · النُّونِ · وَالتَّنْوِينِ","nextExpected":"وَآلِهِ","alignMistakes":1}
[MutoonRecite] #39 cursor.skipAheadMissesIgnored {"source":"mic","isFinal":false,"count":1,"reason":"omissionPolicy","fromCursor":11,"toCursor":13,"expected":"عَلَى"}
[MutoonRecite] #40 align.skipAhead {"source":"mic","fromCursor":11,"toCursor":13,"skipped":0}
[MutoonRecite] #41 asr.cloudOpen {"vendor":"deepgram-nova-3","model":"nova-3","language":"ar","biasCount":60}
[MutoonRecite] #42 align.result {"source":"mic","isFinal":false,"monotonic":true,"anchor":13,"cursorBefore":13,"cursorAfter":13,"rawMatchedThrough":0,"matchedThrough":0,"relocalized":false,"recognized":"محمد","expectedFromAnchor":"وَآلِهِ · وَمَنْ · تَلَا · وَبَعْدُ · هَذَا · النَّظْمُ · لِلْمُرِيدِ · فِي · النُّونِ · وَالتَّنْوِينِ · وَالْمُدُودِ · سَمَّيْتُهُ","nextExpected":"وَآلِهِ","alignMistakes":0}
[MutoonRecite] #43 align.result {"source":"mic","isFinal":false,"monotonic":true,"anchor":13,"cursorBefore":13,"cursorAfter":14,"rawMatchedThrough":1,"matchedThrough":1,"relocalized":false,"recognized":"محمد · والي","expectedFromAnchor":"وَآلِهِ · وَمَنْ · تَلَا · وَبَعْدُ · هَذَا · النَّظْمُ · لِلْمُرِيدِ · فِي · النُّونِ · وَالتَّنْوِينِ · وَالْمُدُودِ · سَمَّيْتُهُ","nextExpected":"وَمَنْ","alignMistakes":0}
[MutoonRecite] #44 align.skipAhead {"source":"mic","fromCursor":13,"toCursor":14,"skipped":0}
[MutoonRecite] #45 align.result {"source":"mic","isFinal":false,"monotonic":true,"anchor":14,"cursorBefore":14,"cursorAfter":15,"rawMatchedThrough":1,"matchedThrough":1,"relocalized":false,"recognized":"محمد · واله · ومن","expectedFromAnchor":"وَمَنْ · تَلَا · وَبَعْدُ · هَذَا · النَّظْمُ · لِلْمُرِيدِ · فِي · النُّونِ · وَالتَّنْوِينِ · وَالْمُدُودِ · سَمَّيْتُهُ · بِتُحْفَةِ","nextExpected":"تَلَا","alignMistakes":0}
[MutoonRecite] #46 align.skipAhead {"source":"mic","fromCursor":14,"toCursor":15,"skipped":0}
[MutoonRecite] #47 align.result {"source":"mic","isFinal":false,"monotonic":true,"anchor":15,"cursorBefore":15,"cursorAfter":16,"rawMatchedThrough":1,"matchedThrough":1,"relocalized":false,"recognized":"محمد · واله · ومن · تلا","expectedFromAnchor":"تَلَا · وَبَعْدُ · هَذَا · النَّظْمُ · لِلْمُرِيدِ · فِي · النُّونِ · وَالتَّنْوِينِ · وَالْمُدُودِ · سَمَّيْتُهُ · بِتُحْفَةِ · الْأَطْفَالِ","nextExpected":"وَبَعْدُ","alignMistakes":0}
[MutoonRecite] #48 align.skipAhead {"source":"mic","fromCursor":15,"toCursor":16,"skipped":0}
[MutoonRecite] #49 align.result {"source":"mic","isFinal":true,"monotonic":true,"anchor":16,"cursorBefore":16,"cursorAfter":16,"rawMatchedThrough":0,"matchedThrough":0,"relocalized":false,"recognized":"محمد · واله · ومن · تلا","expectedFromAnchor":"وَبَعْدُ · هَذَا · النَّظْمُ · لِلْمُرِيدِ · فِي · النُّونِ · وَالتَّنْوِينِ · وَالْمُدُودِ · سَمَّيْتُهُ · بِتُحْفَةِ · الْأَطْفَالِ · عَنْ","nextExpected":"وَبَعْدُ","alignMistakes":0}
[MutoonRecite] #50 listen.segmentFinal {"wordCursor":16}
[MutoonRecite] #51 session.reconcileLive {"live":0,"reconciled":1,"upTo":13,"asrDropsSuppressed":0,"matched":12,"mistakes":[{"i":11,"kind":"wrong","expected":"عَلَى","heard":"عام"}]}
[MutoonRecite] #52 align.result {"source":"mic","isFinal":false,"monotonic":true,"anchor":16,"cursorBefore":16,"cursorAfter":18,"rawMatchedThrough":2,"matchedThrough":2,"relocalized":false,"recognized":"وبعد · هذا","expectedFromAnchor":"وَبَعْدُ · هَذَا · النَّظْمُ · لِلْمُرِيدِ · فِي · النُّونِ · وَالتَّنْوِينِ · وَالْمُدُودِ · سَمَّيْتُهُ · بِتُحْفَةِ · الْأَطْفَالِ · عَنْ","nextExpected":"النَّظْمُ","alignMistakes":0}
[MutoonRecite] #53 align.skipAhead {"source":"mic","fromCursor":16,"toCursor":18,"skipped":0}
[MutoonRecite] #54 align.result {"source":"mic","isFinal":false,"monotonic":true,"anchor":18,"cursorBefore":18,"cursorAfter":19,"rawMatchedThrough":1,"matchedThrough":1,"relocalized":false,"recognized":"وبعد · هذا · النظم","expectedFromAnchor":"النَّظْمُ · لِلْمُرِيدِ · فِي · النُّونِ · وَالتَّنْوِينِ · وَالْمُدُودِ · سَمَّيْتُهُ · بِتُحْفَةِ · الْأَطْفَالِ · عَنْ · شَيْخِنَا · الْمِيهِيِّ","nextExpected":"لِلْمُرِيدِ","alignMistakes":0}
[MutoonRecite] #55 align.skipAhead {"source":"mic","fromCursor":18,"toCursor":19,"skipped":0}
[MutoonRecite] #56 align.result {"source":"mic","isFinal":false,"monotonic":true,"anchor":19,"cursorBefore":19,"cursorAfter":20,"rawMatchedThrough":1,"matchedThrough":1,"relocalized":false,"recognized":"وبعد · هذا · النظم · للمريد","expectedFromAnchor":"لِلْمُرِيدِ · فِي · النُّونِ · وَالتَّنْوِينِ · وَالْمُدُودِ · سَمَّيْتُهُ · بِتُحْفَةِ · الْأَطْفَالِ · عَنْ · شَيْخِنَا · الْمِيهِيِّ · ذِي","nextExpected":"فِي","alignMistakes":0}
[MutoonRecite] #57 align.skipAhead {"source":"mic","fromCursor":19,"toCursor":20,"skipped":0}
[MutoonRecite] #58 align.result {"source":"mic","isFinal":true,"monotonic":true,"anchor":20,"cursorBefore":20,"cursorAfter":20,"rawMatchedThrough":0,"matchedThrough":0,"relocalized":false,"recognized":"وبعد · هذا · النظم · للمريد","expectedFromAnchor":"فِي · النُّونِ · وَالتَّنْوِينِ · وَالْمُدُودِ · سَمَّيْتُهُ · بِتُحْفَةِ · الْأَطْفَالِ · عَنْ · شَيْخِنَا · الْمِيهِيِّ · ذِي · الْكَمَالِ","nextExpected":"فِي","alignMistakes":0}
[MutoonRecite] #59 listen.segmentFinal {"wordCursor":20}
[MutoonRecite] #60 session.reconcileLive {"live":1,"reconciled":1,"upTo":17,"asrDropsSuppressed":0,"matched":16,"mistakes":[{"i":11,"kind":"wrong","expected":"عَلَى","heard":"عام"}]}
[MutoonRecite] #61 align.result {"source":"mic","isFinal":false,"monotonic":true,"anchor":20,"cursorBefore":20,"cursorAfter":22,"rawMatchedThrough":2,"matchedThrough":2,"relocalized":false,"recognized":"النون","expectedFromAnchor":"فِي · النُّونِ · وَالتَّنْوِينِ · وَالْمُدُودِ · سَمَّيْتُهُ · بِتُحْفَةِ · الْأَطْفَالِ · عَنْ · شَيْخِنَا · الْمِيهِيِّ · ذِي · الْكَمَالِ","nextExpected":"وَالتَّنْوِينِ","alignMistakes":1}
[MutoonRecite] #62 cursor.skipAheadMissesIgnored {"source":"mic","isFinal":false,"count":1,"reason":"omissionPolicy","fromCursor":20,"toCursor":22,"expected":"فِي"}
[MutoonRecite] #63 align.skipAhead {"source":"mic","fromCursor":20,"toCursor":22,"skipped":0}
[MutoonRecite] #64 align.result {"source":"mic","isFinal":false,"monotonic":true,"anchor":22,"cursorBefore":22,"cursorAfter":23,"rawMatchedThrough":1,"matchedThrough":1,"relocalized":false,"recognized":"النون · والتنوين","expectedFromAnchor":"وَالتَّنْوِينِ · وَالْمُدُودِ · سَمَّيْتُهُ · بِتُحْفَةِ · الْأَطْفَالِ · عَنْ · شَيْخِنَا · الْمِيهِيِّ · ذِي · الْكَمَالِ · أَرْجُو · بِهِ","nextExpected":"وَالْمُدُودِ","alignMistakes":0}
[MutoonRecite] #65 align.skipAhead {"source":"mic","fromCursor":22,"toCursor":23,"skipped":0}
[MutoonRecite] #66 align.result {"source":"mic","isFinal":false,"monotonic":true,"anchor":23,"cursorBefore":23,"cursorAfter":23,"rawMatchedThrough":0,"matchedThrough":0,"relocalized":false,"recognized":"النون · والتنوين · والمدوم","expectedFromAnchor":"وَالْمُدُودِ · سَمَّيْتُهُ · بِتُحْفَةِ · الْأَطْفَالِ · عَنْ · شَيْخِنَا · الْمِيهِيِّ · ذِي · الْكَمَالِ · أَرْجُو · بِهِ · أَنْ","nextExpected":"وَالْمُدُودِ","alignMistakes":0}
[MutoonRecite] #67 align.result {"source":"mic","isFinal":false,"monotonic":true,"anchor":23,"cursorBefore":23,"cursorAfter":24,"rawMatchedThrough":1,"matchedThrough":1,"relocalized":false,"recognized":"النون · والتنوين · والمودود","expectedFromAnchor":"وَالْمُدُودِ · سَمَّيْتُهُ · بِتُحْفَةِ · الْأَطْفَالِ · عَنْ · شَيْخِنَا · الْمِيهِيِّ · ذِي · الْكَمَالِ · أَرْجُو · بِهِ · أَنْ","nextExpected":"سَمَّيْتُهُ","alignMistakes":0}
[MutoonRecite] #68 align.skipAhead {"source":"mic","fromCursor":23,"toCursor":24,"skipped":0}
[MutoonRecite] #69 align.result {"source":"mic","isFinal":true,"monotonic":true,"anchor":24,"cursorBefore":24,"cursorAfter":24,"rawMatchedThrough":0,"matchedThrough":0,"relocalized":false,"recognized":"النون · والتنوين · والمودود","expectedFromAnchor":"سَمَّيْتُهُ · بِتُحْفَةِ · الْأَطْفَالِ · عَنْ · شَيْخِنَا · الْمِيهِيِّ · ذِي · الْكَمَالِ · أَرْجُو · بِهِ · أَنْ · يَنْفَعَ","nextExpected":"سَمَّيْتُهُ","alignMistakes":0}
[MutoonRecite] #70 listen.segmentFinal {"wordCursor":24}
[MutoonRecite] #71 session.reconcileLive {"live":1,"reconciled":2,"upTo":21,"asrDropsSuppressed":0,"matched":19,"mistakes":[{"i":11,"kind":"wrong","expected":"عَلَى","heard":"عام"},{"i":20,"kind":"wrong","expected":"فِي","heard":"النون"}]}
[MutoonRecite] #72 asr.rebiasRequest {"cursor":25,"count":32}
[MutoonRecite] #73 asr.rebias {"provider":"cloud:deepgram","contextualCount":32,"biasCount":60}
[MutoonRecite] #74 align.result {"source":"mic","isFinal":false,"monotonic":true,"anchor":24,"cursorBefore":24,"cursorAfter":25,"rawMatchedThrough":1,"matchedThrough":1,"relocalized":false,"recognized":"سميته","expectedFromAnchor":"سَمَّيْتُهُ · بِتُحْفَةِ · الْأَطْفَالِ · عَنْ · شَيْخِنَا · الْمِيهِيِّ · ذِي · الْكَمَالِ · أَرْجُو · بِهِ · أَنْ · يَنْفَعَ","nextExpected":"بِتُحْفَةِ","alignMistakes":0}
[MutoonRecite] #75 align.skipAhead {"source":"mic","fromCursor":24,"toCursor":25,"skipped":0}
[MutoonRecite] #76 asr.cloudOpen {"vendor":"deepgram-nova-3","model":"nova-3","language":"ar","biasCount":60}
[MutoonRecite] #77 align.result {"source":"mic","isFinal":false,"monotonic":true,"anchor":25,"cursorBefore":25,"cursorAfter":26,"rawMatchedThrough":1,"matchedThrough":1,"relocalized":false,"recognized":"سميته · بتحفه","expectedFromAnchor":"بِتُحْفَةِ · الْأَطْفَالِ · عَنْ · شَيْخِنَا · الْمِيهِيِّ · ذِي · الْكَمَالِ · أَرْجُو · بِهِ · أَنْ · يَنْفَعَ · الطُّلَّابَا","nextExpected":"الْأَطْفَالِ","alignMistakes":0}
[MutoonRecite] #78 align.skipAhead {"source":"mic","fromCursor":25,"toCursor":26,"skipped":0}
[MutoonRecite] #79 align.result {"source":"mic","isFinal":false,"monotonic":true,"anchor":26,"cursorBefore":26,"cursorAfter":27,"rawMatchedThrough":1,"matchedThrough":1,"relocalized":false,"recognized":"الاطفال","expectedFromAnchor":"الْأَطْفَالِ · عَنْ · شَيْخِنَا · الْمِيهِيِّ · ذِي · الْكَمَالِ · أَرْجُو · بِهِ · أَنْ · يَنْفَعَ · الطُّلَّابَا · وَالْأَجْرَ","nextExpected":"عَنْ","alignMistakes":0}
[MutoonRecite] #80 align.skipAhead {"source":"mic","fromCursor":26,"toCursor":27,"skipped":0}
[MutoonRecite] #81 align.result {"source":"mic","isFinal":true,"monotonic":true,"anchor":27,"cursorBefore":27,"cursorAfter":27,"rawMatchedThrough":0,"matchedThrough":0,"relocalized":false,"recognized":"الاطفال · الاطفال · الاطفال","expectedFromAnchor":"عَنْ · شَيْخِنَا · الْمِيهِيِّ · ذِي · الْكَمَالِ · أَرْجُو · بِهِ · أَنْ · يَنْفَعَ · الطُّلَّابَا · وَالْأَجْرَ · وَالْقَبُولَ","nextExpected":"عَنْ","alignMistakes":0}
[MutoonRecite] #82 listen.segmentFinal {"wordCursor":27}
[MutoonRecite] #83 session.reconcileLive {"live":2,"reconciled":1,"upTo":24,"asrDropsSuppressed":1,"matched":22,"mistakes":[{"i":11,"kind":"wrong","expected":"عَلَى","heard":"عام"}]}
[MutoonRecite] #84 align.result {"source":"mic","isFinal":false,"monotonic":true,"anchor":27,"cursorBefore":27,"cursorAfter":29,"rawMatchedThrough":2,"matchedThrough":2,"relocalized":false,"recognized":"عن · شيخنا","expectedFromAnchor":"عَنْ · شَيْخِنَا · الْمِيهِيِّ · ذِي · الْكَمَالِ · أَرْجُو · بِهِ · أَنْ · يَنْفَعَ · الطُّلَّابَا · وَالْأَجْرَ · وَالْقَبُولَ","nextExpected":"الْمِيهِيِّ","alignMistakes":0}
[MutoonRecite] #85 align.skipAhead {"source":"mic","fromCursor":27,"toCursor":29,"skipped":0}
[MutoonRecite] #86 align.result {"source":"mic","isFinal":false,"monotonic":true,"anchor":29,"cursorBefore":29,"cursorAfter":30,"rawMatchedThrough":1,"matchedThrough":1,"relocalized":false,"recognized":"عن · شيخينا · الميهي","expectedFromAnchor":"الْمِيهِيِّ · ذِي · الْكَمَالِ · أَرْجُو · بِهِ · أَنْ · يَنْفَعَ · الطُّلَّابَا · وَالْأَجْرَ · وَالْقَبُولَ · وَالثَّوَابَا · لِلنُّونِ","nextExpected":"ذِي","alignMistakes":0}
[MutoonRecite] #87 align.skipAhead {"source":"mic","fromCursor":29,"toCursor":30,"skipped":0}
[MutoonRecite] #88 align.result {"source":"mic","isFinal":false,"monotonic":true,"anchor":30,"cursorBefore":30,"cursorAfter":32,"rawMatchedThrough":2,"matchedThrough":2,"relocalized":false,"recognized":"عن · شيخنا · الميهيذ · كما","expectedFromAnchor":"ذِي · الْكَمَالِ · أَرْجُو · بِهِ · أَنْ · يَنْفَعَ · الطُّلَّابَا · وَالْأَجْرَ · وَالْقَبُولَ · وَالثَّوَابَا · لِلنُّونِ · إِنْ","nextExpected":"أَرْجُو","alignMistakes":1}
[MutoonRecite] #89 cursor.skipAheadMissesIgnored {"source":"mic","isFinal":false,"count":1,"reason":"omissionPolicy","fromCursor":30,"toCursor":32,"expected":"ذِي"}
[MutoonRecite] #90 align.skipAhead {"source":"mic","fromCursor":30,"toCursor":32,"skipped":0}
[MutoonRecite] #91 align.result {"source":"mic","isFinal":false,"monotonic":true,"anchor":32,"cursorBefore":32,"cursorAfter":32,"rawMatchedThrough":0,"matchedThrough":0,"relocalized":false,"recognized":"عن · شيخنا · الميهيذ · الكمال","expectedFromAnchor":"أَرْجُو · بِهِ · أَنْ · يَنْفَعَ · الطُّلَّابَا · وَالْأَجْرَ · وَالْقَبُولَ · وَالثَّوَابَا · لِلنُّونِ · إِنْ · تَسْكُنْ · وَلِلتَّنْوِينِ","nextExpected":"أَرْجُو","alignMistakes":0}
[MutoonRecite] #92 align.result {"source":"mic","isFinal":true,"monotonic":true,"anchor":32,"cursorBefore":32,"cursorAfter":32,"rawMatchedThrough":0,"matchedThrough":0,"relocalized":false,"recognized":"عن · شيخنا · الميهيذ · الكمال","expectedFromAnchor":"أَرْجُو · بِهِ · أَنْ · يَنْفَعَ · الطُّلَّابَا · وَالْأَجْرَ · وَالْقَبُولَ · وَالثَّوَابَا · لِلنُّونِ · إِنْ · تَسْكُنْ · وَلِلتَّنْوِينِ","nextExpected":"أَرْجُو","alignMistakes":0}
[MutoonRecite] #93 listen.segmentFinal {"wordCursor":32}
[MutoonRecite] #94 session.reconcileLive {"live":1,"reconciled":1,"upTo":29,"asrDropsSuppressed":1,"matched":27,"mistakes":[{"i":11,"kind":"wrong","expected":"عَلَى","heard":"عام"}]}
[MutoonRecite] #95 align.result {"source":"mic","isFinal":false,"monotonic":true,"anchor":32,"cursorBefore":32,"cursorAfter":35,"rawMatchedThrough":3,"matchedThrough":3,"relocalized":false,"recognized":"ارجو · به · ان","expectedFromAnchor":"أَرْجُو · بِهِ · أَنْ · يَنْفَعَ · الطُّلَّابَا · وَالْأَجْرَ · وَالْقَبُولَ · وَالثَّوَابَا · لِلنُّونِ · إِنْ · تَسْكُنْ · وَلِلتَّنْوِينِ","nextExpected":"يَنْفَعَ","alignMistakes":0}
[MutoonRecite] #96 align.skipAhead {"source":"mic","fromCursor":32,"toCursor":35,"skipped":0}
[MutoonRecite] #97 asr.rebiasRequest {"cursor":37,"count":32}
[MutoonRecite] #98 asr.rebias {"provider":"cloud:deepgram","contextualCount":32,"biasCount":60}
[MutoonRecite] #99 align.result {"source":"mic","isFinal":false,"monotonic":true,"anchor":35,"cursorBefore":35,"cursorAfter":37,"rawMatchedThrough":2,"matchedThrough":2,"relocalized":false,"recognized":"ارجو · به · ان · ينفع · الطل","expectedFromAnchor":"يَنْفَعَ · الطُّلَّابَا · وَالْأَجْرَ · وَالْقَبُولَ · وَالثَّوَابَا · لِلنُّونِ · إِنْ · تَسْكُنْ · وَلِلتَّنْوِينِ · أَرْبَعُ · أَحْكَامٍ · فَخُذْ","nextExpected":"وَالْأَجْرَ","alignMistakes":0}
[MutoonRecite] #100 align.skipAhead {"source":"mic","fromCursor":35,"toCursor":37,"skipped":0}
[MutoonRecite] #101 asr.cloudOpen {"vendor":"deepgram-nova-3","model":"nova-3","language":"ar","biasCount":60}
[MutoonRecite] #102 align.result {"source":"mic","isFinal":false,"monotonic":true,"anchor":37,"cursorBefore":37,"cursorAfter":38,"rawMatchedThrough":1,"matchedThrough":1,"relocalized":false,"recognized":"والاجر · والقمون · والقمون","expectedFromAnchor":"وَالْأَجْرَ · وَالْقَبُولَ · وَالثَّوَابَا · لِلنُّونِ · إِنْ · تَسْكُنْ · وَلِلتَّنْوِينِ · أَرْبَعُ · أَحْكَامٍ · فَخُذْ · تَبْيِينِي · فَالْأَوَّلُ","nextExpected":"وَالْقَبُولَ","alignMistakes":0}
[MutoonRecite] #103 align.skipAhead {"source":"mic","fromCursor":37,"toCursor":38,"skipped":0}
[MutoonRecite] #104 align.result {"source":"mic","isFinal":false,"monotonic":true,"anchor":38,"cursorBefore":38,"cursorAfter":39,"rawMatchedThrough":1,"matchedThrough":1,"relocalized":false,"recognized":"والاجر · والقبول","expectedFromAnchor":"وَالْقَبُولَ · وَالثَّوَابَا · لِلنُّونِ · إِنْ · تَسْكُنْ · وَلِلتَّنْوِينِ · أَرْبَعُ · أَحْكَامٍ · فَخُذْ · تَبْيِينِي · فَالْأَوَّلُ · الْإِظْهَارُ","nextExpected":"وَالثَّوَابَا","alignMistakes":0}
[MutoonRecite] #105 align.skipAhead {"source":"mic","fromCursor":38,"toCursor":39,"skipped":0}
[MutoonRecite] #106 align.result {"source":"mic","isFinal":false,"monotonic":true,"anchor":39,"cursorBefore":39,"cursorAfter":40,"rawMatchedThrough":1,"matchedThrough":1,"relocalized":false,"recognized":"والاجر · والقبول · والثواب","expectedFromAnchor":"وَالثَّوَابَا · لِلنُّونِ · إِنْ · تَسْكُنْ · وَلِلتَّنْوِينِ · أَرْبَعُ · أَحْكَامٍ · فَخُذْ · تَبْيِينِي · فَالْأَوَّلُ · الْإِظْهَارُ · قَبْلَ","nextExpected":"لِلنُّونِ","alignMistakes":0}
[MutoonRecite] #107 align.skipAhead {"source":"mic","fromCursor":39,"toCursor":40,"skipped":0}
[MutoonRecite] #108 align.result {"source":"mic","isFinal":true,"monotonic":true,"anchor":40,"cursorBefore":40,"cursorAfter":40,"rawMatchedThrough":0,"matchedThrough":0,"relocalized":false,"recognized":"والاجر · والقبول · والثوابا","expectedFromAnchor":"لِلنُّونِ · إِنْ · تَسْكُنْ · وَلِلتَّنْوِينِ · أَرْبَعُ · أَحْكَامٍ · فَخُذْ · تَبْيِينِي · فَالْأَوَّلُ · الْإِظْهَارُ · قَبْلَ · أَحْرُفِ","nextExpected":"لِلنُّونِ","alignMistakes":0}
[MutoonRecite] #109 listen.segmentFinal {"wordCursor":40}
[MutoonRecite] #110 session.reconcileLive {"live":1,"reconciled":2,"upTo":37,"asrDropsSuppressed":1,"matched":34,"mistakes":[{"i":11,"kind":"wrong","expected":"عَلَى","heard":"عام"},{"i":30,"kind":"missed","expected":"ذِي","heard":null}]}
[MutoonRecite] #111 align.result {"source":"mic","isFinal":false,"monotonic":true,"anchor":40,"cursorBefore":40,"cursorAfter":42,"rawMatchedThrough":2,"matchedThrough":2,"relocalized":false,"recognized":"للنون · ان · تسب","expectedFromAnchor":"لِلنُّونِ · إِنْ · تَسْكُنْ · وَلِلتَّنْوِينِ · أَرْبَعُ · أَحْكَامٍ · فَخُذْ · تَبْيِينِي · فَالْأَوَّلُ · الْإِظْهَارُ · قَبْلَ · أَحْرُفِ","nextExpected":"تَسْكُنْ","alignMistakes":0}
[MutoonRecite] #112 align.skipAhead {"source":"mic","fromCursor":40,"toCursor":42,"skipped":0}
[MutoonRecite] #113 align.result {"source":"mic","isFinal":true,"monotonic":true,"anchor":42,"cursorBefore":42,"cursorAfter":43,"rawMatchedThrough":1,"matchedThrough":1,"relocalized":false,"recognized":"للنون · ان · تسكن · والد","expectedFromAnchor":"تَسْكُنْ · وَلِلتَّنْوِينِ · أَرْبَعُ · أَحْكَامٍ · فَخُذْ · تَبْيِينِي · فَالْأَوَّلُ · الْإِظْهَارُ · قَبْلَ · أَحْرُفِ · لِلْحَلْقِ · سِتٍّ","nextExpected":"وَلِلتَّنْوِينِ","alignMistakes":0}
[MutoonRecite] #114 align.skipAhead {"source":"mic","fromCursor":42,"toCursor":43,"skipped":0}
[MutoonRecite] #115 listen.segmentFinal {"wordCursor":43}
[MutoonRecite] #116 session.reconcileLive {"live":2,"reconciled":2,"upTo":40,"asrDropsSuppressed":1,"matched":37,"mistakes":[{"i":11,"kind":"wrong","expected":"عَلَى","heard":"عام"},{"i":30,"kind":"missed","expected":"ذِي","heard":null}]}
[MutoonRecite] #117 align.result {"source":"mic","isFinal":false,"monotonic":true,"anchor":43,"cursorBefore":43,"cursorAfter":43,"rawMatchedThrough":0,"matchedThrough":0,"relocalized":false,"recognized":"تنوين","expectedFromAnchor":"وَلِلتَّنْوِينِ · أَرْبَعُ · أَحْكَامٍ · فَخُذْ · تَبْيِينِي · فَالْأَوَّلُ · الْإِظْهَارُ · قَبْلَ · أَحْرُفِ · لِلْحَلْقِ · سِتٍّ · رُتِّبَتْ","nextExpected":"وَلِلتَّنْوِينِ","alignMistakes":0}
[MutoonRecite] #118 align.result {"source":"mic","isFinal":false,"monotonic":true,"anchor":43,"cursorBefore":43,"cursorAfter":45,"rawMatchedThrough":2,"matchedThrough":2,"relocalized":false,"recognized":"اربع · واحت","expectedFromAnchor":"وَلِلتَّنْوِينِ · أَرْبَعُ · أَحْكَامٍ · فَخُذْ · تَبْيِينِي · فَالْأَوَّلُ · الْإِظْهَارُ · قَبْلَ · أَحْرُفِ · لِلْحَلْقِ · سِتٍّ · رُتِّبَتْ","nextExpected":"أَحْكَامٍ","alignMistakes":1}
[MutoonRecite] #119 cursor.skipAheadMissesIgnored {"source":"mic","isFinal":false,"count":1,"reason":"omissionPolicy","fromCursor":43,"toCursor":45,"expected":"وَلِلتَّنْوِينِ"}
[MutoonRecite] #120 align.skipAhead {"source":"mic","fromCursor":43,"toCursor":45,"skipped":0}
[MutoonRecite] #121 align.result {"source":"mic","isFinal":false,"monotonic":true,"anchor":45,"cursorBefore":45,"cursorAfter":47,"rawMatchedThrough":2,"matchedThrough":2,"relocalized":false,"recognized":"اربع · واحكام، · فخذ","expectedFromAnchor":"أَحْكَامٍ · فَخُذْ · تَبْيِينِي · فَالْأَوَّلُ · الْإِظْهَارُ · قَبْلَ · أَحْرُفِ · لِلْحَلْقِ · سِتٍّ · رُتِّبَتْ · فَلْتَعْرِفِ · هَمْزٌ","nextExpected":"تَبْيِينِي","alignMistakes":0}
[MutoonRecite] #122 align.skipAhead {"source":"mic","fromCursor":45,"toCursor":47,"skipped":0}
[MutoonRecite] #123 align.result {"source":"mic","isFinal":false,"monotonic":true,"anchor":47,"cursorBefore":47,"cursorAfter":47,"rawMatchedThrough":0,"matchedThrough":0,"relocalized":false,"recognized":"اربع · واحكام · فاخذت · بي","expectedFromAnchor":"تَبْيِينِي · فَالْأَوَّلُ · الْإِظْهَارُ · قَبْلَ · أَحْرُفِ · لِلْحَلْقِ · سِتٍّ · رُتِّبَتْ · فَلْتَعْرِفِ · هَمْزٌ · فَهَاءٌ · ثُمَّ","nextExpected":"تَبْيِينِي","alignMistakes":0}
[MutoonRecite] #124 align.result {"source":"mic","isFinal":false,"monotonic":true,"anchor":47,"cursorBefore":47,"cursorAfter":47,"rawMatchedThrough":0,"matchedThrough":0,"relocalized":false,"recognized":"اربع · واحكام · فاخذت · بيني","expectedFromAnchor":"تَبْيِينِي · فَالْأَوَّلُ · الْإِظْهَارُ · قَبْلَ · أَحْرُفِ · لِلْحَلْقِ · سِتٍّ · رُتِّبَتْ · فَلْتَعْرِفِ · هَمْزٌ · فَهَاءٌ · ثُمَّ","nextExpected":"تَبْيِينِي","alignMistakes":0}
[MutoonRecite] #125 align.result {"source":"mic","isFinal":true,"monotonic":true,"anchor":47,"cursorBefore":47,"cursorAfter":47,"rawMatchedThrough":0,"matchedThrough":0,"relocalized":false,"recognized":"اربع · واحكام · فاخذت · بيني","expectedFromAnchor":"تَبْيِينِي · فَالْأَوَّلُ · الْإِظْهَارُ · قَبْلَ · أَحْرُفِ · لِلْحَلْقِ · سِتٍّ · رُتِّبَتْ · فَلْتَعْرِفِ · هَمْزٌ · فَهَاءٌ · ثُمَّ","nextExpected":"تَبْيِينِي","alignMistakes":0}
[MutoonRecite] #126 listen.segmentFinal {"wordCursor":47}
[MutoonRecite] #127 session.reconcileLive {"live":2,"reconciled":3,"upTo":44,"asrDropsSuppressed":1,"matched":40,"mistakes":[{"i":11,"kind":"wrong","expected":"عَلَى","heard":"عام"},{"i":30,"kind":"missed","expected":"ذِي","heard":null},{"i":43,"kind":"wrong","expected":"وَلِلتَّنْوِينِ","heard":"والـد"}]}
[MutoonRecite] #128 asr.rebiasRequest {"cursor":49,"count":32}
[MutoonRecite] #129 asr.rebias {"provider":"cloud:deepgram","contextualCount":32,"biasCount":60}
[MutoonRecite] #130 align.result {"source":"mic","isFinal":false,"monotonic":true,"anchor":47,"cursorBefore":47,"cursorAfter":49,"rawMatchedThrough":2,"matchedThrough":2,"relocalized":false,"recognized":"فال","expectedFromAnchor":"تَبْيِينِي · فَالْأَوَّلُ · الْإِظْهَارُ · قَبْلَ · أَحْرُفِ · لِلْحَلْقِ · سِتٍّ · رُتِّبَتْ · فَلْتَعْرِفِ · هَمْزٌ · فَهَاءٌ · ثُمَّ","nextExpected":"الْإِظْهَارُ","alignMistakes":1}
[MutoonRecite] #131 cursor.skipAheadMissesIgnored {"source":"mic","isFinal":false,"count":1,"reason":"omissionPolicy","fromCursor":47,"toCursor":49,"expected":"تَبْيِينِي"}
[MutoonRecite] #132 align.skipAhead {"source":"mic","fromCursor":47,"toCursor":49,"skipped":0}
[MutoonRecite] #133 asr.cloudOpen {"vendor":"deepgram-nova-3","model":"nova-3","language":"ar","biasCount":60}
[MutoonRecite] #134 align.result {"source":"mic","isFinal":false,"monotonic":true,"anchor":49,"cursorBefore":49,"cursorAfter":50,"rawMatchedThrough":1,"matchedThrough":1,"relocalized":false,"recognized":"الاظهار","expectedFromAnchor":"الْإِظْهَارُ · قَبْلَ · أَحْرُفِ · لِلْحَلْقِ · سِتٍّ · رُتِّبَتْ · فَلْتَعْرِفِ · هَمْزٌ · فَهَاءٌ · ثُمَّ · عَيْنٌ · حَاءُ","nextExpected":"قَبْلَ","alignMistakes":0}
[MutoonRecite] #135 align.skipAhead {"source":"mic","fromCursor":49,"toCursor":50,"skipped":0}
[MutoonRecite] #136 align.result {"source":"mic","isFinal":false,"monotonic":true,"anchor":50,"cursorBefore":50,"cursorAfter":51,"rawMatchedThrough":1,"matchedThrough":1,"relocalized":false,"recognized":"قبل","expectedFromAnchor":"قَبْلَ · أَحْرُفِ · لِلْحَلْقِ · سِتٍّ · رُتِّبَتْ · فَلْتَعْرِفِ · هَمْزٌ · فَهَاءٌ · ثُمَّ · عَيْنٌ · حَاءُ · مُهْمَلَتَانِ","nextExpected":"أَحْرُفِ","alignMistakes":0}
[MutoonRecite] #137 align.skipAhead {"source":"mic","fromCursor":50,"toCursor":51,"skipped":0}
[MutoonRecite] #138 align.result {"source":"mic","isFinal":false,"monotonic":true,"anchor":51,"cursorBefore":51,"cursorAfter":52,"rawMatchedThrough":1,"matchedThrough":1,"relocalized":false,"recognized":"قبل · احروفي","expectedFromAnchor":"أَحْرُفِ · لِلْحَلْقِ · سِتٍّ · رُتِّبَتْ · فَلْتَعْرِفِ · هَمْزٌ · فَهَاءٌ · ثُمَّ · عَيْنٌ · حَاءُ · مُهْمَلَتَانِ · ثُمَّ","nextExpected":"لِلْحَلْقِ","alignMistakes":0}
[MutoonRecite] #139 align.skipAhead {"source":"mic","fromCursor":51,"toCursor":52,"skipped":0}
[MutoonRecite] #140 align.result {"source":"mic","isFinal":false,"monotonic":true,"anchor":52,"cursorBefore":52,"cursorAfter":53,"rawMatchedThrough":1,"matchedThrough":1,"relocalized":false,"recognized":"قبل · احروفي · للحلق","expectedFromAnchor":"لِلْحَلْقِ · سِتٍّ · رُتِّبَتْ · فَلْتَعْرِفِ · هَمْزٌ · فَهَاءٌ · ثُمَّ · عَيْنٌ · حَاءُ · مُهْمَلَتَانِ · ثُمَّ · غَيْنٌ","nextExpected":"سِتٍّ","alignMistakes":0}
[MutoonRecite] #141 align.skipAhead {"source":"mic","fromCursor":52,"toCursor":53,"skipped":0}
[MutoonRecite] #142 align.result {"source":"mic","isFinal":true,"monotonic":true,"anchor":53,"cursorBefore":53,"cursorAfter":54,"rawMatchedThrough":1,"matchedThrough":1,"relocalized":false,"recognized":"قبل · احروفي · للحلق · ست","expectedFromAnchor":"سِتٍّ · رُتِّبَتْ · فَلْتَعْرِفِ · هَمْزٌ · فَهَاءٌ · ثُمَّ · عَيْنٌ · حَاءُ · مُهْمَلَتَانِ · ثُمَّ · غَيْنٌ · خَاءُ","nextExpected":"رُتِّبَتْ","alignMistakes":0}
[MutoonRecite] #143 align.skipAhead {"source":"mic","fromCursor":53,"toCursor":54,"skipped":0}
[MutoonRecite] #144 listen.segmentFinal {"wordCursor":54}
[MutoonRecite] #145 session.reconcileLive {"live":3,"reconciled":5,"upTo":51,"asrDropsSuppressed":2,"matched":44,"mistakes":[{"i":11,"kind":"wrong","expected":"عَلَى","heard":"عام"},{"i":30,"kind":"missed","expected":"ذِي","heard":null},{"i":43,"kind":"wrong","expected":"وَلِلتَّنْوِينِ","heard":"والـد"},{"i":46,"kind":"wrong","expected":"فَخُذْ","heard":"فأخذت"},{"i":47,"kind":"wrong","expected":"تَبْيِينِي","heard":"بيني"}]}
[MutoonRecite] #146 align.result {"source":"mic","isFinal":true,"monotonic":true,"anchor":54,"cursorBefore":54,"cursorAfter":55,"rawMatchedThrough":1,"matchedThrough":1,"relocalized":false,"recognized":"الرت","expectedFromAnchor":"رُتِّبَتْ · فَلْتَعْرِفِ · هَمْزٌ · فَهَاءٌ · ثُمَّ · عَيْنٌ · حَاءُ · مُهْمَلَتَانِ · ثُمَّ · غَيْنٌ · خَاءُ · وَالثَّانِي","nextExpected":"فَلْتَعْرِفِ","alignMistakes":0}
[MutoonRecite] #147 align.skipAhead {"source":"mic","fromCursor":54,"toCursor":55,"skipped":0}
[MutoonRecite] #148 listen.segmentFinal {"wordCursor":55}
[MutoonRecite] #149 session.reconcileLive {"live":5,"reconciled":5,"upTo":52,"asrDropsSuppressed":2,"matched":45,"mistakes":[{"i":11,"kind":"wrong","expected":"عَلَى","heard":"عام"},{"i":30,"kind":"missed","expected":"ذِي","heard":null},{"i":43,"kind":"wrong","expected":"وَلِلتَّنْوِينِ","heard":"والـد"},{"i":46,"kind":"wrong","expected":"فَخُذْ","heard":"فأخذت"},{"i":47,"kind":"wrong","expected":"تَبْيِينِي","heard":"بيني"}]}
[MutoonRecite] #150 align.result {"source":"mic","isFinal":false,"monotonic":true,"anchor":55,"cursorBefore":55,"cursorAfter":55,"rawMatchedThrough":0,"matchedThrough":0,"relocalized":false,"recognized":"بت · فانتع","expectedFromAnchor":"فَلْتَعْرِفِ · هَمْزٌ · فَهَاءٌ · ثُمَّ · عَيْنٌ · حَاءُ · مُهْمَلَتَانِ · ثُمَّ · غَيْنٌ · خَاءُ · وَالثَّانِي · إِدْغَامٌ","nextExpected":"فَلْتَعْرِفِ","alignMistakes":0}
[MutoonRecite] #151 align.result {"source":"mic","isFinal":false,"monotonic":true,"anchor":55,"cursorBefore":55,"cursorAfter":55,"rawMatchedThrough":0,"matchedThrough":0,"relocalized":false,"recognized":"بدفا · تعريفي","expectedFromAnchor":"فَلْتَعْرِفِ · هَمْزٌ · فَهَاءٌ · ثُمَّ · عَيْنٌ · حَاءُ · مُهْمَلَتَانِ · ثُمَّ · غَيْنٌ · خَاءُ · وَالثَّانِي · إِدْغَامٌ","nextExpected":"فَلْتَعْرِفِ","alignMistakes":0}
[MutoonRecite] #152 align.result {"source":"mic","isFinal":false,"monotonic":true,"anchor":55,"cursorBefore":55,"cursorAfter":57,"rawMatchedThrough":2,"matchedThrough":2,"relocalized":false,"recognized":"بدفا · تعريفي · همز","expectedFromAnchor":"فَلْتَعْرِفِ · هَمْزٌ · فَهَاءٌ · ثُمَّ · عَيْنٌ · حَاءُ · مُهْمَلَتَانِ · ثُمَّ · غَيْنٌ · خَاءُ · وَالثَّانِي · إِدْغَامٌ","nextExpected":"فَهَاءٌ","alignMistakes":1}
[MutoonRecite] #153 WARN mistake {"kind":"wrong","globalWordIndex":55,"expected":"فَلْتَعْرِفِ","recognized":"تعريفي","lineIndex":13,"wordIndex":3,"partial":true}
[MutoonRecite] #154 align.skipAhead {"source":"mic","fromCursor":55,"toCursor":57,"skipped":0}
[MutoonRecite] #155 align.result {"source":"mic","isFinal":false,"monotonic":true,"anchor":57,"cursorBefore":57,"cursorAfter":58,"rawMatchedThrough":1,"matchedThrough":1,"relocalized":false,"recognized":"بدفا · تعريفي · همز · فهاء","expectedFromAnchor":"فَهَاءٌ · ثُمَّ · عَيْنٌ · حَاءُ · مُهْمَلَتَانِ · ثُمَّ · غَيْنٌ · خَاءُ · وَالثَّانِي · إِدْغَامٌ · بِسِتَّةٍ · أَتَتْ","nextExpected":"ثُمَّ","alignMistakes":0}
[MutoonRecite] #156 align.skipAhead {"source":"mic","fromCursor":57,"toCursor":58,"skipped":0}
[MutoonRecite] #157 align.result {"source":"mic","isFinal":true,"monotonic":true,"anchor":58,"cursorBefore":58,"cursorAfter":59,"rawMatchedThrough":1,"matchedThrough":1,"relocalized":false,"recognized":"بدفا · تعريفي · همز · فهاء · ثم","expectedFromAnchor":"ثُمَّ · عَيْنٌ · حَاءُ · مُهْمَلَتَانِ · ثُمَّ · غَيْنٌ · خَاءُ · وَالثَّانِي · إِدْغَامٌ · بِسِتَّةٍ · أَتَتْ · فِي","nextExpected":"عَيْنٌ","alignMistakes":0}
[MutoonRecite] #158 align.skipAhead {"source":"mic","fromCursor":58,"toCursor":59,"skipped":0}
[MutoonRecite] #159 listen.segmentFinal {"wordCursor":59}
[MutoonRecite] #160 session.reconcileLive {"live":6,"reconciled":6,"upTo":56,"asrDropsSuppressed":2,"matched":48,"mistakes":[{"i":11,"kind":"wrong","expected":"عَلَى","heard":"عام"},{"i":30,"kind":"missed","expected":"ذِي","heard":null},{"i":43,"kind":"wrong","expected":"وَلِلتَّنْوِينِ","heard":"والـد"},{"i":46,"kind":"wrong","expected":"فَخُذْ","heard":"فأخذت"},{"i":47,"kind":"wrong","expected":"تَبْيِينِي","heard":"بيني"},{"i":55,"kind":"wrong","expected":"فَلْتَعْرِفِ","heard":"بدفاً"}]}
[MutoonRecite] #161 align.result {"source":"mic","isFinal":false,"monotonic":true,"anchor":59,"cursorBefore":59,"cursorAfter":60,"rawMatchedThrough":1,"matchedThrough":1,"relocalized":false,"recognized":"عين · هاء","expectedFromAnchor":"عَيْنٌ · حَاءُ · مُهْمَلَتَانِ · ثُمَّ · غَيْنٌ · خَاءُ · وَالثَّانِي · إِدْغَامٌ · بِسِتَّةٍ · أَتَتْ · فِي · يَرْمَلُونَ","nextExpected":"حَاءُ","alignMistakes":0}
[MutoonRecite] #162 align.skipAhead {"source":"mic","fromCursor":59,"toCursor":60,"skipped":0}
[MutoonRecite] #163 align.result {"source":"mic","isFinal":true,"monotonic":true,"anchor":60,"cursorBefore":60,"cursorAfter":60,"rawMatchedThrough":0,"matchedThrough":0,"relocalized":false,"recognized":"عين · هاء","expectedFromAnchor":"حَاءُ · مُهْمَلَتَانِ · ثُمَّ · غَيْنٌ · خَاءُ · وَالثَّانِي · إِدْغَامٌ · بِسِتَّةٍ · أَتَتْ · فِي · يَرْمَلُونَ · عِنْدَهُمْ","nextExpected":"حَاءُ","alignMistakes":0}
[MutoonRecite] #164 listen.segmentFinal {"wordCursor":60}
[MutoonRecite] #165 session.reconcileLive {"live":6,"reconciled":6,"upTo":57,"asrDropsSuppressed":2,"matched":49,"mistakes":[{"i":11,"kind":"wrong","expected":"عَلَى","heard":"عام"},{"i":30,"kind":"missed","expected":"ذِي","heard":null},{"i":43,"kind":"wrong","expected":"وَلِلتَّنْوِينِ","heard":"والـد"},{"i":46,"kind":"wrong","expected":"فَخُذْ","heard":"فأخذت"},{"i":47,"kind":"wrong","expected":"تَبْيِينِي","heard":"بيني"},{"i":55,"kind":"wrong","expected":"فَلْتَعْرِفِ","heard":"بدفاً"}]}
[MutoonRecite] #166 asr.rebiasRequest {"cursor":62,"count":32}
[MutoonRecite] #167 asr.rebias {"provider":"cloud:deepgram","contextualCount":32,"biasCount":60}
[MutoonRecite] #168 align.result {"source":"mic","isFinal":false,"monotonic":true,"anchor":60,"cursorBefore":60,"cursorAfter":62,"rawMatchedThrough":2,"matchedThrough":2,"relocalized":false,"recognized":"مهمالتان","expectedFromAnchor":"حَاءُ · مُهْمَلَتَانِ · ثُمَّ · غَيْنٌ · خَاءُ · وَالثَّانِي · إِدْغَامٌ · بِسِتَّةٍ · أَتَتْ · فِي · يَرْمَلُونَ · عِنْدَهُمْ","nextExpected":"ثُمَّ","alignMistakes":1}
[MutoonRecite] #169 cursor.skipAheadMissesIgnored {"source":"mic","isFinal":false,"count":1,"reason":"omissionPolicy","fromCursor":60,"toCursor":62,"expected":"حَاءُ"}
[MutoonRecite] #170 align.skipAhead {"source":"mic","fromCursor":60,"toCursor":62,"skipped":0}
[MutoonRecite] #171 asr.cloudOpen {"vendor":"deepgram-nova-3","model":"nova-3","language":"ar","biasCount":60}
[MutoonRecite] #172 align.result {"source":"mic","isFinal":false,"monotonic":true,"anchor":62,"cursorBefore":62,"cursorAfter":63,"rawMatchedThrough":1,"matchedThrough":1,"relocalized":false,"recognized":"مهمالتان · ثم · غير","expectedFromAnchor":"ثُمَّ · غَيْنٌ · خَاءُ · وَالثَّانِي · إِدْغَامٌ · بِسِتَّةٍ · أَتَتْ · فِي · يَرْمَلُونَ · عِنْدَهُمْ · قَدْ · ثَبَتَتْ","nextExpected":"غَيْنٌ","alignMistakes":0}
[MutoonRecite] #173 align.skipAhead {"source":"mic","fromCursor":62,"toCursor":63,"skipped":0}
[MutoonRecite] #174 listen.stop {"wordCursor":63,"totalWords":558,"mistakes":6}
[MutoonRecite] #175 session.heardStream {"count":120,"wordCursor":63,"tokens":"دوما سليمان هو الجمزوري الحمد لله مصلي الحمد لله مصليا عام محمد والي محمد واله ومن تلا محمد واله ومن تلا وبعد هذا النظم للمريد وبعد هذا النظم للمريد النون والتنوين والمدوم النون والتنوين والمودود النون والتنوين والمودود سميته بتحفه الاطفال الاطفال الاطفال عن شيخنا عن شيخينا الميهي عن شيخنا الميهيذ كما عن شيخنا الميهيذ الكمال عن شيخنا الميهيذ الكمال ارجو به ان ينفع الطل والاجر والقمون والقمون والاجر والقبول والثواب والاجر والقبول والثوابا للنون ان تسب للنون ان تسكن والد تنوين اربع واحت اربع واحكام، فخذ اربع واحكام فاخذت بي اربع واحكام فاخذت بيني اربع واحكام فاخذت بيني فال الاظهار قبل احروفي للحلق ست الرت بت فانتع بدفا تعريفي همز فهاء ثم عين هاء عين هاء مهمالتان ثم غير"}
[MutoonRecite] #176 session.heardTimeline {"count":64,"words":[{"w":"يقول","t0":0.95,"t1":1.67,"c":0.894},{"w":"راجي","t0":2.39,"t1":2.79,"c":0.994},{"w":"رحمه","t0":2.79,"t1":3.67,"c":0.907},{"w":"الغفور","t0":3.67,"t1":4.71,"c":0.997},{"w":"دوما","t0":6.06,"t1":6.7,"c":0.987},{"w":"سليمان","t0":6.7,"t1":7.82,"c":0.997},{"w":"هو","t0":7.9,"t1":8.86,"c":0.481},{"w":"الجمزوري","t0":8.86,"t1":10.38,"c":0.877},{"w":"الحمد","t0":11.13,"t1":11.69,"c":0.918},{"w":"لله","t0":11.69,"t1":12.25,"c":0.997},{"w":"مصليا","t0":13.21,"t1":14.65,"c":0.898},{"w":"عام","t0":14.65,"t1":14.89,"c":0.721},{"w":"محمد","t0":17.799,"t1":18.679,"c":0.908},{"w":"واله","t0":19.079,"t1":20.439,"c":0.902},{"w":"ومن","t0":20.679,"t1":21.159,"c":0.995},{"w":"تلا","t0":21.159,"t1":21.719,"c":0.998},{"w":"وبعد","t0":22.759,"t1":23.319,"c":0.997},{"w":"هذا","t0":23.319,"t1":24.039,"c":0.974},{"w":"النظم","t0":24.039,"t1":24.999,"c":0.984},{"w":"للمريد","t0":25.159,"t1":26.199,"c":0.999},{"w":"النون","t0":27.429,"t1":28.389,"c":0.508},{"w":"والتنوين","t0":28.469,"t1":29.909,"c":0.99},{"w":"والمودود","t0":29.909,"t1":31.349,"c":0.909},{"w":"سميته","t0":32.249,"t1":33.529,"c":0.997},{"w":"بتحفة","t0":33.529,"t1":34.649,"c":0.964},{"w":"الأطفال","t0":35.398,"t1":35.558,"c":0.617},{"w":"الأطفال","t0":35.558,"t1":35.958,"c":0.897},{"w":"الأطفال","t0":35.638,"t1":35.878,"c":0.424},{"w":"عن","t0":37.408,"t1":37.808,"c":0.923},{"w":"شيخنا","t0":37.808,"t1":38.768,"c":0.835},{"w":"الميهيذ","t0":38.768,"t1":40.048,"c":0.779},{"w":"الكمال","t0":40.048,"t1":40.848,"c":0.944},{"w":"ارجو","t0":42.248,"t1":42.728,"c":0.251},{"w":"به","t0":42.728,"t1":43.528,"c":0.922},{"w":"ان","t0":43.528,"t1":43.848,"c":0.767},{"w":"ينفع","t0":43.848,"t1":44.648,"c":1},{"w":"الطُّل","t0":44.648,"t1":45.128,"c":0.884},{"w":"والأجر","t0":46.194,"t1":46.914,"c":0.698},{"w":"والقبول","t0":46.914,"t1":48.354,"c":0.99},{"w":"والثوابا","t0":48.594,"t1":50.274,"c":0.988},{"w":"للنون","t0":51.334,"t1":52.214,"c":0.791},{"w":"أن","t0":52.214,"t1":52.614,"c":0.393},{"w":"تسكن","t0":52.614,"t1":53.414,"c":1},{"w":"والـد","t0":53.414,"t1":53.974,"c":0.297},{"w":"اربع","t0":56.214,"t1":56.694,"c":0.967},{"w":"واحكامٍ","t0":56.694,"t1":57.894,"c":0.668},{"w":"فأخذت","t0":57.894,"t1":58.854,"c":0.541},{"w":"بيني","t0":58.854,"t1":60.294,"c":0.683},{"w":"الاظهار","t0":60.594,"t1":62.354,"c":0.616},{"w":"قبل","t0":65.169,"t1":65.649,"c":0.975},{"w":"أحروفي","t0":65.649,"t1":67.009,"c":0.944},{"w":"للحلق","t0":67.329,"t1":68.129,"c":0.846},{"w":"ست","t0":68.209,"t1":68.449,"c":0.974},{"w":"الرت","t0":68.789,"t1":69.269,"c":0.491},{"w":"بدفاً","t0":69.509,"t1":70.309,"c":0.618},{"w":"تعريفي","t0":70.309,"t1":71.269,"c":0.85},{"w":"همز","t0":71.269,"t1":71.829,"c":0.654},{"w":"فهاء","t0":72.389,"t1":73.429,"c":0.8},{"w":"ثم","t0":73.429,"t1":73.829,"c":0.611},{"w":"عينٌ","t0":73.939,"t1":75.139,"c":0.674},{"w":"هاءٌ","t0":75.139,"t1":76.259,"c":0.827},{"w":"مهمالتان","t0":77.409,"t1":78.849,"c":0.742},{"w":"ثم","t0":78.849,"t1":79.729,"c":0.455},{"w":"غير","t0":79.729,"t1":79.969,"c":0.883}]}
[MutoonRecite] #177 session.reconciled {"live":6,"reconciled":7,"upTo":63,"asrDropsSuppressed":2,"matched":54,"mistakes":[{"i":11,"kind":"wrong","expected":"عَلَى","heard":"عام"},{"i":30,"kind":"missed","expected":"ذِي","heard":null},{"i":43,"kind":"wrong","expected":"وَلِلتَّنْوِينِ","heard":"والـد"},{"i":46,"kind":"wrong","expected":"فَخُذْ","heard":"فأخذت"},{"i":47,"kind":"wrong","expected":"تَبْيِينِي","heard":"بيني"},{"i":55,"kind":"wrong","expected":"فَلْتَعْرِفِ","heard":"بدفاً"},{"i":60,"kind":"wrong","expected":"حَاءُ","heard":"هاءٌ"}]}

# ended: 2026-07-08T16:28:34.230Z
# meta: {"matnId":"tuhfat_al_atfal","asrMode":"cloud","startIdx":0,"endIdx":121,"totalWords":558,"lineCount":122}
