# Mutoon Tarteel — recite log
# MUTOON_RECITE_BUILD=align-trust-v3
# build: {"tag":"MUTOON_RECITE_BUILD=align-trust-v3","alignTrustVersion":3,"appVersion":"1.0.2","commitGraceMs":1200,"maxSkipMissesPerStep":1,"expectLogMarkers":["commitGraceSkip","skipAheadMissesIgnored"],"dev":true}
# started: 2026-06-04T17:17:12.983Z
# file: file:///var/mobile/Containers/Data/Application/9410D506-338D-4AE8-AEBC-4F903F86C9E5/Documents/recite-logs/2026-06-04T17-17-12-983Z_tuhfat_al_atfal_cloud.log
# meta: {"matnId":"tuhfat_al_atfal","asrMode":"cloud","startIdx":0,"endIdx":121,"totalWords":558,"lineCount":122}

[MutoonRecite] BUILD_STAMP {"tag":"MUTOON_RECITE_BUILD=align-trust-v3","alignTrustVersion":3,"appVersion":"1.0.2","commitGraceMs":1200,"maxSkipMissesPerStep":1,"expectLogMarkers":["commitGraceSkip","skipAheadMissesIgnored"],"dev":true}

[MutoonRecite] fileLog.begin {"file":"file:///var/mobile/Containers/Data/Application/9410D506-338D-4AE8-AEBC-4F903F86C9E5/Documents/recite-logs/2026-06-04T17-17-12-983Z_tuhfat_al_atfal_cloud.log","dir":"file:///var/mobile/Containers/Data/Application/9410D506-338D-4AE8-AEBC-4F903F86C9E5/Documents/recite-logs/"}
[MutoonRecite] #1 session.build {"tag":"MUTOON_RECITE_BUILD=align-trust-v3","alignTrustVersion":3,"appVersion":"1.0.2","commitGraceMs":1200,"maxSkipMissesPerStep":1,"expectLogMarkers":["commitGraceSkip","skipAheadMissesIgnored"],"dev":true}
[MutoonRecite] #2 session.screen {"matnId":"tuhfat_al_atfal","startIdx":0,"endIdx":121,"totalWords":558,"lineCount":122,"asrMode":"cloud"}
[MutoonRecite] #3 session.load {"totalWords":558,"lines":122,"start":"يَقُولُ · رَاجِي · رَحْمَةِ · الْغَفُورِ · دَوْمًا · سُلَيْمَانُ"}
[MutoonRecite] #4 listen.start {"wordCursor":0,"remainingCount":558,"remaining":"يَقُولُ · رَاجِي · رَحْمَةِ · الْغَفُورِ · دَوْمًا · سُلَيْمَانُ · هُوَ · الْجَمْزُورِي · الْحَمْدُ · لِلَّهِ · مُصَلِّيًا · عَلَى … (+546 more)","provider":"cloud:deepgram","tag":"MUTOON_RECITE_BUILD=align-trust-v3","alignTrustVersion":3,"appVersion":"1.0.2","commitGraceMs":1200,"maxSkipMissesPerStep":1,"expectLogMarkers":["commitGraceSkip","skipAheadMissesIgnored"],"dev":true}
[MutoonRecite] #5 asr.start {"provider":"cloud:deepgram","contextualCount":32,"biasCount":60}
[MutoonRecite] #6 asr.cloudOpen {"vendor":"deepgram-nova-3","model":"nova-3","language":"ar","biasCount":60}
[MutoonRecite] #7 listen.stuckHint {"idleMs":8582,"wordCursor":0}
[MutoonRecite] #8 align.result {"source":"mic","isFinal":false,"monotonic":true,"anchor":0,"cursorBefore":0,"cursorAfter":0,"rawMatchedThrough":0,"matchedThrough":0,"relocalized":false,"recognized":"يا","expectedFromAnchor":"يَقُولُ · رَاجِي · رَحْمَةِ · الْغَفُورِ · دَوْمًا · سُلَيْمَانُ · هُوَ · الْجَمْزُورِي · الْحَمْدُ · لِلَّهِ · مُصَلِّيًا · عَلَى","nextExpected":"يَقُولُ","alignMistakes":0}
[MutoonRecite] #9 align.result {"source":"mic","isFinal":false,"monotonic":true,"anchor":0,"cursorBefore":0,"cursorAfter":2,"rawMatchedThrough":2,"matchedThrough":2,"relocalized":false,"recognized":"يقول · راي","expectedFromAnchor":"يَقُولُ · رَاجِي · رَحْمَةِ · الْغَفُورِ · دَوْمًا · سُلَيْمَانُ · هُوَ · الْجَمْزُورِي · الْحَمْدُ · لِلَّهِ · مُصَلِّيًا · عَلَى","nextExpected":"رَحْمَةِ","alignMistakes":0}
[MutoonRecite] #10 align.skipAhead {"source":"mic","fromCursor":0,"toCursor":2,"skipped":0}
[MutoonRecite] #11 align.result {"source":"mic","isFinal":false,"monotonic":true,"anchor":2,"cursorBefore":2,"cursorAfter":3,"rawMatchedThrough":1,"matchedThrough":1,"relocalized":false,"recognized":"يقول · رادي · رحمه","expectedFromAnchor":"رَحْمَةِ · الْغَفُورِ · دَوْمًا · سُلَيْمَانُ · هُوَ · الْجَمْزُورِي · الْحَمْدُ · لِلَّهِ · مُصَلِّيًا · عَلَى · مُحَمَّدٍ · وَآلِهِ","nextExpected":"الْغَفُورِ","alignMistakes":0}
[MutoonRecite] #12 align.skipAhead {"source":"mic","fromCursor":2,"toCursor":3,"skipped":0}
[MutoonRecite] #13 align.result {"source":"mic","isFinal":false,"monotonic":true,"anchor":3,"cursorBefore":3,"cursorAfter":4,"rawMatchedThrough":1,"matchedThrough":1,"relocalized":false,"recognized":"يقول · رجي · رحماتي · الغفور","expectedFromAnchor":"الْغَفُورِ · دَوْمًا · سُلَيْمَانُ · هُوَ · الْجَمْزُورِي · الْحَمْدُ · لِلَّهِ · مُصَلِّيًا · عَلَى · مُحَمَّدٍ · وَآلِهِ · وَمَنْ","nextExpected":"دَوْمًا","alignMistakes":0}
[MutoonRecite] #14 align.skipAhead {"source":"mic","fromCursor":3,"toCursor":4,"skipped":0}
[MutoonRecite] #15 align.result {"source":"mic","isFinal":true,"monotonic":true,"anchor":4,"cursorBefore":4,"cursorAfter":4,"rawMatchedThrough":0,"matchedThrough":0,"relocalized":false,"recognized":"يقول · راجي · رحمات · الغفوي","expectedFromAnchor":"دَوْمًا · سُلَيْمَانُ · هُوَ · الْجَمْزُورِي · الْحَمْدُ · لِلَّهِ · مُصَلِّيًا · عَلَى · مُحَمَّدٍ · وَآلِهِ · وَمَنْ · تَلَا","nextExpected":"دَوْمًا","alignMistakes":0}
[MutoonRecite] #16 listen.segmentFinal {"wordCursor":4}
[MutoonRecite] #17 align.result {"source":"mic","isFinal":true,"monotonic":true,"anchor":4,"cursorBefore":4,"cursorAfter":4,"rawMatchedThrough":0,"matchedThrough":0,"relocalized":false,"recognized":"و","expectedFromAnchor":"دَوْمًا · سُلَيْمَانُ · هُوَ · الْجَمْزُورِي · الْحَمْدُ · لِلَّهِ · مُصَلِّيًا · عَلَى · مُحَمَّدٍ · وَآلِهِ · وَمَنْ · تَلَا","nextExpected":"دَوْمًا","alignMistakes":0}
[MutoonRecite] #18 listen.segmentFinal {"wordCursor":4}
[MutoonRecite] #19 align.result {"source":"mic","isFinal":false,"monotonic":true,"anchor":4,"cursorBefore":4,"cursorAfter":4,"rawMatchedThrough":0,"matchedThrough":0,"relocalized":false,"recognized":"منسوبين","expectedFromAnchor":"دَوْمًا · سُلَيْمَانُ · هُوَ · الْجَمْزُورِي · الْحَمْدُ · لِلَّهِ · مُصَلِّيًا · عَلَى · مُحَمَّدٍ · وَآلِهِ · وَمَنْ · تَلَا","nextExpected":"دَوْمًا","alignMistakes":0}
[MutoonRecite] #20 align.result {"source":"mic","isFinal":false,"monotonic":true,"anchor":4,"cursorBefore":4,"cursorAfter":6,"rawMatchedThrough":2,"matchedThrough":2,"relocalized":false,"recognized":"دوما · سليمان","expectedFromAnchor":"دَوْمًا · سُلَيْمَانُ · هُوَ · الْجَمْزُورِي · الْحَمْدُ · لِلَّهِ · مُصَلِّيًا · عَلَى · مُحَمَّدٍ · وَآلِهِ · وَمَنْ · تَلَا","nextExpected":"هُوَ","alignMistakes":0}
[MutoonRecite] #21 align.skipAhead {"source":"mic","fromCursor":4,"toCursor":6,"skipped":0}
[MutoonRecite] #22 align.result {"source":"mic","isFinal":true,"monotonic":true,"anchor":6,"cursorBefore":6,"cursorAfter":7,"rawMatchedThrough":1,"matchedThrough":1,"relocalized":false,"recognized":"دوما · سليمان · هو","expectedFromAnchor":"هُوَ · الْجَمْزُورِي · الْحَمْدُ · لِلَّهِ · مُصَلِّيًا · عَلَى · مُحَمَّدٍ · وَآلِهِ · وَمَنْ · تَلَا · وَبَعْدُ · هَذَا","nextExpected":"الْجَمْزُورِي","alignMistakes":0}
[MutoonRecite] #23 align.skipAhead {"source":"mic","fromCursor":6,"toCursor":7,"skipped":0}
[MutoonRecite] #24 listen.segmentFinal {"wordCursor":7}
[MutoonRecite] #25 align.result {"source":"mic","isFinal":false,"monotonic":true,"anchor":7,"cursorBefore":7,"cursorAfter":9,"rawMatchedThrough":2,"matchedThrough":2,"relocalized":false,"recognized":"الحمد","expectedFromAnchor":"الْجَمْزُورِي · الْحَمْدُ · لِلَّهِ · مُصَلِّيًا · عَلَى · مُحَمَّدٍ · وَآلِهِ · وَمَنْ · تَلَا · وَبَعْدُ · هَذَا · النَّظْمُ","nextExpected":"لِلَّهِ","alignMistakes":1}
[MutoonRecite] #26 WARN mistake {"kind":"missed","globalWordIndex":7,"expected":"الْجَمْزُورِي","recognized":null,"lineIndex":1,"wordIndex":3,"partial":true}
[MutoonRecite] #27 align.skipAhead {"source":"mic","fromCursor":7,"toCursor":9,"skipped":0}
[MutoonRecite] #28 align.result {"source":"mic","isFinal":false,"monotonic":true,"anchor":9,"cursorBefore":9,"cursorAfter":10,"rawMatchedThrough":1,"matchedThrough":1,"relocalized":false,"recognized":"الحمد · لله · من","expectedFromAnchor":"لِلَّهِ · مُصَلِّيًا · عَلَى · مُحَمَّدٍ · وَآلِهِ · وَمَنْ · تَلَا · وَبَعْدُ · هَذَا · النَّظْمُ · لِلْمُرِيدِ · فِي","nextExpected":"مُصَلِّيًا","alignMistakes":0}
[MutoonRecite] #29 align.skipAhead {"source":"mic","fromCursor":9,"toCursor":10,"skipped":0}
[MutoonRecite] #30 align.result {"source":"mic","isFinal":false,"monotonic":true,"anchor":10,"cursorBefore":10,"cursorAfter":11,"rawMatchedThrough":1,"matchedThrough":1,"relocalized":false,"recognized":"الحمد · لله · مصليا","expectedFromAnchor":"مُصَلِّيًا · عَلَى · مُحَمَّدٍ · وَآلِهِ · وَمَنْ · تَلَا · وَبَعْدُ · هَذَا · النَّظْمُ · لِلْمُرِيدِ · فِي · النُّونِ","nextExpected":"عَلَى","alignMistakes":0}
[MutoonRecite] #31 align.skipAhead {"source":"mic","fromCursor":10,"toCursor":11,"skipped":0}
[MutoonRecite] #32 asr.rebiasRequest {"cursor":13,"count":32}
[MutoonRecite] #33 asr.rebias {"provider":"cloud:deepgram","contextualCount":32,"biasCount":60}
[MutoonRecite] #34 align.result {"source":"mic","isFinal":true,"monotonic":true,"anchor":11,"cursorBefore":11,"cursorAfter":13,"rawMatchedThrough":2,"matchedThrough":2,"relocalized":false,"recognized":"الحمد · لله · مصليا","expectedFromAnchor":"عَلَى · مُحَمَّدٍ · وَآلِهِ · وَمَنْ · تَلَا · وَبَعْدُ · هَذَا · النَّظْمُ · لِلْمُرِيدِ · فِي · النُّونِ · وَالتَّنْوِينِ","nextExpected":"وَآلِهِ","alignMistakes":1}
[MutoonRecite] #35 WARN mistake {"kind":"missed","globalWordIndex":11,"expected":"عَلَى","recognized":null,"lineIndex":2,"wordIndex":3,"partial":false}
[MutoonRecite] #36 align.skipAhead {"source":"mic","fromCursor":11,"toCursor":13,"skipped":0}
[MutoonRecite] #37 listen.segmentFinal {"wordCursor":13}
[MutoonRecite] #38 asr.cloudOpen {"vendor":"deepgram-nova-3","model":"nova-3","language":"ar","biasCount":60}
[MutoonRecite] #39 align.result {"source":"mic","isFinal":false,"monotonic":true,"anchor":13,"cursorBefore":13,"cursorAfter":13,"rawMatchedThrough":0,"matchedThrough":0,"relocalized":false,"recognized":"محمد","expectedFromAnchor":"وَآلِهِ · وَمَنْ · تَلَا · وَبَعْدُ · هَذَا · النَّظْمُ · لِلْمُرِيدِ · فِي · النُّونِ · وَالتَّنْوِينِ · وَالْمُدُودِ · سَمَّيْتُهُ","nextExpected":"وَآلِهِ","alignMistakes":0}
[MutoonRecite] #40 align.result {"source":"mic","isFinal":false,"monotonic":true,"anchor":13,"cursorBefore":13,"cursorAfter":14,"rawMatchedThrough":1,"matchedThrough":1,"relocalized":false,"recognized":"والي","expectedFromAnchor":"وَآلِهِ · وَمَنْ · تَلَا · وَبَعْدُ · هَذَا · النَّظْمُ · لِلْمُرِيدِ · فِي · النُّونِ · وَالتَّنْوِينِ · وَالْمُدُودِ · سَمَّيْتُهُ","nextExpected":"وَمَنْ","alignMistakes":0}
[MutoonRecite] #41 align.skipAhead {"source":"mic","fromCursor":13,"toCursor":14,"skipped":0}
[MutoonRecite] #42 align.result {"source":"mic","isFinal":true,"monotonic":true,"anchor":14,"cursorBefore":14,"cursorAfter":16,"rawMatchedThrough":2,"matchedThrough":2,"relocalized":false,"recognized":"واله · واله · ومن · تلا","expectedFromAnchor":"وَمَنْ · تَلَا · وَبَعْدُ · هَذَا · النَّظْمُ · لِلْمُرِيدِ · فِي · النُّونِ · وَالتَّنْوِينِ · وَالْمُدُودِ · سَمَّيْتُهُ · بِتُحْفَةِ","nextExpected":"وَبَعْدُ","alignMistakes":0}
[MutoonRecite] #43 align.skipAhead {"source":"mic","fromCursor":14,"toCursor":16,"skipped":0}
[MutoonRecite] #44 listen.segmentFinal {"wordCursor":16}
[MutoonRecite] #45 align.result {"source":"mic","isFinal":false,"monotonic":true,"anchor":16,"cursorBefore":16,"cursorAfter":18,"rawMatchedThrough":2,"matchedThrough":2,"relocalized":false,"recognized":"وبعد · هذا","expectedFromAnchor":"وَبَعْدُ · هَذَا · النَّظْمُ · لِلْمُرِيدِ · فِي · النُّونِ · وَالتَّنْوِينِ · وَالْمُدُودِ · سَمَّيْتُهُ · بِتُحْفَةِ · الْأَطْفَالِ · عَنْ","nextExpected":"النَّظْمُ","alignMistakes":0}
[MutoonRecite] #46 align.skipAhead {"source":"mic","fromCursor":16,"toCursor":18,"skipped":0}
[MutoonRecite] #47 align.result {"source":"mic","isFinal":false,"monotonic":true,"anchor":18,"cursorBefore":18,"cursorAfter":19,"rawMatchedThrough":1,"matchedThrough":1,"relocalized":false,"recognized":"وبعد · هذا · النظم · للم","expectedFromAnchor":"النَّظْمُ · لِلْمُرِيدِ · فِي · النُّونِ · وَالتَّنْوِينِ · وَالْمُدُودِ · سَمَّيْتُهُ · بِتُحْفَةِ · الْأَطْفَالِ · عَنْ · شَيْخِنَا · الْمِيهِيِّ","nextExpected":"لِلْمُرِيدِ","alignMistakes":0}
[MutoonRecite] #48 align.skipAhead {"source":"mic","fromCursor":18,"toCursor":19,"skipped":0}
[MutoonRecite] #49 align.result {"source":"mic","isFinal":false,"monotonic":true,"anchor":19,"cursorBefore":19,"cursorAfter":20,"rawMatchedThrough":1,"matchedThrough":1,"relocalized":false,"recognized":"وبعد · هذا · النظم · للمريد","expectedFromAnchor":"لِلْمُرِيدِ · فِي · النُّونِ · وَالتَّنْوِينِ · وَالْمُدُودِ · سَمَّيْتُهُ · بِتُحْفَةِ · الْأَطْفَالِ · عَنْ · شَيْخِنَا · الْمِيهِيِّ · ذِي","nextExpected":"فِي","alignMistakes":0}
[MutoonRecite] #50 align.skipAhead {"source":"mic","fromCursor":19,"toCursor":20,"skipped":0}
[MutoonRecite] #51 align.result {"source":"mic","isFinal":true,"monotonic":true,"anchor":20,"cursorBefore":20,"cursorAfter":20,"rawMatchedThrough":0,"matchedThrough":0,"relocalized":false,"recognized":"وبعد · هذا · النظم · للمريد","expectedFromAnchor":"فِي · النُّونِ · وَالتَّنْوِينِ · وَالْمُدُودِ · سَمَّيْتُهُ · بِتُحْفَةِ · الْأَطْفَالِ · عَنْ · شَيْخِنَا · الْمِيهِيِّ · ذِي · الْكَمَالِ","nextExpected":"فِي","alignMistakes":0}
[MutoonRecite] #52 listen.segmentFinal {"wordCursor":20}
[MutoonRecite] #53 align.result {"source":"mic","isFinal":false,"monotonic":true,"anchor":20,"cursorBefore":20,"cursorAfter":22,"rawMatchedThrough":2,"matchedThrough":2,"relocalized":false,"recognized":"في · النون","expectedFromAnchor":"فِي · النُّونِ · وَالتَّنْوِينِ · وَالْمُدُودِ · سَمَّيْتُهُ · بِتُحْفَةِ · الْأَطْفَالِ · عَنْ · شَيْخِنَا · الْمِيهِيِّ · ذِي · الْكَمَالِ","nextExpected":"وَالتَّنْوِينِ","alignMistakes":0}
[MutoonRecite] #54 align.skipAhead {"source":"mic","fromCursor":20,"toCursor":22,"skipped":0}
[MutoonRecite] #55 align.result {"source":"mic","isFinal":false,"monotonic":true,"anchor":22,"cursorBefore":22,"cursorAfter":23,"rawMatchedThrough":1,"matchedThrough":1,"relocalized":false,"recognized":"في · النون · والتنوين","expectedFromAnchor":"وَالتَّنْوِينِ · وَالْمُدُودِ · سَمَّيْتُهُ · بِتُحْفَةِ · الْأَطْفَالِ · عَنْ · شَيْخِنَا · الْمِيهِيِّ · ذِي · الْكَمَالِ · أَرْجُو · بِهِ","nextExpected":"وَالْمُدُودِ","alignMistakes":0}
[MutoonRecite] #56 align.skipAhead {"source":"mic","fromCursor":22,"toCursor":23,"skipped":0}
[MutoonRecite] #57 align.result {"source":"mic","isFinal":false,"monotonic":true,"anchor":23,"cursorBefore":23,"cursorAfter":23,"rawMatchedThrough":0,"matchedThrough":0,"relocalized":false,"recognized":"في · النون · والتنوين · والموت","expectedFromAnchor":"وَالْمُدُودِ · سَمَّيْتُهُ · بِتُحْفَةِ · الْأَطْفَالِ · عَنْ · شَيْخِنَا · الْمِيهِيِّ · ذِي · الْكَمَالِ · أَرْجُو · بِهِ · أَنْ","nextExpected":"وَالْمُدُودِ","alignMistakes":0}
[MutoonRecite] #58 align.result {"source":"mic","isFinal":true,"monotonic":true,"anchor":23,"cursorBefore":23,"cursorAfter":23,"rawMatchedThrough":0,"matchedThrough":0,"relocalized":false,"recognized":"في · النون · والتنوين · والموت","expectedFromAnchor":"وَالْمُدُودِ · سَمَّيْتُهُ · بِتُحْفَةِ · الْأَطْفَالِ · عَنْ · شَيْخِنَا · الْمِيهِيِّ · ذِي · الْكَمَالِ · أَرْجُو · بِهِ · أَنْ","nextExpected":"وَالْمُدُودِ","alignMistakes":0}
[MutoonRecite] #59 listen.segmentFinal {"wordCursor":23}
[MutoonRecite] #60 align.result {"source":"mic","isFinal":false,"monotonic":true,"anchor":23,"cursorBefore":23,"cursorAfter":23,"rawMatchedThrough":0,"matchedThrough":0,"relocalized":false,"recognized":"صم","expectedFromAnchor":"وَالْمُدُودِ · سَمَّيْتُهُ · بِتُحْفَةِ · الْأَطْفَالِ · عَنْ · شَيْخِنَا · الْمِيهِيِّ · ذِي · الْكَمَالِ · أَرْجُو · بِهِ · أَنْ","nextExpected":"وَالْمُدُودِ","alignMistakes":0}
[MutoonRecite] #61 asr.rebiasRequest {"cursor":26,"count":32}
[MutoonRecite] #62 asr.rebias {"provider":"cloud:deepgram","contextualCount":32,"biasCount":60}
[MutoonRecite] #63 align.result {"source":"mic","isFinal":false,"monotonic":true,"anchor":23,"cursorBefore":23,"cursorAfter":26,"rawMatchedThrough":3,"matchedThrough":3,"relocalized":false,"recognized":"صمه · بتحف · ،","expectedFromAnchor":"وَالْمُدُودِ · سَمَّيْتُهُ · بِتُحْفَةِ · الْأَطْفَالِ · عَنْ · شَيْخِنَا · الْمِيهِيِّ · ذِي · الْكَمَالِ · أَرْجُو · بِهِ · أَنْ","nextExpected":"الْأَطْفَالِ","alignMistakes":2}
[MutoonRecite] #64 cursor.skipAheadMissesIgnored {"source":"mic","isFinal":false,"count":2,"fromCursor":23,"toCursor":26,"expected":"وَالْمُدُودِ · سَمَّيْتُهُ"}
[MutoonRecite] #65 align.skipAhead {"source":"mic","fromCursor":23,"toCursor":26,"skipped":0}
[MutoonRecite] #66 asr.cloudOpen {"vendor":"deepgram-nova-3","model":"nova-3","language":"ar","biasCount":60}
[MutoonRecite] #67 align.result {"source":"mic","isFinal":false,"monotonic":true,"anchor":26,"cursorBefore":26,"cursorAfter":27,"rawMatchedThrough":1,"matchedThrough":1,"relocalized":false,"recognized":"صمه · بتحفاه · الاطفال","expectedFromAnchor":"الْأَطْفَالِ · عَنْ · شَيْخِنَا · الْمِيهِيِّ · ذِي · الْكَمَالِ · أَرْجُو · بِهِ · أَنْ · يَنْفَعَ · الطُّلَّابَا · وَالْأَجْرَ","nextExpected":"عَنْ","alignMistakes":0}
[MutoonRecite] #68 align.skipAhead {"source":"mic","fromCursor":26,"toCursor":27,"skipped":0}
[MutoonRecite] #69 align.result {"source":"mic","isFinal":false,"monotonic":true,"anchor":27,"cursorBefore":27,"cursorAfter":28,"rawMatchedThrough":1,"matchedThrough":1,"relocalized":false,"recognized":"عن","expectedFromAnchor":"عَنْ · شَيْخِنَا · الْمِيهِيِّ · ذِي · الْكَمَالِ · أَرْجُو · بِهِ · أَنْ · يَنْفَعَ · الطُّلَّابَا · وَالْأَجْرَ · وَالْقَبُولَ","nextExpected":"شَيْخِنَا","alignMistakes":0}
[MutoonRecite] #70 align.skipAhead {"source":"mic","fromCursor":27,"toCursor":28,"skipped":0}
[MutoonRecite] #71 align.result {"source":"mic","isFinal":false,"monotonic":true,"anchor":28,"cursorBefore":28,"cursorAfter":28,"rawMatchedThrough":0,"matchedThrough":0,"relocalized":false,"recognized":"عن · استاذينا · الموحيد","expectedFromAnchor":"شَيْخِنَا · الْمِيهِيِّ · ذِي · الْكَمَالِ · أَرْجُو · بِهِ · أَنْ · يَنْفَعَ · الطُّلَّابَا · وَالْأَجْرَ · وَالْقَبُولَ · وَالثَّوَابَا","nextExpected":"شَيْخِنَا","alignMistakes":0}
[MutoonRecite] #72 align.result {"source":"mic","isFinal":false,"monotonic":true,"anchor":28,"cursorBefore":28,"cursorAfter":32,"rawMatchedThrough":4,"matchedThrough":4,"relocalized":false,"recognized":"عن · استاذينا · المهيد · الكمال","expectedFromAnchor":"شَيْخِنَا · الْمِيهِيِّ · ذِي · الْكَمَالِ · أَرْجُو · بِهِ · أَنْ · يَنْفَعَ · الطُّلَّابَا · وَالْأَجْرَ · وَالْقَبُولَ · وَالثَّوَابَا","nextExpected":"أَرْجُو","alignMistakes":3}
[MutoonRecite] #73 cursor.skipAheadMissesIgnored {"source":"mic","isFinal":false,"count":3,"fromCursor":28,"toCursor":32,"expected":"شَيْخِنَا · الْمِيهِيِّ · ذِي"}
[MutoonRecite] #74 align.skipAhead {"source":"mic","fromCursor":28,"toCursor":32,"skipped":0}
[MutoonRecite] #75 align.result {"source":"mic","isFinal":true,"monotonic":true,"anchor":32,"cursorBefore":32,"cursorAfter":32,"rawMatchedThrough":0,"matchedThrough":0,"relocalized":false,"recognized":"عن · استاذينا · الموحيد","expectedFromAnchor":"أَرْجُو · بِهِ · أَنْ · يَنْفَعَ · الطُّلَّابَا · وَالْأَجْرَ · وَالْقَبُولَ · وَالثَّوَابَا · لِلنُّونِ · إِنْ · تَسْكُنْ · وَلِلتَّنْوِينِ","nextExpected":"أَرْجُو","alignMistakes":0}
[MutoonRecite] #76 listen.segmentFinal {"wordCursor":32}
[MutoonRecite] #77 align.result {"source":"mic","isFinal":false,"monotonic":true,"anchor":32,"cursorBefore":32,"cursorAfter":32,"rawMatchedThrough":0,"matchedThrough":0,"relocalized":false,"recognized":"الكمال","expectedFromAnchor":"أَرْجُو · بِهِ · أَنْ · يَنْفَعَ · الطُّلَّابَا · وَالْأَجْرَ · وَالْقَبُولَ · وَالثَّوَابَا · لِلنُّونِ · إِنْ · تَسْكُنْ · وَلِلتَّنْوِينِ","nextExpected":"أَرْجُو","alignMistakes":0}
[MutoonRecite] #78 align.result {"source":"mic","isFinal":true,"monotonic":true,"anchor":32,"cursorBefore":32,"cursorAfter":32,"rawMatchedThrough":0,"matchedThrough":0,"relocalized":false,"recognized":"الكمال","expectedFromAnchor":"أَرْجُو · بِهِ · أَنْ · يَنْفَعَ · الطُّلَّابَا · وَالْأَجْرَ · وَالْقَبُولَ · وَالثَّوَابَا · لِلنُّونِ · إِنْ · تَسْكُنْ · وَلِلتَّنْوِينِ","nextExpected":"أَرْجُو","alignMistakes":0}
[MutoonRecite] #79 listen.segmentFinal {"wordCursor":32}
[MutoonRecite] #80 align.result {"source":"mic","isFinal":false,"monotonic":true,"anchor":32,"cursorBefore":32,"cursorAfter":33,"rawMatchedThrough":1,"matchedThrough":1,"relocalized":false,"recognized":"ارجو · بي","expectedFromAnchor":"أَرْجُو · بِهِ · أَنْ · يَنْفَعَ · الطُّلَّابَا · وَالْأَجْرَ · وَالْقَبُولَ · وَالثَّوَابَا · لِلنُّونِ · إِنْ · تَسْكُنْ · وَلِلتَّنْوِينِ","nextExpected":"بِهِ","alignMistakes":0}
[MutoonRecite] #81 align.skipAhead {"source":"mic","fromCursor":32,"toCursor":33,"skipped":0}
[MutoonRecite] #82 align.result {"source":"mic","isFinal":false,"monotonic":true,"anchor":33,"cursorBefore":33,"cursorAfter":35,"rawMatchedThrough":2,"matchedThrough":2,"relocalized":false,"recognized":"ارجو · به · ان · يكون","expectedFromAnchor":"بِهِ · أَنْ · يَنْفَعَ · الطُّلَّابَا · وَالْأَجْرَ · وَالْقَبُولَ · وَالثَّوَابَا · لِلنُّونِ · إِنْ · تَسْكُنْ · وَلِلتَّنْوِينِ · أَرْبَعُ","nextExpected":"يَنْفَعَ","alignMistakes":0}
[MutoonRecite] #83 align.skipAhead {"source":"mic","fromCursor":33,"toCursor":35,"skipped":0}
[MutoonRecite] #84 align.result {"source":"mic","isFinal":true,"monotonic":true,"anchor":35,"cursorBefore":35,"cursorAfter":36,"rawMatchedThrough":1,"matchedThrough":1,"relocalized":false,"recognized":"ارجو · به · ان · ينفع · حتي","expectedFromAnchor":"يَنْفَعَ · الطُّلَّابَا · وَالْأَجْرَ · وَالْقَبُولَ · وَالثَّوَابَا · لِلنُّونِ · إِنْ · تَسْكُنْ · وَلِلتَّنْوِينِ · أَرْبَعُ · أَحْكَامٍ · فَخُذْ","nextExpected":"الطُّلَّابَا","alignMistakes":0}
[MutoonRecite] #85 align.skipAhead {"source":"mic","fromCursor":35,"toCursor":36,"skipped":0}
[MutoonRecite] #86 listen.segmentFinal {"wordCursor":36}
[MutoonRecite] #87 align.result {"source":"mic","isFinal":false,"monotonic":true,"anchor":36,"cursorBefore":36,"cursorAfter":36,"rawMatchedThrough":0,"matchedThrough":0,"relocalized":false,"recognized":"اللاب","expectedFromAnchor":"الطُّلَّابَا · وَالْأَجْرَ · وَالْقَبُولَ · وَالثَّوَابَا · لِلنُّونِ · إِنْ · تَسْكُنْ · وَلِلتَّنْوِينِ · أَرْبَعُ · أَحْكَامٍ · فَخُذْ · تَبْيِينِي","nextExpected":"الطُّلَّابَا","alignMistakes":0}
[MutoonRecite] #88 align.result {"source":"mic","isFinal":true,"monotonic":true,"anchor":36,"cursorBefore":36,"cursorAfter":37,"rawMatchedThrough":1,"matchedThrough":1,"relocalized":false,"recognized":"اللابا","expectedFromAnchor":"الطُّلَّابَا · وَالْأَجْرَ · وَالْقَبُولَ · وَالثَّوَابَا · لِلنُّونِ · إِنْ · تَسْكُنْ · وَلِلتَّنْوِينِ · أَرْبَعُ · أَحْكَامٍ · فَخُذْ · تَبْيِينِي","nextExpected":"وَالْأَجْرَ","alignMistakes":0}
[MutoonRecite] #89 align.skipAhead {"source":"mic","fromCursor":36,"toCursor":37,"skipped":0}
[MutoonRecite] #90 listen.segmentFinal {"wordCursor":37}
[MutoonRecite] #91 align.result {"source":"mic","isFinal":false,"monotonic":true,"anchor":37,"cursorBefore":37,"cursorAfter":37,"rawMatchedThrough":0,"matchedThrough":0,"relocalized":false,"recognized":"والارجي · والارجي","expectedFromAnchor":"وَالْأَجْرَ · وَالْقَبُولَ · وَالثَّوَابَا · لِلنُّونِ · إِنْ · تَسْكُنْ · وَلِلتَّنْوِينِ · أَرْبَعُ · أَحْكَامٍ · فَخُذْ · تَبْيِينِي · فَالْأَوَّلُ","nextExpected":"وَالْأَجْرَ","alignMistakes":0}
[MutoonRecite] #92 asr.rebiasRequest {"cursor":39,"count":32}
[MutoonRecite] #93 asr.rebias {"provider":"cloud:deepgram","contextualCount":32,"biasCount":60}
[MutoonRecite] #94 align.result {"source":"mic","isFinal":false,"monotonic":true,"anchor":37,"cursorBefore":37,"cursorAfter":39,"rawMatchedThrough":2,"matchedThrough":2,"relocalized":false,"recognized":"والارجي · والقبل","expectedFromAnchor":"وَالْأَجْرَ · وَالْقَبُولَ · وَالثَّوَابَا · لِلنُّونِ · إِنْ · تَسْكُنْ · وَلِلتَّنْوِينِ · أَرْبَعُ · أَحْكَامٍ · فَخُذْ · تَبْيِينِي · فَالْأَوَّلُ","nextExpected":"وَالثَّوَابَا","alignMistakes":1}
[MutoonRecite] #95 WARN mistake {"kind":"missed","globalWordIndex":37,"expected":"وَالْأَجْرَ","recognized":null,"lineIndex":9,"wordIndex":0,"partial":true}
[MutoonRecite] #96 align.skipAhead {"source":"mic","fromCursor":37,"toCursor":39,"skipped":0}
[MutoonRecite] #97 asr.cloudOpen {"vendor":"deepgram-nova-3","model":"nova-3","language":"ar","biasCount":60}
[MutoonRecite] #98 align.result {"source":"mic","isFinal":false,"monotonic":true,"anchor":39,"cursorBefore":39,"cursorAfter":39,"rawMatchedThrough":0,"matchedThrough":0,"relocalized":false,"recognized":"والارجي · والقبل · والثوب","expectedFromAnchor":"وَالثَّوَابَا · لِلنُّونِ · إِنْ · تَسْكُنْ · وَلِلتَّنْوِينِ · أَرْبَعُ · أَحْكَامٍ · فَخُذْ · تَبْيِينِي · فَالْأَوَّلُ · الْإِظْهَارُ · قَبْلَ","nextExpected":"وَالثَّوَابَا","alignMistakes":0}
[MutoonRecite] #99 align.result {"source":"mic","isFinal":false,"monotonic":true,"anchor":39,"cursorBefore":39,"cursorAfter":41,"rawMatchedThrough":2,"matchedThrough":2,"relocalized":false,"recognized":"للنون","expectedFromAnchor":"وَالثَّوَابَا · لِلنُّونِ · إِنْ · تَسْكُنْ · وَلِلتَّنْوِينِ · أَرْبَعُ · أَحْكَامٍ · فَخُذْ · تَبْيِينِي · فَالْأَوَّلُ · الْإِظْهَارُ · قَبْلَ","nextExpected":"إِنْ","alignMistakes":1}
[MutoonRecite] #100 WARN mistake {"kind":"missed","globalWordIndex":39,"expected":"وَالثَّوَابَا","recognized":null,"lineIndex":9,"wordIndex":2,"partial":true}
[MutoonRecite] #101 align.skipAhead {"source":"mic","fromCursor":39,"toCursor":41,"skipped":0}
[MutoonRecite] #102 align.result {"source":"mic","isFinal":false,"monotonic":true,"anchor":41,"cursorBefore":41,"cursorAfter":41,"rawMatchedThrough":0,"matchedThrough":0,"relocalized":false,"recognized":"للنون · مللين · ميم","expectedFromAnchor":"إِنْ · تَسْكُنْ · وَلِلتَّنْوِينِ · أَرْبَعُ · أَحْكَامٍ · فَخُذْ · تَبْيِينِي · فَالْأَوَّلُ · الْإِظْهَارُ · قَبْلَ · أَحْرُفِ · لِلْحَلْقِ","nextExpected":"إِنْ","alignMistakes":0}
[MutoonRecite] #103 align.result {"source":"mic","isFinal":false,"monotonic":true,"anchor":41,"cursorBefore":41,"cursorAfter":43,"rawMatchedThrough":2,"matchedThrough":2,"relocalized":false,"recognized":"للنون · من · للميمي · ان · تسكن","expectedFromAnchor":"إِنْ · تَسْكُنْ · وَلِلتَّنْوِينِ · أَرْبَعُ · أَحْكَامٍ · فَخُذْ · تَبْيِينِي · فَالْأَوَّلُ · الْإِظْهَارُ · قَبْلَ · أَحْرُفِ · لِلْحَلْقِ","nextExpected":"وَلِلتَّنْوِينِ","alignMistakes":0}
[MutoonRecite] #104 align.skipAhead {"source":"mic","fromCursor":41,"toCursor":43,"skipped":0}
[MutoonRecite] #105 align.result {"source":"mic","isFinal":false,"monotonic":true,"anchor":43,"cursorBefore":43,"cursorAfter":43,"rawMatchedThrough":0,"matchedThrough":0,"relocalized":false,"recognized":"للنون · ملن · الميمي · ان · تسكن · والد،","expectedFromAnchor":"وَلِلتَّنْوِينِ · أَرْبَعُ · أَحْكَامٍ · فَخُذْ · تَبْيِينِي · فَالْأَوَّلُ · الْإِظْهَارُ · قَبْلَ · أَحْرُفِ · لِلْحَلْقِ · سِتٍّ · رُتِّبَتْ","nextExpected":"وَلِلتَّنْوِينِ","alignMistakes":0}
[MutoonRecite] #106 align.result {"source":"mic","isFinal":true,"monotonic":true,"anchor":43,"cursorBefore":43,"cursorAfter":43,"rawMatchedThrough":0,"matchedThrough":0,"relocalized":false,"recognized":"للنون · ملن · الميمي · ان · تسكن · والد،","expectedFromAnchor":"وَلِلتَّنْوِينِ · أَرْبَعُ · أَحْكَامٍ · فَخُذْ · تَبْيِينِي · فَالْأَوَّلُ · الْإِظْهَارُ · قَبْلَ · أَحْرُفِ · لِلْحَلْقِ · سِتٍّ · رُتِّبَتْ","nextExpected":"وَلِلتَّنْوِينِ","alignMistakes":0}
[MutoonRecite] #107 listen.segmentFinal {"wordCursor":43}
[MutoonRecite] #108 align.result {"source":"mic","isFinal":false,"monotonic":true,"anchor":43,"cursorBefore":43,"cursorAfter":45,"rawMatchedThrough":2,"matchedThrough":2,"relocalized":false,"recognized":"اربع","expectedFromAnchor":"وَلِلتَّنْوِينِ · أَرْبَعُ · أَحْكَامٍ · فَخُذْ · تَبْيِينِي · فَالْأَوَّلُ · الْإِظْهَارُ · قَبْلَ · أَحْرُفِ · لِلْحَلْقِ · سِتٍّ · رُتِّبَتْ","nextExpected":"أَحْكَامٍ","alignMistakes":1}
[MutoonRecite] #109 WARN mistake {"kind":"missed","globalWordIndex":43,"expected":"وَلِلتَّنْوِينِ","recognized":null,"lineIndex":10,"wordIndex":3,"partial":true}
[MutoonRecite] #110 align.skipAhead {"source":"mic","fromCursor":43,"toCursor":45,"skipped":0}
[MutoonRecite] #111 align.result {"source":"mic","isFinal":false,"monotonic":true,"anchor":45,"cursorBefore":45,"cursorAfter":45,"rawMatchedThrough":0,"matchedThrough":0,"relocalized":false,"recognized":"اربع · خن","expectedFromAnchor":"أَحْكَامٍ · فَخُذْ · تَبْيِينِي · فَالْأَوَّلُ · الْإِظْهَارُ · قَبْلَ · أَحْرُفِ · لِلْحَلْقِ · سِتٍّ · رُتِّبَتْ · فَلْتَعْرِفِ · هَمْزٌ","nextExpected":"أَحْكَامٍ","alignMistakes":0}
[MutoonRecite] #112 align.result {"source":"mic","isFinal":false,"monotonic":true,"anchor":45,"cursorBefore":45,"cursorAfter":45,"rawMatchedThrough":0,"matchedThrough":0,"relocalized":false,"recognized":"اربع · خمس · خمام","expectedFromAnchor":"أَحْكَامٍ · فَخُذْ · تَبْيِينِي · فَالْأَوَّلُ · الْإِظْهَارُ · قَبْلَ · أَحْرُفِ · لِلْحَلْقِ · سِتٍّ · رُتِّبَتْ · فَلْتَعْرِفِ · هَمْزٌ","nextExpected":"أَحْكَامٍ","alignMistakes":0}
[MutoonRecite] #113 align.result {"source":"mic","isFinal":false,"monotonic":true,"anchor":45,"cursorBefore":45,"cursorAfter":46,"rawMatchedThrough":1,"matchedThrough":1,"relocalized":false,"recognized":"اربع · وخمسه · كام · فاخذت · بي","expectedFromAnchor":"أَحْكَامٍ · فَخُذْ · تَبْيِينِي · فَالْأَوَّلُ · الْإِظْهَارُ · قَبْلَ · أَحْرُفِ · لِلْحَلْقِ · سِتٍّ · رُتِّبَتْ · فَلْتَعْرِفِ · هَمْزٌ","nextExpected":"فَخُذْ","alignMistakes":0}
[MutoonRecite] #114 align.skipAhead {"source":"mic","fromCursor":45,"toCursor":46,"skipped":0}
[MutoonRecite] #115 align.result {"source":"mic","isFinal":true,"monotonic":true,"anchor":46,"cursorBefore":46,"cursorAfter":47,"rawMatchedThrough":1,"matchedThrough":1,"relocalized":false,"recognized":"اربع · وخمسه · كام · فاخذ · ،","expectedFromAnchor":"فَخُذْ · تَبْيِينِي · فَالْأَوَّلُ · الْإِظْهَارُ · قَبْلَ · أَحْرُفِ · لِلْحَلْقِ · سِتٍّ · رُتِّبَتْ · فَلْتَعْرِفِ · هَمْزٌ · فَهَاءٌ","nextExpected":"تَبْيِينِي","alignMistakes":0}
[MutoonRecite] #116 align.skipAhead {"source":"mic","fromCursor":46,"toCursor":47,"skipped":0}
[MutoonRecite] #117 listen.segmentFinal {"wordCursor":47}
[MutoonRecite] #118 align.result {"source":"mic","isFinal":true,"monotonic":true,"anchor":47,"cursorBefore":47,"cursorAfter":48,"rawMatchedThrough":1,"matchedThrough":1,"relocalized":false,"recognized":"تبييني","expectedFromAnchor":"تَبْيِينِي · فَالْأَوَّلُ · الْإِظْهَارُ · قَبْلَ · أَحْرُفِ · لِلْحَلْقِ · سِتٍّ · رُتِّبَتْ · فَلْتَعْرِفِ · هَمْزٌ · فَهَاءٌ · ثُمَّ","nextExpected":"فَالْأَوَّلُ","alignMistakes":0}
[MutoonRecite] #119 align.skipAhead {"source":"mic","fromCursor":47,"toCursor":48,"skipped":0}
[MutoonRecite] #120 listen.segmentFinal {"wordCursor":48}
[MutoonRecite] #121 align.result {"source":"mic","isFinal":false,"monotonic":true,"anchor":48,"cursorBefore":48,"cursorAfter":48,"rawMatchedThrough":0,"matchedThrough":0,"relocalized":false,"recognized":"فالثان · الاس","expectedFromAnchor":"فَالْأَوَّلُ · الْإِظْهَارُ · قَبْلَ · أَحْرُفِ · لِلْحَلْقِ · سِتٍّ · رُتِّبَتْ · فَلْتَعْرِفِ · هَمْزٌ · فَهَاءٌ · ثُمَّ · عَيْنٌ","nextExpected":"فَالْأَوَّلُ","alignMistakes":0}
[MutoonRecite] #122 asr.rebiasRequest {"cursor":51,"count":32}
[MutoonRecite] #123 asr.rebias {"provider":"cloud:deepgram","contextualCount":32,"biasCount":60}
[MutoonRecite] #124 align.result {"source":"mic","isFinal":false,"monotonic":true,"anchor":48,"cursorBefore":48,"cursorAfter":51,"rawMatchedThrough":3,"matchedThrough":3,"relocalized":false,"recognized":"فالثان · الاظهار · قبل","expectedFromAnchor":"فَالْأَوَّلُ · الْإِظْهَارُ · قَبْلَ · أَحْرُفِ · لِلْحَلْقِ · سِتٍّ · رُتِّبَتْ · فَلْتَعْرِفِ · هَمْزٌ · فَهَاءٌ · ثُمَّ · عَيْنٌ","nextExpected":"أَحْرُفِ","alignMistakes":1}
[MutoonRecite] #125 WARN mistake {"kind":"missed","globalWordIndex":48,"expected":"فَالْأَوَّلُ","recognized":null,"lineIndex":12,"wordIndex":0,"partial":true}
[MutoonRecite] #126 align.skipAhead {"source":"mic","fromCursor":48,"toCursor":51,"skipped":0}
[MutoonRecite] #127 asr.cloudOpen {"vendor":"deepgram-nova-3","model":"nova-3","language":"ar","biasCount":60}
[MutoonRecite] #128 align.result {"source":"mic","isFinal":false,"monotonic":true,"anchor":51,"cursorBefore":51,"cursorAfter":51,"rawMatchedThrough":0,"matchedThrough":0,"relocalized":false,"recognized":"فالثان · الاظهار · قبل · احروم","expectedFromAnchor":"أَحْرُفِ · لِلْحَلْقِ · سِتٍّ · رُتِّبَتْ · فَلْتَعْرِفِ · هَمْزٌ · فَهَاءٌ · ثُمَّ · عَيْنٌ · حَاءُ · مُهْمَلَتَانِ · ثُمَّ","nextExpected":"أَحْرُفِ","alignMistakes":0}
[MutoonRecite] #129 align.result {"source":"mic","isFinal":false,"monotonic":true,"anchor":51,"cursorBefore":51,"cursorAfter":51,"rawMatchedThrough":0,"matchedThrough":0,"relocalized":false,"recognized":"لم","expectedFromAnchor":"أَحْرُفِ · لِلْحَلْقِ · سِتٍّ · رُتِّبَتْ · فَلْتَعْرِفِ · هَمْزٌ · فَهَاءٌ · ثُمَّ · عَيْنٌ · حَاءُ · مُهْمَلَتَانِ · ثُمَّ","nextExpected":"أَحْرُفِ","alignMistakes":0}
[MutoonRecite] #130 align.result {"source":"mic","isFinal":false,"monotonic":true,"anchor":51,"cursorBefore":51,"cursorAfter":51,"rawMatchedThrough":0,"matchedThrough":0,"relocalized":false,"recognized":"لمت · خلق · ان","expectedFromAnchor":"أَحْرُفِ · لِلْحَلْقِ · سِتٍّ · رُتِّبَتْ · فَلْتَعْرِفِ · هَمْزٌ · فَهَاءٌ · ثُمَّ · عَيْنٌ · حَاءُ · مُهْمَلَتَانِ · ثُمَّ","nextExpected":"أَحْرُفِ","alignMistakes":0}
[MutoonRecite] #131 align.result {"source":"mic","isFinal":true,"monotonic":true,"anchor":51,"cursorBefore":51,"cursorAfter":51,"rawMatchedThrough":0,"matchedThrough":0,"relocalized":false,"recognized":"لمت · خلق · ان · رد","expectedFromAnchor":"أَحْرُفِ · لِلْحَلْقِ · سِتٍّ · رُتِّبَتْ · فَلْتَعْرِفِ · هَمْزٌ · فَهَاءٌ · ثُمَّ · عَيْنٌ · حَاءُ · مُهْمَلَتَانِ · ثُمَّ","nextExpected":"أَحْرُفِ","alignMistakes":0}
[MutoonRecite] #132 listen.segmentFinal {"wordCursor":51}
[MutoonRecite] #133 align.result {"source":"mic","isFinal":false,"monotonic":true,"anchor":51,"cursorBefore":51,"cursorAfter":51,"rawMatchedThrough":0,"matchedThrough":0,"relocalized":false,"recognized":"بت · فل · تعريفي","expectedFromAnchor":"أَحْرُفِ · لِلْحَلْقِ · سِتٍّ · رُتِّبَتْ · فَلْتَعْرِفِ · هَمْزٌ · فَهَاءٌ · ثُمَّ · عَيْنٌ · حَاءُ · مُهْمَلَتَانِ · ثُمَّ","nextExpected":"أَحْرُفِ","alignMistakes":0}
[MutoonRecite] #134 listen.stuckHint {"idleMs":8499,"wordCursor":51}
[MutoonRecite] #135 align.result {"source":"mic","isFinal":true,"monotonic":true,"anchor":51,"cursorBefore":51,"cursorAfter":51,"rawMatchedThrough":0,"matchedThrough":0,"relocalized":false,"recognized":"بدفل · تعريفي","expectedFromAnchor":"أَحْرُفِ · لِلْحَلْقِ · سِتٍّ · رُتِّبَتْ · فَلْتَعْرِفِ · هَمْزٌ · فَهَاءٌ · ثُمَّ · عَيْنٌ · حَاءُ · مُهْمَلَتَانِ · ثُمَّ","nextExpected":"أَحْرُفِ","alignMistakes":0}
[MutoonRecite] #136 listen.segmentFinal {"wordCursor":51}
[MutoonRecite] #137 align.result {"source":"mic","isFinal":false,"monotonic":true,"anchor":51,"cursorBefore":51,"cursorAfter":51,"rawMatchedThrough":0,"matchedThrough":0,"relocalized":false,"recognized":"همسا · تنفا","expectedFromAnchor":"أَحْرُفِ · لِلْحَلْقِ · سِتٍّ · رُتِّبَتْ · فَلْتَعْرِفِ · هَمْزٌ · فَهَاءٌ · ثُمَّ · عَيْنٌ · حَاءُ · مُهْمَلَتَانِ · ثُمَّ","nextExpected":"أَحْرُفِ","alignMistakes":0}
[MutoonRecite] #138 align.result {"source":"mic","isFinal":false,"monotonic":true,"anchor":51,"cursorBefore":51,"cursorAfter":51,"rawMatchedThrough":0,"matchedThrough":0,"relocalized":false,"recognized":"همسا · تنفاها · للخلق","expectedFromAnchor":"أَحْرُفِ · لِلْحَلْقِ · سِتٍّ · رُتِّبَتْ · فَلْتَعْرِفِ · هَمْزٌ · فَهَاءٌ · ثُمَّ · عَيْنٌ · حَاءُ · مُهْمَلَتَانِ · ثُمَّ","nextExpected":"أَحْرُفِ","alignMistakes":0}
[MutoonRecite] #139 align.result {"source":"mic","isFinal":true,"monotonic":true,"anchor":51,"cursorBefore":51,"cursorAfter":54,"rawMatchedThrough":3,"matchedThrough":3,"relocalized":false,"recognized":"همسا · تنفي · هال · الخنق · ست","expectedFromAnchor":"أَحْرُفِ · لِلْحَلْقِ · سِتٍّ · رُتِّبَتْ · فَلْتَعْرِفِ · هَمْزٌ · فَهَاءٌ · ثُمَّ · عَيْنٌ · حَاءُ · مُهْمَلَتَانِ · ثُمَّ","nextExpected":"رُتِّبَتْ","alignMistakes":2}
[MutoonRecite] #140 cursor.skipAheadMissesIgnored {"source":"mic","isFinal":true,"count":2,"fromCursor":51,"toCursor":54,"expected":"أَحْرُفِ · لِلْحَلْقِ"}
[MutoonRecite] #141 align.skipAhead {"source":"mic","fromCursor":51,"toCursor":54,"skipped":0}
[MutoonRecite] #142 listen.segmentFinal {"wordCursor":54}
[MutoonRecite] #143 align.result {"source":"mic","isFinal":true,"monotonic":true,"anchor":54,"cursorBefore":54,"cursorAfter":54,"rawMatchedThrough":0,"matchedThrough":0,"relocalized":false,"recognized":"ف","expectedFromAnchor":"رُتِّبَتْ · فَلْتَعْرِفِ · هَمْزٌ · فَهَاءٌ · ثُمَّ · عَيْنٌ · حَاءُ · مُهْمَلَتَانِ · ثُمَّ · غَيْنٌ · خَاءُ · وَالثَّانِي","nextExpected":"رُتِّبَتْ","alignMistakes":0}
[MutoonRecite] #144 listen.segmentFinal {"wordCursor":54}
[MutoonRecite] #145 align.result {"source":"mic","isFinal":false,"monotonic":true,"anchor":54,"cursorBefore":54,"cursorAfter":54,"rawMatchedThrough":0,"matchedThrough":0,"relocalized":false,"recognized":"التعريفي","expectedFromAnchor":"رُتِّبَتْ · فَلْتَعْرِفِ · هَمْزٌ · فَهَاءٌ · ثُمَّ · عَيْنٌ · حَاءُ · مُهْمَلَتَانِ · ثُمَّ · غَيْنٌ · خَاءُ · وَالثَّانِي","nextExpected":"رُتِّبَتْ","alignMistakes":0}
[MutoonRecite] #146 align.result {"source":"mic","isFinal":true,"monotonic":true,"anchor":54,"cursorBefore":54,"cursorAfter":54,"rawMatchedThrough":0,"matchedThrough":0,"relocalized":false,"recognized":"التعريفي","expectedFromAnchor":"رُتِّبَتْ · فَلْتَعْرِفِ · هَمْزٌ · فَهَاءٌ · ثُمَّ · عَيْنٌ · حَاءُ · مُهْمَلَتَانِ · ثُمَّ · غَيْنٌ · خَاءُ · وَالثَّانِي","nextExpected":"رُتِّبَتْ","alignMistakes":0}
[MutoonRecite] #147 listen.segmentFinal {"wordCursor":54}
[MutoonRecite] #148 align.result {"source":"mic","isFinal":false,"monotonic":true,"anchor":54,"cursorBefore":54,"cursorAfter":57,"rawMatchedThrough":3,"matchedThrough":3,"relocalized":false,"recognized":"همز · ف","expectedFromAnchor":"رُتِّبَتْ · فَلْتَعْرِفِ · هَمْزٌ · فَهَاءٌ · ثُمَّ · عَيْنٌ · حَاءُ · مُهْمَلَتَانِ · ثُمَّ · غَيْنٌ · خَاءُ · وَالثَّانِي","nextExpected":"فَهَاءٌ","alignMistakes":2}
[MutoonRecite] #149 cursor.skipAheadMissesIgnored {"source":"mic","isFinal":false,"count":2,"fromCursor":54,"toCursor":57,"expected":"رُتِّبَتْ · فَلْتَعْرِفِ"}
[MutoonRecite] #150 align.skipAhead {"source":"mic","fromCursor":54,"toCursor":57,"skipped":0}
[MutoonRecite] #151 align.result {"source":"mic","isFinal":false,"monotonic":true,"anchor":57,"cursorBefore":57,"cursorAfter":59,"rawMatchedThrough":2,"matchedThrough":2,"relocalized":false,"recognized":"همز · فهاء · ثم","expectedFromAnchor":"فَهَاءٌ · ثُمَّ · عَيْنٌ · حَاءُ · مُهْمَلَتَانِ · ثُمَّ · غَيْنٌ · خَاءُ · وَالثَّانِي · إِدْغَامٌ · بِسِتَّةٍ · أَتَتْ","nextExpected":"عَيْنٌ","alignMistakes":0}
[MutoonRecite] #152 align.skipAhead {"source":"mic","fromCursor":57,"toCursor":59,"skipped":0}
[MutoonRecite] #153 align.result {"source":"mic","isFinal":false,"monotonic":true,"anchor":59,"cursorBefore":59,"cursorAfter":60,"rawMatchedThrough":1,"matchedThrough":1,"relocalized":false,"recognized":"همز · فهاء · ثم · عين · هاء","expectedFromAnchor":"عَيْنٌ · حَاءُ · مُهْمَلَتَانِ · ثُمَّ · غَيْنٌ · خَاءُ · وَالثَّانِي · إِدْغَامٌ · بِسِتَّةٍ · أَتَتْ · فِي · يَرْمَلُونَ","nextExpected":"حَاءُ","alignMistakes":0}
[MutoonRecite] #154 align.skipAhead {"source":"mic","fromCursor":59,"toCursor":60,"skipped":0}
[MutoonRecite] #155 asr.rebiasRequest {"cursor":63,"count":32}
[MutoonRecite] #156 asr.rebias {"provider":"cloud:deepgram","contextualCount":32,"biasCount":60}
[MutoonRecite] #157 align.result {"source":"mic","isFinal":true,"monotonic":true,"anchor":60,"cursorBefore":60,"cursorAfter":63,"rawMatchedThrough":3,"matchedThrough":3,"relocalized":false,"recognized":"همز · فهاء · ثم · عين · هاء","expectedFromAnchor":"حَاءُ · مُهْمَلَتَانِ · ثُمَّ · غَيْنٌ · خَاءُ · وَالثَّانِي · إِدْغَامٌ · بِسِتَّةٍ · أَتَتْ · فِي · يَرْمَلُونَ · عِنْدَهُمْ","nextExpected":"غَيْنٌ","alignMistakes":2}
[MutoonRecite] #158 cursor.skipAheadMissesIgnored {"source":"mic","isFinal":true,"count":2,"fromCursor":60,"toCursor":63,"expected":"حَاءُ · مُهْمَلَتَانِ"}
[MutoonRecite] #159 align.skipAhead {"source":"mic","fromCursor":60,"toCursor":63,"skipped":0}
[MutoonRecite] #160 listen.segmentFinal {"wordCursor":63}
[MutoonRecite] #161 asr.cloudOpen {"vendor":"deepgram-nova-3","model":"nova-3","language":"ar","biasCount":60}
[MutoonRecite] #162 align.result {"source":"mic","isFinal":false,"monotonic":true,"anchor":63,"cursorBefore":63,"cursorAfter":63,"rawMatchedThrough":0,"matchedThrough":0,"relocalized":false,"recognized":"ثم","expectedFromAnchor":"غَيْنٌ · خَاءُ · وَالثَّانِي · إِدْغَامٌ · بِسِتَّةٍ · أَتَتْ · فِي · يَرْمَلُونَ · عِنْدَهُمْ · قَدْ · ثَبَتَتْ · لَكِنَّهَا","nextExpected":"غَيْنٌ","alignMistakes":0}
[MutoonRecite] #163 align.result {"source":"mic","isFinal":false,"monotonic":true,"anchor":63,"cursorBefore":63,"cursorAfter":64,"rawMatchedThrough":1,"matchedThrough":1,"relocalized":false,"recognized":"ثم · غين · خين","expectedFromAnchor":"غَيْنٌ · خَاءُ · وَالثَّانِي · إِدْغَامٌ · بِسِتَّةٍ · أَتَتْ · فِي · يَرْمَلُونَ · عِنْدَهُمْ · قَدْ · ثَبَتَتْ · لَكِنَّهَا","nextExpected":"خَاءُ","alignMistakes":0}
[MutoonRecite] #164 align.skipAhead {"source":"mic","fromCursor":63,"toCursor":64,"skipped":0}
[MutoonRecite] #165 align.result {"source":"mic","isFinal":false,"monotonic":true,"anchor":64,"cursorBefore":64,"cursorAfter":65,"rawMatchedThrough":1,"matchedThrough":1,"relocalized":false,"recognized":"ثم · غين · خاء","expectedFromAnchor":"خَاءُ · وَالثَّانِي · إِدْغَامٌ · بِسِتَّةٍ · أَتَتْ · فِي · يَرْمَلُونَ · عِنْدَهُمْ · قَدْ · ثَبَتَتْ · لَكِنَّهَا · قِسْمَانِ","nextExpected":"وَالثَّانِي","alignMistakes":0}
[MutoonRecite] #166 align.skipAhead {"source":"mic","fromCursor":64,"toCursor":65,"skipped":0}
[MutoonRecite] #167 align.result {"source":"mic","isFinal":true,"monotonic":true,"anchor":65,"cursorBefore":65,"cursorAfter":65,"rawMatchedThrough":0,"matchedThrough":0,"relocalized":false,"recognized":"ثم · غين · خاء","expectedFromAnchor":"وَالثَّانِي · إِدْغَامٌ · بِسِتَّةٍ · أَتَتْ · فِي · يَرْمَلُونَ · عِنْدَهُمْ · قَدْ · ثَبَتَتْ · لَكِنَّهَا · قِسْمَانِ · قِسْمٌ","nextExpected":"وَالثَّانِي","alignMistakes":0}
[MutoonRecite] #168 listen.segmentFinal {"wordCursor":65}
[MutoonRecite] #169 align.result {"source":"mic","isFinal":false,"monotonic":true,"anchor":65,"cursorBefore":65,"cursorAfter":65,"rawMatchedThrough":0,"matchedThrough":0,"relocalized":false,"recognized":"والثالث","expectedFromAnchor":"وَالثَّانِي · إِدْغَامٌ · بِسِتَّةٍ · أَتَتْ · فِي · يَرْمَلُونَ · عِنْدَهُمْ · قَدْ · ثَبَتَتْ · لَكِنَّهَا · قِسْمَانِ · قِسْمٌ","nextExpected":"وَالثَّانِي","alignMistakes":0}
[MutoonRecite] #170 align.result {"source":"mic","isFinal":false,"monotonic":true,"anchor":65,"cursorBefore":65,"cursorAfter":67,"rawMatchedThrough":2,"matchedThrough":2,"relocalized":false,"recognized":"والثالث · ادغام","expectedFromAnchor":"وَالثَّانِي · إِدْغَامٌ · بِسِتَّةٍ · أَتَتْ · فِي · يَرْمَلُونَ · عِنْدَهُمْ · قَدْ · ثَبَتَتْ · لَكِنَّهَا · قِسْمَانِ · قِسْمٌ","nextExpected":"بِسِتَّةٍ","alignMistakes":1}
[MutoonRecite] #171 WARN mistake {"kind":"missed","globalWordIndex":65,"expected":"وَالثَّانِي","recognized":null,"lineIndex":16,"wordIndex":0,"partial":true}
[MutoonRecite] #172 align.skipAhead {"source":"mic","fromCursor":65,"toCursor":67,"skipped":0}
[MutoonRecite] #173 align.result {"source":"mic","isFinal":true,"monotonic":true,"anchor":67,"cursorBefore":67,"cursorAfter":67,"rawMatchedThrough":0,"matchedThrough":0,"relocalized":false,"recognized":"الثالث · ادغام · بي","expectedFromAnchor":"بِسِتَّةٍ · أَتَتْ · فِي · يَرْمَلُونَ · عِنْدَهُمْ · قَدْ · ثَبَتَتْ · لَكِنَّهَا · قِسْمَانِ · قِسْمٌ · يُدْغَمَا · فِيهِ","nextExpected":"بِسِتَّةٍ","alignMistakes":0}
[MutoonRecite] #174 listen.segmentFinal {"wordCursor":67}
[MutoonRecite] #175 align.result {"source":"mic","isFinal":true,"monotonic":true,"anchor":67,"cursorBefore":67,"cursorAfter":68,"rawMatchedThrough":1,"matchedThrough":1,"relocalized":false,"recognized":"بستات","expectedFromAnchor":"بِسِتَّةٍ · أَتَتْ · فِي · يَرْمَلُونَ · عِنْدَهُمْ · قَدْ · ثَبَتَتْ · لَكِنَّهَا · قِسْمَانِ · قِسْمٌ · يُدْغَمَا · فِيهِ","nextExpected":"أَتَتْ","alignMistakes":0}
[MutoonRecite] #176 align.skipAhead {"source":"mic","fromCursor":67,"toCursor":68,"skipped":0}
[MutoonRecite] #177 listen.segmentFinal {"wordCursor":68}
[MutoonRecite] #178 align.result {"source":"mic","isFinal":true,"monotonic":true,"anchor":68,"cursorBefore":68,"cursorAfter":69,"rawMatchedThrough":1,"matchedThrough":1,"relocalized":false,"recognized":"اتت","expectedFromAnchor":"أَتَتْ · فِي · يَرْمَلُونَ · عِنْدَهُمْ · قَدْ · ثَبَتَتْ · لَكِنَّهَا · قِسْمَانِ · قِسْمٌ · يُدْغَمَا · فِيهِ · بِغُنَّةٍ","nextExpected":"فِي","alignMistakes":0}
[MutoonRecite] #179 align.skipAhead {"source":"mic","fromCursor":68,"toCursor":69,"skipped":0}
[MutoonRecite] #180 listen.segmentFinal {"wordCursor":69}
[MutoonRecite] #181 align.result {"source":"mic","isFinal":false,"monotonic":true,"anchor":69,"cursorBefore":69,"cursorAfter":70,"rawMatchedThrough":1,"matchedThrough":1,"relocalized":false,"recognized":"في · يرم","expectedFromAnchor":"فِي · يَرْمَلُونَ · عِنْدَهُمْ · قَدْ · ثَبَتَتْ · لَكِنَّهَا · قِسْمَانِ · قِسْمٌ · يُدْغَمَا · فِيهِ · بِغُنَّةٍ · بِيَنْمُو","nextExpected":"يَرْمَلُونَ","alignMistakes":0}
[MutoonRecite] #182 align.skipAhead {"source":"mic","fromCursor":69,"toCursor":70,"skipped":0}
[MutoonRecite] #183 align.result {"source":"mic","isFinal":false,"monotonic":true,"anchor":70,"cursorBefore":70,"cursorAfter":72,"rawMatchedThrough":2,"matchedThrough":2,"relocalized":false,"recognized":"في · يرملون · عند","expectedFromAnchor":"يَرْمَلُونَ · عِنْدَهُمْ · قَدْ · ثَبَتَتْ · لَكِنَّهَا · قِسْمَانِ · قِسْمٌ · يُدْغَمَا · فِيهِ · بِغُنَّةٍ · بِيَنْمُو · عُلِمَا","nextExpected":"قَدْ","alignMistakes":0}
[MutoonRecite] #184 align.skipAhead {"source":"mic","fromCursor":70,"toCursor":72,"skipped":0}
[MutoonRecite] #185 align.result {"source":"mic","isFinal":false,"monotonic":true,"anchor":72,"cursorBefore":72,"cursorAfter":73,"rawMatchedThrough":1,"matchedThrough":1,"relocalized":false,"recognized":"في · يرملون · عنداهم · قد","expectedFromAnchor":"قَدْ · ثَبَتَتْ · لَكِنَّهَا · قِسْمَانِ · قِسْمٌ · يُدْغَمَا · فِيهِ · بِغُنَّةٍ · بِيَنْمُو · عُلِمَا · إِلَّا · إِذَا","nextExpected":"ثَبَتَتْ","alignMistakes":0}
[MutoonRecite] #186 align.skipAhead {"source":"mic","fromCursor":72,"toCursor":73,"skipped":0}
[MutoonRecite] #187 align.result {"source":"mic","isFinal":false,"monotonic":true,"anchor":73,"cursorBefore":73,"cursorAfter":74,"rawMatchedThrough":1,"matchedThrough":1,"relocalized":false,"recognized":"في · يرملون · عنداهم · قد · ثبتت","expectedFromAnchor":"ثَبَتَتْ · لَكِنَّهَا · قِسْمَانِ · قِسْمٌ · يُدْغَمَا · فِيهِ · بِغُنَّةٍ · بِيَنْمُو · عُلِمَا · إِلَّا · إِذَا · كَانَا","nextExpected":"لَكِنَّهَا","alignMistakes":0}
[MutoonRecite] #188 align.skipAhead {"source":"mic","fromCursor":73,"toCursor":74,"skipped":0}
[MutoonRecite] #189 align.result {"source":"mic","isFinal":true,"monotonic":true,"anchor":74,"cursorBefore":74,"cursorAfter":74,"rawMatchedThrough":0,"matchedThrough":0,"relocalized":false,"recognized":"في · يرملون · عنداهم · قد · ثبتت","expectedFromAnchor":"لَكِنَّهَا · قِسْمَانِ · قِسْمٌ · يُدْغَمَا · فِيهِ · بِغُنَّةٍ · بِيَنْمُو · عُلِمَا · إِلَّا · إِذَا · كَانَا · بِكَلِمَةٍ","nextExpected":"لَكِنَّهَا","alignMistakes":0}
[MutoonRecite] #190 listen.segmentFinal {"wordCursor":74}
[MutoonRecite] #191 asr.rebiasRequest {"cursor":75,"count":32}
[MutoonRecite] #192 asr.rebias {"provider":"cloud:deepgram","contextualCount":32,"biasCount":60}
[MutoonRecite] #193 align.result {"source":"mic","isFinal":false,"monotonic":true,"anchor":74,"cursorBefore":74,"cursorAfter":75,"rawMatchedThrough":1,"matchedThrough":1,"relocalized":false,"recognized":"لكنها · هذا","expectedFromAnchor":"لَكِنَّهَا · قِسْمَانِ · قِسْمٌ · يُدْغَمَا · فِيهِ · بِغُنَّةٍ · بِيَنْمُو · عُلِمَا · إِلَّا · إِذَا · كَانَا · بِكَلِمَةٍ","nextExpected":"قِسْمَانِ","alignMistakes":0}
[MutoonRecite] #194 align.skipAhead {"source":"mic","fromCursor":74,"toCursor":75,"skipped":0}
[MutoonRecite] #195 asr.cloudOpen {"vendor":"deepgram-nova-3","model":"nova-3","language":"ar","biasCount":60}
[MutoonRecite] #196 align.result {"source":"mic","isFinal":false,"monotonic":true,"anchor":75,"cursorBefore":75,"cursorAfter":78,"rawMatchedThrough":3,"matchedThrough":3,"relocalized":false,"recognized":"لكنها · قسم · يدغم","expectedFromAnchor":"قِسْمَانِ · قِسْمٌ · يُدْغَمَا · فِيهِ · بِغُنَّةٍ · بِيَنْمُو · عُلِمَا · إِلَّا · إِذَا · كَانَا · بِكَلِمَةٍ · فَلَا","nextExpected":"فِيهِ","alignMistakes":1}
[MutoonRecite] #197 WARN mistake {"kind":"missed","globalWordIndex":76,"expected":"قِسْمٌ","recognized":null,"lineIndex":18,"wordIndex":2,"partial":true}
[MutoonRecite] #198 align.skipAhead {"source":"mic","fromCursor":75,"toCursor":78,"skipped":0}
[MutoonRecite] #199 align.result {"source":"mic","isFinal":true,"monotonic":true,"anchor":78,"cursorBefore":78,"cursorAfter":78,"rawMatchedThrough":0,"matchedThrough":0,"relocalized":false,"recognized":"قام · قام · قام","expectedFromAnchor":"فِيهِ · بِغُنَّةٍ · بِيَنْمُو · عُلِمَا · إِلَّا · إِذَا · كَانَا · بِكَلِمَةٍ · فَلَا · تُدْغِمْ · كَدُنْيَا · ثُمَّ","nextExpected":"فِيهِ","alignMistakes":0}
[MutoonRecite] #200 listen.segmentFinal {"wordCursor":78}
[MutoonRecite] #201 align.result {"source":"mic","isFinal":false,"monotonic":true,"anchor":78,"cursorBefore":78,"cursorAfter":79,"rawMatchedThrough":1,"matchedThrough":1,"relocalized":false,"recognized":"فيه · بي","expectedFromAnchor":"فِيهِ · بِغُنَّةٍ · بِيَنْمُو · عُلِمَا · إِلَّا · إِذَا · كَانَا · بِكَلِمَةٍ · فَلَا · تُدْغِمْ · كَدُنْيَا · ثُمَّ","nextExpected":"بِغُنَّةٍ","alignMistakes":0}
[MutoonRecite] #202 align.skipAhead {"source":"mic","fromCursor":78,"toCursor":79,"skipped":0}
[MutoonRecite] #203 align.result {"source":"mic","isFinal":false,"monotonic":true,"anchor":79,"cursorBefore":79,"cursorAfter":80,"rawMatchedThrough":1,"matchedThrough":1,"relocalized":false,"recognized":"فيه · بغنه","expectedFromAnchor":"بِغُنَّةٍ · بِيَنْمُو · عُلِمَا · إِلَّا · إِذَا · كَانَا · بِكَلِمَةٍ · فَلَا · تُدْغِمْ · كَدُنْيَا · ثُمَّ · صِنْوَانٍ","nextExpected":"بِيَنْمُو","alignMistakes":0}
[MutoonRecite] #204 align.skipAhead {"source":"mic","fromCursor":79,"toCursor":80,"skipped":0}
[MutoonRecite] #205 align.result {"source":"mic","isFinal":false,"monotonic":true,"anchor":80,"cursorBefore":80,"cursorAfter":81,"rawMatchedThrough":1,"matchedThrough":1,"relocalized":false,"recognized":"فيه · بيغنه · بينموع","expectedFromAnchor":"بِيَنْمُو · عُلِمَا · إِلَّا · إِذَا · كَانَا · بِكَلِمَةٍ · فَلَا · تُدْغِمْ · كَدُنْيَا · ثُمَّ · صِنْوَانٍ · تَلَا","nextExpected":"عُلِمَا","alignMistakes":0}
[MutoonRecite] #206 align.skipAhead {"source":"mic","fromCursor":80,"toCursor":81,"skipped":0}
[MutoonRecite] #207 align.result {"source":"mic","isFinal":true,"monotonic":true,"anchor":81,"cursorBefore":81,"cursorAfter":81,"rawMatchedThrough":0,"matchedThrough":0,"relocalized":false,"recognized":"فيه · بغنه · بينموع · ليم","expectedFromAnchor":"عُلِمَا · إِلَّا · إِذَا · كَانَا · بِكَلِمَةٍ · فَلَا · تُدْغِمْ · كَدُنْيَا · ثُمَّ · صِنْوَانٍ · تَلَا · وَالثَّانِي","nextExpected":"عُلِمَا","alignMistakes":0}
[MutoonRecite] #208 listen.segmentFinal {"wordCursor":81}
[MutoonRecite] #209 align.result {"source":"mic","isFinal":false,"monotonic":true,"anchor":81,"cursorBefore":81,"cursorAfter":85,"rawMatchedThrough":4,"matchedThrough":4,"relocalized":false,"recognized":"اذا · كان","expectedFromAnchor":"عُلِمَا · إِلَّا · إِذَا · كَانَا · بِكَلِمَةٍ · فَلَا · تُدْغِمْ · كَدُنْيَا · ثُمَّ · صِنْوَانٍ · تَلَا · وَالثَّانِي","nextExpected":"بِكَلِمَةٍ","alignMistakes":2}
[MutoonRecite] #210 cursor.skipAheadMissesIgnored {"source":"mic","isFinal":false,"count":2,"fromCursor":81,"toCursor":85,"expected":"عُلِمَا · إِلَّا"}
[MutoonRecite] #211 align.skipAhead {"source":"mic","fromCursor":81,"toCursor":85,"skipped":0}
[MutoonRecite] #212 align.result {"source":"mic","isFinal":false,"monotonic":true,"anchor":85,"cursorBefore":85,"cursorAfter":85,"rawMatchedThrough":0,"matchedThrough":0,"relocalized":false,"recognized":"اذا · كانا · بيحرف","expectedFromAnchor":"بِكَلِمَةٍ · فَلَا · تُدْغِمْ · كَدُنْيَا · ثُمَّ · صِنْوَانٍ · تَلَا · وَالثَّانِي · إِدْغَامٌ · بِغَيْرِ · غُنَّةْ · فِي","nextExpected":"بِكَلِمَةٍ","alignMistakes":0}
[MutoonRecite] #213 asr.rebiasRequest {"cursor":87,"count":32}
[MutoonRecite] #214 asr.rebias {"provider":"cloud:deepgram","contextualCount":32,"biasCount":59}
[MutoonRecite] #215 align.result {"source":"mic","isFinal":false,"monotonic":true,"anchor":85,"cursorBefore":85,"cursorAfter":87,"rawMatchedThrough":2,"matchedThrough":2,"relocalized":false,"recognized":"اذا · كانا · بحرف · فلا","expectedFromAnchor":"بِكَلِمَةٍ · فَلَا · تُدْغِمْ · كَدُنْيَا · ثُمَّ · صِنْوَانٍ · تَلَا · وَالثَّانِي · إِدْغَامٌ · بِغَيْرِ · غُنَّةْ · فِي","nextExpected":"تُدْغِمْ","alignMistakes":1}
[MutoonRecite] #216 WARN mistake {"kind":"missed","globalWordIndex":85,"expected":"بِكَلِمَةٍ","recognized":null,"lineIndex":20,"wordIndex":3,"partial":true}
[MutoonRecite] #217 align.skipAhead {"source":"mic","fromCursor":85,"toCursor":87,"skipped":0}
[MutoonRecite] #218 asr.cloudOpen {"vendor":"deepgram-nova-3","model":"nova-3","language":"ar","biasCount":59}
[MutoonRecite] #219 align.result {"source":"mic","isFinal":true,"monotonic":true,"anchor":87,"cursorBefore":87,"cursorAfter":87,"rawMatchedThrough":0,"matchedThrough":0,"relocalized":false,"recognized":"اذا · كانا · بحرف · فلا","expectedFromAnchor":"تُدْغِمْ · كَدُنْيَا · ثُمَّ · صِنْوَانٍ · تَلَا · وَالثَّانِي · إِدْغَامٌ · بِغَيْرِ · غُنَّةْ · فِي · لَامٍ · وَرَاءٍ","nextExpected":"تُدْغِمْ","alignMistakes":0}
[MutoonRecite] #220 listen.segmentFinal {"wordCursor":87}
[MutoonRecite] #221 align.result {"source":"mic","isFinal":false,"monotonic":true,"anchor":87,"cursorBefore":87,"cursorAfter":89,"rawMatchedThrough":2,"matchedThrough":2,"relocalized":false,"recognized":"تدغم · كدن","expectedFromAnchor":"تُدْغِمْ · كَدُنْيَا · ثُمَّ · صِنْوَانٍ · تَلَا · وَالثَّانِي · إِدْغَامٌ · بِغَيْرِ · غُنَّةْ · فِي · لَامٍ · وَرَاءٍ","nextExpected":"ثُمَّ","alignMistakes":0}
[MutoonRecite] #222 align.skipAhead {"source":"mic","fromCursor":87,"toCursor":89,"skipped":0}
[MutoonRecite] #223 align.result {"source":"mic","isFinal":false,"monotonic":true,"anchor":89,"cursorBefore":89,"cursorAfter":90,"rawMatchedThrough":1,"matchedThrough":1,"relocalized":false,"recognized":"تدغم · كالدنيا · ثم","expectedFromAnchor":"ثُمَّ · صِنْوَانٍ · تَلَا · وَالثَّانِي · إِدْغَامٌ · بِغَيْرِ · غُنَّةْ · فِي · لَامٍ · وَرَاءٍ · ثُمَّ · كَرَّرَنَّهْ","nextExpected":"صِنْوَانٍ","alignMistakes":0}
[MutoonRecite] #224 align.skipAhead {"source":"mic","fromCursor":89,"toCursor":90,"skipped":0}
[MutoonRecite] #225 align.result {"source":"mic","isFinal":true,"monotonic":true,"anchor":90,"cursorBefore":90,"cursorAfter":90,"rawMatchedThrough":0,"matchedThrough":0,"relocalized":false,"recognized":"تدغم · كالدنيا · ثم","expectedFromAnchor":"صِنْوَانٍ · تَلَا · وَالثَّانِي · إِدْغَامٌ · بِغَيْرِ · غُنَّةْ · فِي · لَامٍ · وَرَاءٍ · ثُمَّ · كَرَّرَنَّهْ · وَالثَّالِثُ","nextExpected":"صِنْوَانٍ","alignMistakes":0}
[MutoonRecite] #226 listen.segmentFinal {"wordCursor":90}
[MutoonRecite] #227 align.result {"source":"mic","isFinal":true,"monotonic":true,"anchor":90,"cursorBefore":90,"cursorAfter":92,"rawMatchedThrough":2,"matchedThrough":2,"relocalized":false,"recognized":"دنيا · تلا","expectedFromAnchor":"صِنْوَانٍ · تَلَا · وَالثَّانِي · إِدْغَامٌ · بِغَيْرِ · غُنَّةْ · فِي · لَامٍ · وَرَاءٍ · ثُمَّ · كَرَّرَنَّهْ · وَالثَّالِثُ","nextExpected":"وَالثَّانِي","alignMistakes":1}
[MutoonRecite] #228 WARN mistake {"kind":"missed","globalWordIndex":90,"expected":"صِنْوَانٍ","recognized":null,"lineIndex":21,"wordIndex":3,"partial":false}
[MutoonRecite] #229 align.skipAhead {"source":"mic","fromCursor":90,"toCursor":92,"skipped":0}
[MutoonRecite] #230 listen.segmentFinal {"wordCursor":92}
[MutoonRecite] #231 align.result {"source":"mic","isFinal":false,"monotonic":true,"anchor":92,"cursorBefore":92,"cursorAfter":93,"rawMatchedThrough":1,"matchedThrough":1,"relocalized":false,"recognized":"والثاني","expectedFromAnchor":"وَالثَّانِي · إِدْغَامٌ · بِغَيْرِ · غُنَّةْ · فِي · لَامٍ · وَرَاءٍ · ثُمَّ · كَرَّرَنَّهْ · وَالثَّالِثُ · الْإِقْلَابُ · عِنْدَ","nextExpected":"إِدْغَامٌ","alignMistakes":0}
[MutoonRecite] #232 align.skipAhead {"source":"mic","fromCursor":92,"toCursor":93,"skipped":0}
[MutoonRecite] #233 align.result {"source":"mic","isFinal":false,"monotonic":true,"anchor":93,"cursorBefore":93,"cursorAfter":93,"rawMatchedThrough":0,"matchedThrough":0,"relocalized":false,"recognized":"والثاني · اضغام","expectedFromAnchor":"إِدْغَامٌ · بِغَيْرِ · غُنَّةْ · فِي · لَامٍ · وَرَاءٍ · ثُمَّ · كَرَّرَنَّهْ · وَالثَّالِثُ · الْإِقْلَابُ · عِنْدَ · الْبَاءِ","nextExpected":"إِدْغَامٌ","alignMistakes":0}
[MutoonRecite] #234 align.result {"source":"mic","isFinal":true,"monotonic":true,"anchor":93,"cursorBefore":93,"cursorAfter":94,"rawMatchedThrough":1,"matchedThrough":1,"relocalized":false,"recognized":"والثاني · ادغام · بي","expectedFromAnchor":"إِدْغَامٌ · بِغَيْرِ · غُنَّةْ · فِي · لَامٍ · وَرَاءٍ · ثُمَّ · كَرَّرَنَّهْ · وَالثَّالِثُ · الْإِقْلَابُ · عِنْدَ · الْبَاءِ","nextExpected":"بِغَيْرِ","alignMistakes":0}
[MutoonRecite] #235 align.skipAhead {"source":"mic","fromCursor":93,"toCursor":94,"skipped":0}
[MutoonRecite] #236 listen.segmentFinal {"wordCursor":94}
[MutoonRecite] #237 align.result {"source":"mic","isFinal":false,"monotonic":true,"anchor":94,"cursorBefore":94,"cursorAfter":98,"rawMatchedThrough":4,"matchedThrough":4,"relocalized":false,"recognized":"في · اللامي","expectedFromAnchor":"بِغَيْرِ · غُنَّةْ · فِي · لَامٍ · وَرَاءٍ · ثُمَّ · كَرَّرَنَّهْ · وَالثَّالِثُ · الْإِقْلَابُ · عِنْدَ · الْبَاءِ · مِيمًا","nextExpected":"وَرَاءٍ","alignMistakes":2}
[MutoonRecite] #238 cursor.skipAheadMissesIgnored {"source":"mic","isFinal":false,"count":2,"fromCursor":94,"toCursor":98,"expected":"بِغَيْرِ · غُنَّةْ"}
[MutoonRecite] #239 align.skipAhead {"source":"mic","fromCursor":94,"toCursor":98,"skipped":0}
[MutoonRecite] #240 align.result {"source":"mic","isFinal":false,"monotonic":true,"anchor":98,"cursorBefore":98,"cursorAfter":98,"rawMatchedThrough":0,"matchedThrough":0,"relocalized":false,"recognized":"في · اللامي · والراثما · كذر","expectedFromAnchor":"وَرَاءٍ · ثُمَّ · كَرَّرَنَّهْ · وَالثَّالِثُ · الْإِقْلَابُ · عِنْدَ · الْبَاءِ · مِيمًا · بِغُنَّةٍ · مَعَ · الْإِخْفَاءِ · وَالرَّابِعُ","nextExpected":"وَرَاءٍ","alignMistakes":0}
[MutoonRecite] #241 align.result {"source":"mic","isFinal":true,"monotonic":true,"anchor":98,"cursorBefore":98,"cursorAfter":98,"rawMatchedThrough":0,"matchedThrough":0,"relocalized":false,"recognized":"في · اللامي · والراثما · كذرنه","expectedFromAnchor":"وَرَاءٍ · ثُمَّ · كَرَّرَنَّهْ · وَالثَّالِثُ · الْإِقْلَابُ · عِنْدَ · الْبَاءِ · مِيمًا · بِغُنَّةٍ · مَعَ · الْإِخْفَاءِ · وَالرَّابِعُ","nextExpected":"وَرَاءٍ","alignMistakes":0}
[MutoonRecite] #242 listen.segmentFinal {"wordCursor":98}
[MutoonRecite] #243 asr.rebiasRequest {"cursor":102,"count":32}
[MutoonRecite] #244 asr.rebias {"provider":"cloud:deepgram","contextualCount":32,"biasCount":60}
[MutoonRecite] #245 align.result {"source":"mic","isFinal":false,"monotonic":true,"anchor":98,"cursorBefore":98,"cursorAfter":102,"rawMatchedThrough":4,"matchedThrough":4,"relocalized":false,"recognized":"الثالث · الاقليم","expectedFromAnchor":"وَرَاءٍ · ثُمَّ · كَرَّرَنَّهْ · وَالثَّالِثُ · الْإِقْلَابُ · عِنْدَ · الْبَاءِ · مِيمًا · بِغُنَّةٍ · مَعَ · الْإِخْفَاءِ · وَالرَّابِعُ","nextExpected":"الْإِقْلَابُ","alignMistakes":3}
[MutoonRecite] #246 cursor.skipAheadMissesIgnored {"source":"mic","isFinal":false,"count":3,"fromCursor":98,"toCursor":102,"expected":"وَرَاءٍ · ثُمَّ · كَرَّرَنَّهْ"}
[MutoonRecite] #247 align.skipAhead {"source":"mic","fromCursor":98,"toCursor":102,"skipped":0}
[MutoonRecite] #248 asr.cloudOpen {"vendor":"deepgram-nova-3","model":"nova-3","language":"ar","biasCount":60}
[MutoonRecite] #249 align.result {"source":"mic","isFinal":false,"monotonic":true,"anchor":102,"cursorBefore":102,"cursorAfter":104,"rawMatchedThrough":2,"matchedThrough":2,"relocalized":false,"recognized":"الثالث · اقلاب · عند","expectedFromAnchor":"الْإِقْلَابُ · عِنْدَ · الْبَاءِ · مِيمًا · بِغُنَّةٍ · مَعَ · الْإِخْفَاءِ · وَالرَّابِعُ · الْإِخْفَاءُ · عِنْدَ · الْفَاضِلِ · مِنَ","nextExpected":"الْبَاءِ","alignMistakes":0}
[MutoonRecite] #250 align.skipAhead {"source":"mic","fromCursor":102,"toCursor":104,"skipped":0}
[MutoonRecite] #251 align.result {"source":"mic","isFinal":false,"monotonic":true,"anchor":104,"cursorBefore":104,"cursorAfter":104,"rawMatchedThrough":0,"matchedThrough":0,"relocalized":false,"recognized":"بباقي","expectedFromAnchor":"الْبَاءِ · مِيمًا · بِغُنَّةٍ · مَعَ · الْإِخْفَاءِ · وَالرَّابِعُ · الْإِخْفَاءُ · عِنْدَ · الْفَاضِلِ · مِنَ · الْحُرُوفِ · وَاجِبٌ","nextExpected":"الْبَاءِ","alignMistakes":0}
[MutoonRecite] #252 align.result {"source":"mic","isFinal":true,"monotonic":true,"anchor":104,"cursorBefore":104,"cursorAfter":104,"rawMatchedThrough":0,"matchedThrough":0,"relocalized":false,"recognized":"بي · بي · بي","expectedFromAnchor":"الْبَاءِ · مِيمًا · بِغُنَّةٍ · مَعَ · الْإِخْفَاءِ · وَالرَّابِعُ · الْإِخْفَاءُ · عِنْدَ · الْفَاضِلِ · مِنَ · الْحُرُوفِ · وَاجِبٌ","nextExpected":"الْبَاءِ","alignMistakes":0}
[MutoonRecite] #253 listen.segmentFinal {"wordCursor":104}
[MutoonRecite] #254 align.result {"source":"mic","isFinal":false,"monotonic":true,"anchor":104,"cursorBefore":104,"cursorAfter":107,"rawMatchedThrough":3,"matchedThrough":3,"relocalized":false,"recognized":"ميما · بغن","expectedFromAnchor":"الْبَاءِ · مِيمًا · بِغُنَّةٍ · مَعَ · الْإِخْفَاءِ · وَالرَّابِعُ · الْإِخْفَاءُ · عِنْدَ · الْفَاضِلِ · مِنَ · الْحُرُوفِ · وَاجِبٌ","nextExpected":"مَعَ","alignMistakes":1}
[MutoonRecite] #255 WARN mistake {"kind":"missed","globalWordIndex":104,"expected":"الْبَاءِ","recognized":null,"lineIndex":24,"wordIndex":3,"partial":true}
[MutoonRecite] #256 align.skipAhead {"source":"mic","fromCursor":104,"toCursor":107,"skipped":0}
[MutoonRecite] #257 align.result {"source":"mic","isFinal":false,"monotonic":true,"anchor":107,"cursorBefore":107,"cursorAfter":107,"rawMatchedThrough":0,"matchedThrough":0,"relocalized":false,"recognized":"ميما · بغنات · ما","expectedFromAnchor":"مَعَ · الْإِخْفَاءِ · وَالرَّابِعُ · الْإِخْفَاءُ · عِنْدَ · الْفَاضِلِ · مِنَ · الْحُرُوفِ · وَاجِبٌ · لِلْفَاضِلِ · فِي · خَمْسَةٍ","nextExpected":"مَعَ","alignMistakes":0}
[MutoonRecite] #258 align.result {"source":"mic","isFinal":false,"monotonic":true,"anchor":107,"cursorBefore":107,"cursorAfter":109,"rawMatchedThrough":2,"matchedThrough":2,"relocalized":false,"recognized":"ميما · بغنات · مع · الاخفاء","expectedFromAnchor":"مَعَ · الْإِخْفَاءِ · وَالرَّابِعُ · الْإِخْفَاءُ · عِنْدَ · الْفَاضِلِ · مِنَ · الْحُرُوفِ · وَاجِبٌ · لِلْفَاضِلِ · فِي · خَمْسَةٍ","nextExpected":"وَالرَّابِعُ","alignMistakes":0}
[MutoonRecite] #259 align.skipAhead {"source":"mic","fromCursor":107,"toCursor":109,"skipped":0}
[MutoonRecite] #260 align.result {"source":"mic","isFinal":false,"monotonic":true,"anchor":109,"cursorBefore":109,"cursorAfter":111,"rawMatchedThrough":2,"matchedThrough":2,"relocalized":false,"recognized":"ميما · بغنات · مع · الاخفاء","expectedFromAnchor":"وَالرَّابِعُ · الْإِخْفَاءُ · عِنْدَ · الْفَاضِلِ · مِنَ · الْحُرُوفِ · وَاجِبٌ · لِلْفَاضِلِ · فِي · خَمْسَةٍ · مِنْ · بَعْدِ","nextExpected":"عِنْدَ","alignMistakes":1}
[MutoonRecite] #261 WARN mistake {"kind":"missed","globalWordIndex":109,"expected":"وَالرَّابِعُ","recognized":null,"lineIndex":26,"wordIndex":0,"partial":true}
[MutoonRecite] #262 align.skipAhead {"source":"mic","fromCursor":109,"toCursor":111,"skipped":0}
[MutoonRecite] #263 align.result {"source":"mic","isFinal":true,"monotonic":true,"anchor":111,"cursorBefore":111,"cursorAfter":111,"rawMatchedThrough":0,"matchedThrough":0,"relocalized":false,"recognized":"ميما · بغنات · مع · الاخفاء","expectedFromAnchor":"عِنْدَ · الْفَاضِلِ · مِنَ · الْحُرُوفِ · وَاجِبٌ · لِلْفَاضِلِ · فِي · خَمْسَةٍ · مِنْ · بَعْدِ · عَشْرٍ · رَمْزُهَا","nextExpected":"عِنْدَ","alignMistakes":0}
[MutoonRecite] #264 listen.segmentFinal {"wordCursor":111}
[MutoonRecite] #265 align.result {"source":"mic","isFinal":false,"monotonic":true,"anchor":111,"cursorBefore":111,"cursorAfter":111,"rawMatchedThrough":0,"matchedThrough":0,"relocalized":false,"recognized":"والرابيع · الاخفاء","expectedFromAnchor":"عِنْدَ · الْفَاضِلِ · مِنَ · الْحُرُوفِ · وَاجِبٌ · لِلْفَاضِلِ · فِي · خَمْسَةٍ · مِنْ · بَعْدِ · عَشْرٍ · رَمْزُهَا","nextExpected":"عِنْدَ","alignMistakes":0}
[MutoonRecite] #266 align.result {"source":"mic","isFinal":false,"monotonic":true,"anchor":111,"cursorBefore":111,"cursorAfter":112,"rawMatchedThrough":1,"matchedThrough":1,"relocalized":false,"recognized":"والرابيع · الاخفاء · عند","expectedFromAnchor":"عِنْدَ · الْفَاضِلِ · مِنَ · الْحُرُوفِ · وَاجِبٌ · لِلْفَاضِلِ · فِي · خَمْسَةٍ · مِنْ · بَعْدِ · عَشْرٍ · رَمْزُهَا","nextExpected":"الْفَاضِلِ","alignMistakes":0}
[MutoonRecite] #267 align.skipAhead {"source":"mic","fromCursor":111,"toCursor":112,"skipped":0}
[MutoonRecite] #268 align.result {"source":"mic","isFinal":false,"monotonic":true,"anchor":112,"cursorBefore":112,"cursorAfter":113,"rawMatchedThrough":1,"matchedThrough":1,"relocalized":false,"recognized":"والرابع · الاخفاء · عند · الفاضل","expectedFromAnchor":"الْفَاضِلِ · مِنَ · الْحُرُوفِ · وَاجِبٌ · لِلْفَاضِلِ · فِي · خَمْسَةٍ · مِنْ · بَعْدِ · عَشْرٍ · رَمْزُهَا · فِي","nextExpected":"مِنَ","alignMistakes":0}
[MutoonRecite] #269 align.skipAhead {"source":"mic","fromCursor":112,"toCursor":113,"skipped":0}
[MutoonRecite] #270 align.result {"source":"mic","isFinal":true,"monotonic":true,"anchor":113,"cursorBefore":113,"cursorAfter":113,"rawMatchedThrough":0,"matchedThrough":0,"relocalized":false,"recognized":"والرابيع · الاخفاء · عند","expectedFromAnchor":"مِنَ · الْحُرُوفِ · وَاجِبٌ · لِلْفَاضِلِ · فِي · خَمْسَةٍ · مِنْ · بَعْدِ · عَشْرٍ · رَمْزُهَا · فِي · كَلِمِ","nextExpected":"مِنَ","alignMistakes":0}
[MutoonRecite] #271 listen.segmentFinal {"wordCursor":113}
[MutoonRecite] #272 asr.rebiasRequest {"cursor":117,"count":32}
[MutoonRecite] #273 asr.rebias {"provider":"cloud:deepgram","contextualCount":32,"biasCount":60}
[MutoonRecite] #274 align.result {"source":"mic","isFinal":false,"monotonic":true,"anchor":113,"cursorBefore":113,"cursorAfter":117,"rawMatchedThrough":4,"matchedThrough":4,"relocalized":false,"recognized":"الفاضل · ميم · الحور","expectedFromAnchor":"مِنَ · الْحُرُوفِ · وَاجِبٌ · لِلْفَاضِلِ · فِي · خَمْسَةٍ · مِنْ · بَعْدِ · عَشْرٍ · رَمْزُهَا · فِي · كَلِمِ","nextExpected":"فِي","alignMistakes":3}
[MutoonRecite] #275 cursor.skipAheadMissesIgnored {"source":"mic","isFinal":false,"count":3,"fromCursor":113,"toCursor":117,"expected":"مِنَ · الْحُرُوفِ · وَاجِبٌ"}
[MutoonRecite] #276 align.skipAhead {"source":"mic","fromCursor":113,"toCursor":117,"skipped":0}
[MutoonRecite] #277 asr.cloudOpen {"vendor":"deepgram-nova-3","model":"nova-3","language":"ar","biasCount":60}
[MutoonRecite] #278 align.result {"source":"mic","isFinal":false,"monotonic":true,"anchor":117,"cursorBefore":117,"cursorAfter":118,"rawMatchedThrough":1,"matchedThrough":1,"relocalized":false,"recognized":"الفاضل · ميم · الحور · في · واجب","expectedFromAnchor":"فِي · خَمْسَةٍ · مِنْ · بَعْدِ · عَشْرٍ · رَمْزُهَا · فِي · كَلِمِ · هَذَا · الْبَيْتِ · قَدْ · ضَمَّنْتُهَا","nextExpected":"خَمْسَةٍ","alignMistakes":0}
[MutoonRecite] #279 align.skipAhead {"source":"mic","fromCursor":117,"toCursor":118,"skipped":0}
[MutoonRecite] #280 align.result {"source":"mic","isFinal":false,"monotonic":true,"anchor":118,"cursorBefore":118,"cursorAfter":118,"rawMatchedThrough":0,"matchedThrough":0,"relocalized":false,"recognized":"لي","expectedFromAnchor":"خَمْسَةٍ · مِنْ · بَعْدِ · عَشْرٍ · رَمْزُهَا · فِي · كَلِمِ · هَذَا · الْبَيْتِ · قَدْ · ضَمَّنْتُهَا · صِفْ","nextExpected":"خَمْسَةٍ","alignMistakes":0}
[MutoonRecite] #281 align.result {"source":"mic","isFinal":false,"monotonic":true,"anchor":118,"cursorBefore":118,"cursorAfter":119,"rawMatchedThrough":1,"matchedThrough":1,"relocalized":false,"recognized":"لي · في · خمسه","expectedFromAnchor":"خَمْسَةٍ · مِنْ · بَعْدِ · عَشْرٍ · رَمْزُهَا · فِي · كَلِمِ · هَذَا · الْبَيْتِ · قَدْ · ضَمَّنْتُهَا · صِفْ","nextExpected":"مِنْ","alignMistakes":0}
[MutoonRecite] #282 align.skipAhead {"source":"mic","fromCursor":118,"toCursor":119,"skipped":0}
[MutoonRecite] #283 align.result {"source":"mic","isFinal":false,"monotonic":true,"anchor":119,"cursorBefore":119,"cursorAfter":121,"rawMatchedThrough":2,"matchedThrough":2,"relocalized":false,"recognized":"وراضي · لي · في · خمسه · من · بعد","expectedFromAnchor":"مِنْ · بَعْدِ · عَشْرٍ · رَمْزُهَا · فِي · كَلِمِ · هَذَا · الْبَيْتِ · قَدْ · ضَمَّنْتُهَا · صِفْ · ذَا","nextExpected":"عَشْرٍ","alignMistakes":0}
[MutoonRecite] #284 align.skipAhead {"source":"mic","fromCursor":119,"toCursor":121,"skipped":0}
[MutoonRecite] #285 align.result {"source":"mic","isFinal":false,"monotonic":true,"anchor":121,"cursorBefore":121,"cursorAfter":124,"rawMatchedThrough":3,"matchedThrough":3,"relocalized":false,"recognized":"في · خمسه · من · بعد · الربيل","expectedFromAnchor":"عَشْرٍ · رَمْزُهَا · فِي · كَلِمِ · هَذَا · الْبَيْتِ · قَدْ · ضَمَّنْتُهَا · صِفْ · ذَا · ثَنَا · كَمْ","nextExpected":"كَلِمِ","alignMistakes":2}
[MutoonRecite] #286 cursor.skipAheadMissesIgnored {"source":"mic","isFinal":false,"count":2,"fromCursor":121,"toCursor":124,"expected":"عَشْرٍ · رَمْزُهَا"}
[MutoonRecite] #287 align.skipAhead {"source":"mic","fromCursor":121,"toCursor":124,"skipped":0}
[MutoonRecite] #288 align.result {"source":"mic","isFinal":true,"monotonic":true,"anchor":124,"cursorBefore":124,"cursorAfter":124,"rawMatchedThrough":0,"matchedThrough":0,"relocalized":false,"recognized":"ورضي · لي · في · خمسه · من","expectedFromAnchor":"كَلِمِ · هَذَا · الْبَيْتِ · قَدْ · ضَمَّنْتُهَا · صِفْ · ذَا · ثَنَا · كَمْ · جَادَ · شَخْصٌ · قَدْ","nextExpected":"كَلِمِ","alignMistakes":0}
[MutoonRecite] #289 listen.segmentFinal {"wordCursor":124}
[MutoonRecite] #290 align.result {"source":"mic","isFinal":false,"monotonic":true,"anchor":124,"cursorBefore":124,"cursorAfter":124,"rawMatchedThrough":0,"matchedThrough":0,"relocalized":false,"recognized":"عشر · رمزها · في","expectedFromAnchor":"كَلِمِ · هَذَا · الْبَيْتِ · قَدْ · ضَمَّنْتُهَا · صِفْ · ذَا · ثَنَا · كَمْ · جَادَ · شَخْصٌ · قَدْ","nextExpected":"كَلِمِ","alignMistakes":0}
[MutoonRecite] #291 align.result {"source":"mic","isFinal":false,"monotonic":true,"anchor":124,"cursorBefore":124,"cursorAfter":126,"rawMatchedThrough":2,"matchedThrough":2,"relocalized":false,"recognized":"عشر · رمزها · في · كلم · هذا","expectedFromAnchor":"كَلِمِ · هَذَا · الْبَيْتِ · قَدْ · ضَمَّنْتُهَا · صِفْ · ذَا · ثَنَا · كَمْ · جَادَ · شَخْصٌ · قَدْ","nextExpected":"الْبَيْتِ","alignMistakes":0}
[MutoonRecite] #292 align.skipAhead {"source":"mic","fromCursor":124,"toCursor":126,"skipped":0}
[MutoonRecite] #293 align.result {"source":"mic","isFinal":false,"monotonic":true,"anchor":126,"cursorBefore":126,"cursorAfter":127,"rawMatchedThrough":1,"matchedThrough":1,"relocalized":false,"recognized":"عشر · رمزها · في · كلم · هذا · البيت · ،","expectedFromAnchor":"الْبَيْتِ · قَدْ · ضَمَّنْتُهَا · صِفْ · ذَا · ثَنَا · كَمْ · جَادَ · شَخْصٌ · قَدْ · سَمَّا · دُمْ","nextExpected":"قَدْ","alignMistakes":0}
[MutoonRecite] #294 align.skipAhead {"source":"mic","fromCursor":126,"toCursor":127,"skipped":0}
[MutoonRecite] #295 asr.rebiasRequest {"cursor":131,"count":32}
[MutoonRecite] #296 asr.rebias {"provider":"cloud:deepgram","contextualCount":32,"biasCount":60}
[MutoonRecite] #297 align.result {"source":"mic","isFinal":true,"monotonic":true,"anchor":127,"cursorBefore":127,"cursorAfter":131,"rawMatchedThrough":4,"matchedThrough":4,"relocalized":false,"recognized":"عشر · رمزها · في · كلم · هذا · البيت · ،","expectedFromAnchor":"قَدْ · ضَمَّنْتُهَا · صِفْ · ذَا · ثَنَا · كَمْ · جَادَ · شَخْصٌ · قَدْ · سَمَّا · دُمْ · طَيِّبًا","nextExpected":"ثَنَا","alignMistakes":3}
[MutoonRecite] #298 cursor.skipAheadMissesIgnored {"source":"mic","isFinal":true,"count":3,"fromCursor":127,"toCursor":131,"expected":"قَدْ · ضَمَّنْتُهَا · صِفْ"}
[MutoonRecite] #299 align.skipAhead {"source":"mic","fromCursor":127,"toCursor":131,"skipped":0}
[MutoonRecite] #300 listen.segmentFinal {"wordCursor":131}
[MutoonRecite] #301 asr.cloudOpen {"vendor":"deepgram-nova-3","model":"nova-3","language":"ar","biasCount":60}
[MutoonRecite] #302 align.result {"source":"mic","isFinal":false,"monotonic":true,"anchor":131,"cursorBefore":131,"cursorAfter":131,"rawMatchedThrough":0,"matchedThrough":0,"relocalized":false,"recognized":"ضمنت","expectedFromAnchor":"ثَنَا · كَمْ · جَادَ · شَخْصٌ · قَدْ · سَمَّا · دُمْ · طَيِّبًا · زِدْ · فِي · تُقًى · ضَعْ","nextExpected":"ثَنَا","alignMistakes":0}
[MutoonRecite] #303 align.result {"source":"mic","isFinal":false,"monotonic":true,"anchor":131,"cursorBefore":131,"cursorAfter":131,"rawMatchedThrough":0,"matchedThrough":0,"relocalized":false,"recognized":"صيفثان","expectedFromAnchor":"ثَنَا · كَمْ · جَادَ · شَخْصٌ · قَدْ · سَمَّا · دُمْ · طَيِّبًا · زِدْ · فِي · تُقًى · ضَعْ","nextExpected":"ثَنَا","alignMistakes":0}
[MutoonRecite] #304 align.result {"source":"mic","isFinal":false,"monotonic":true,"anchor":131,"cursorBefore":131,"cursorAfter":134,"rawMatchedThrough":3,"matchedThrough":3,"relocalized":false,"recognized":"صيفثانا · كم · جاد · ؟","expectedFromAnchor":"ثَنَا · كَمْ · جَادَ · شَخْصٌ · قَدْ · سَمَّا · دُمْ · طَيِّبًا · زِدْ · فِي · تُقًى · ضَعْ","nextExpected":"شَخْصٌ","alignMistakes":1}
[MutoonRecite] #305 WARN mistake {"kind":"missed","globalWordIndex":131,"expected":"ثَنَا","recognized":null,"lineIndex":30,"wordIndex":2,"partial":true}
[MutoonRecite] #306 align.skipAhead {"source":"mic","fromCursor":131,"toCursor":134,"skipped":0}
[MutoonRecite] #307 align.result {"source":"mic","isFinal":false,"monotonic":true,"anchor":134,"cursorBefore":134,"cursorAfter":135,"rawMatchedThrough":1,"matchedThrough":1,"relocalized":false,"recognized":"صف · ذاثانا · كم · جادا · شخص · ؟","expectedFromAnchor":"شَخْصٌ · قَدْ · سَمَّا · دُمْ · طَيِّبًا · زِدْ · فِي · تُقًى · ضَعْ · ظَالِمَا · وَغُنَّ · مِيمًا","nextExpected":"قَدْ","alignMistakes":0}
[MutoonRecite] #308 align.skipAhead {"source":"mic","fromCursor":134,"toCursor":135,"skipped":0}
[MutoonRecite] #309 align.result {"source":"mic","isFinal":false,"monotonic":true,"anchor":135,"cursorBefore":135,"cursorAfter":137,"rawMatchedThrough":2,"matchedThrough":2,"relocalized":false,"recognized":"صف · صفذاثانا · كم · جادا · شخص · قد · سما · ضنا","expectedFromAnchor":"قَدْ · سَمَّا · دُمْ · طَيِّبًا · زِدْ · فِي · تُقًى · ضَعْ · ظَالِمَا · وَغُنَّ · مِيمًا · ثُمَّ","nextExpected":"دُمْ","alignMistakes":0}
[MutoonRecite] #310 align.skipAhead {"source":"mic","fromCursor":135,"toCursor":137,"skipped":0}
[MutoonRecite] #311 align.result {"source":"mic","isFinal":true,"monotonic":true,"anchor":137,"cursorBefore":137,"cursorAfter":137,"rawMatchedThrough":0,"matchedThrough":0,"relocalized":false,"recognized":"صف · صفذاثانا · كم · جادا · شخص · قد · س","expectedFromAnchor":"دُمْ · طَيِّبًا · زِدْ · فِي · تُقًى · ضَعْ · ظَالِمَا · وَغُنَّ · مِيمًا · ثُمَّ · نُونًا · شُدِّدَا","nextExpected":"دُمْ","alignMistakes":0}
[MutoonRecite] #312 listen.segmentFinal {"wordCursor":137}
[MutoonRecite] #313 align.result {"source":"mic","isFinal":false,"monotonic":true,"anchor":137,"cursorBefore":137,"cursorAfter":139,"rawMatchedThrough":2,"matchedThrough":2,"relocalized":false,"recognized":"سما · ضم · طيبا · ؟","expectedFromAnchor":"دُمْ · طَيِّبًا · زِدْ · فِي · تُقًى · ضَعْ · ظَالِمَا · وَغُنَّ · مِيمًا · ثُمَّ · نُونًا · شُدِّدَا","nextExpected":"زِدْ","alignMistakes":1}
[MutoonRecite] #314 WARN mistake {"kind":"missed","globalWordIndex":137,"expected":"دُمْ","recognized":null,"lineIndex":31,"wordIndex":0,"partial":true}
[MutoonRecite] #315 align.skipAhead {"source":"mic","fromCursor":137,"toCursor":139,"skipped":0}
[MutoonRecite] #316 align.result {"source":"mic","isFinal":false,"monotonic":true,"anchor":139,"cursorBefore":139,"cursorAfter":141,"rawMatchedThrough":2,"matchedThrough":2,"relocalized":false,"recognized":"سما · ضم · طيبا · زد · في · ت","expectedFromAnchor":"زِدْ · فِي · تُقًى · ضَعْ · ظَالِمَا · وَغُنَّ · مِيمًا · ثُمَّ · نُونًا · شُدِّدَا · وَسَمِّ · كُلًّا","nextExpected":"تُقًى","alignMistakes":0}
[MutoonRecite] #317 align.skipAhead {"source":"mic","fromCursor":139,"toCursor":141,"skipped":0}
[MutoonRecite] #318 asr.rebiasRequest {"cursor":143,"count":32}
[MutoonRecite] #319 asr.rebias {"provider":"cloud:deepgram","contextualCount":32,"biasCount":60}
[MutoonRecite] #320 align.result {"source":"mic","isFinal":false,"monotonic":true,"anchor":141,"cursorBefore":141,"cursorAfter":143,"rawMatchedThrough":2,"matchedThrough":2,"relocalized":false,"recognized":"سما · ضم · طيبا · زد · في · طوقا · ضعظا","expectedFromAnchor":"تُقًى · ضَعْ · ظَالِمَا · وَغُنَّ · مِيمًا · ثُمَّ · نُونًا · شُدِّدَا · وَسَمِّ · كُلًّا · حَرْفَ · غُنَّةٍ","nextExpected":"ظَالِمَا","alignMistakes":1}
[MutoonRecite] #321 WARN mistake {"kind":"missed","globalWordIndex":141,"expected":"تُقًى","recognized":null,"lineIndex":31,"wordIndex":4,"partial":true}
[MutoonRecite] #322 align.skipAhead {"source":"mic","fromCursor":141,"toCursor":143,"skipped":0}
[MutoonRecite] #323 asr.cloudOpen {"vendor":"deepgram-nova-3","model":"nova-3","language":"ar","biasCount":60}
[MutoonRecite] #324 listen.stop {"wordCursor":143,"totalWords":558,"mistakes":15}
